Archive member included to satisfy reference by file (symbol)

c:/program files (x86)/atmel/studio/7.0/toolchain/arm/arm-gnu-toolchain/bin/../lib/gcc/arm-none-eabi/6.3.1/../../../../arm-none-eabi/lib/thumb/v7e-m\libc.a(lib_a-exit.o)
                              c:/program files (x86)/atmel/studio/7.0/toolchain/arm/arm-gnu-toolchain/bin/../lib/gcc/arm-none-eabi/6.3.1/../../../../arm-none-eabi/lib/thumb/v7e-m/crt0.o (exit)
c:/program files (x86)/atmel/studio/7.0/toolchain/arm/arm-gnu-toolchain/bin/../lib/gcc/arm-none-eabi/6.3.1/../../../../arm-none-eabi/lib/thumb/v7e-m\libc.a(lib_a-impure.o)
                              c:/program files (x86)/atmel/studio/7.0/toolchain/arm/arm-gnu-toolchain/bin/../lib/gcc/arm-none-eabi/6.3.1/../../../../arm-none-eabi/lib/thumb/v7e-m\libc.a(lib_a-exit.o) (_global_impure_ptr)
c:/program files (x86)/atmel/studio/7.0/toolchain/arm/arm-gnu-toolchain/bin/../lib/gcc/arm-none-eabi/6.3.1/../../../../arm-none-eabi/lib/thumb/v7e-m\libc.a(lib_a-init.o)
                              c:/program files (x86)/atmel/studio/7.0/toolchain/arm/arm-gnu-toolchain/bin/../lib/gcc/arm-none-eabi/6.3.1/../../../../arm-none-eabi/lib/thumb/v7e-m/crt0.o (__libc_init_array)
c:/program files (x86)/atmel/studio/7.0/toolchain/arm/arm-gnu-toolchain/bin/../lib/gcc/arm-none-eabi/6.3.1/../../../../arm-none-eabi/lib/thumb/v7e-m\libc.a(lib_a-memset.o)
                              c:/program files (x86)/atmel/studio/7.0/toolchain/arm/arm-gnu-toolchain/bin/../lib/gcc/arm-none-eabi/6.3.1/../../../../arm-none-eabi/lib/thumb/v7e-m/crt0.o (memset)
c:/program files (x86)/atmel/studio/7.0/toolchain/arm/arm-gnu-toolchain/bin/../lib/gcc/arm-none-eabi/6.3.1/../../../../arm-none-eabi/lib/thumb/v7e-m\libc.a(lib_a-__call_atexit.o)
                              c:/program files (x86)/atmel/studio/7.0/toolchain/arm/arm-gnu-toolchain/bin/../lib/gcc/arm-none-eabi/6.3.1/../../../../arm-none-eabi/lib/thumb/v7e-m\libc.a(lib_a-exit.o) (__call_exitprocs)
c:/program files (x86)/atmel/studio/7.0/toolchain/arm/arm-gnu-toolchain/bin/../lib/gcc/arm-none-eabi/6.3.1/../../../../arm-none-eabi/lib/thumb/v7e-m\libc.a(lib_a-atexit.o)
                              c:/program files (x86)/atmel/studio/7.0/toolchain/arm/arm-gnu-toolchain/bin/../lib/gcc/arm-none-eabi/6.3.1/../../../../arm-none-eabi/lib/thumb/v7e-m\libc.a(lib_a-__call_atexit.o) (atexit)
c:/program files (x86)/atmel/studio/7.0/toolchain/arm/arm-gnu-toolchain/bin/../lib/gcc/arm-none-eabi/6.3.1/../../../../arm-none-eabi/lib/thumb/v7e-m\libc.a(lib_a-fini.o)
                              c:/program files (x86)/atmel/studio/7.0/toolchain/arm/arm-gnu-toolchain/bin/../lib/gcc/arm-none-eabi/6.3.1/../../../../arm-none-eabi/lib/thumb/v7e-m\libc.a(lib_a-__call_atexit.o) (__libc_fini_array)
c:/program files (x86)/atmel/studio/7.0/toolchain/arm/arm-gnu-toolchain/bin/../lib/gcc/arm-none-eabi/6.3.1/../../../../arm-none-eabi/lib/thumb/v7e-m\libc.a(lib_a-lock.o)
                              c:/program files (x86)/atmel/studio/7.0/toolchain/arm/arm-gnu-toolchain/bin/../lib/gcc/arm-none-eabi/6.3.1/../../../../arm-none-eabi/lib/thumb/v7e-m\libc.a(lib_a-__call_atexit.o) (__retarget_lock_acquire_recursive)
c:/program files (x86)/atmel/studio/7.0/toolchain/arm/arm-gnu-toolchain/bin/../lib/gcc/arm-none-eabi/6.3.1/../../../../arm-none-eabi/lib/thumb/v7e-m\libc.a(lib_a-__atexit.o)
                              c:/program files (x86)/atmel/studio/7.0/toolchain/arm/arm-gnu-toolchain/bin/../lib/gcc/arm-none-eabi/6.3.1/../../../../arm-none-eabi/lib/thumb/v7e-m\libc.a(lib_a-atexit.o) (__register_exitproc)

Allocating common symbols
Common symbol       size              file

__lock___atexit_recursive_mutex
                    0x1               c:/program files (x86)/atmel/studio/7.0/toolchain/arm/arm-gnu-toolchain/bin/../lib/gcc/arm-none-eabi/6.3.1/../../../../arm-none-eabi/lib/thumb/v7e-m\libc.a(lib_a-lock.o)
__lock___arc4random_mutex
                    0x1               c:/program files (x86)/atmel/studio/7.0/toolchain/arm/arm-gnu-toolchain/bin/../lib/gcc/arm-none-eabi/6.3.1/../../../../arm-none-eabi/lib/thumb/v7e-m\libc.a(lib_a-lock.o)
__lock___env_recursive_mutex
                    0x1               c:/program files (x86)/atmel/studio/7.0/toolchain/arm/arm-gnu-toolchain/bin/../lib/gcc/arm-none-eabi/6.3.1/../../../../arm-none-eabi/lib/thumb/v7e-m\libc.a(lib_a-lock.o)
__lock___sinit_recursive_mutex
                    0x1               c:/program files (x86)/atmel/studio/7.0/toolchain/arm/arm-gnu-toolchain/bin/../lib/gcc/arm-none-eabi/6.3.1/../../../../arm-none-eabi/lib/thumb/v7e-m\libc.a(lib_a-lock.o)
__lock___malloc_recursive_mutex
                    0x1               c:/program files (x86)/atmel/studio/7.0/toolchain/arm/arm-gnu-toolchain/bin/../lib/gcc/arm-none-eabi/6.3.1/../../../../arm-none-eabi/lib/thumb/v7e-m\libc.a(lib_a-lock.o)
__lock___at_quick_exit_mutex
                    0x1               c:/program files (x86)/atmel/studio/7.0/toolchain/arm/arm-gnu-toolchain/bin/../lib/gcc/arm-none-eabi/6.3.1/../../../../arm-none-eabi/lib/thumb/v7e-m\libc.a(lib_a-lock.o)
__lock___dd_hash_mutex
                    0x1               c:/program files (x86)/atmel/studio/7.0/toolchain/arm/arm-gnu-toolchain/bin/../lib/gcc/arm-none-eabi/6.3.1/../../../../arm-none-eabi/lib/thumb/v7e-m\libc.a(lib_a-lock.o)
__lock___tz_mutex   0x1               c:/program files (x86)/atmel/studio/7.0/toolchain/arm/arm-gnu-toolchain/bin/../lib/gcc/arm-none-eabi/6.3.1/../../../../arm-none-eabi/lib/thumb/v7e-m\libc.a(lib_a-lock.o)
__lock___sfp_recursive_mutex
                    0x1               c:/program files (x86)/atmel/studio/7.0/toolchain/arm/arm-gnu-toolchain/bin/../lib/gcc/arm-none-eabi/6.3.1/../../../../arm-none-eabi/lib/thumb/v7e-m\libc.a(lib_a-lock.o)

Discarded input sections

 .text          0x00000000        0x0 c:/program files (x86)/atmel/studio/7.0/toolchain/arm/arm-gnu-toolchain/bin/../lib/gcc/arm-none-eabi/6.3.1/thumb/v7e-m/crti.o
 .data          0x00000000        0x0 c:/program files (x86)/atmel/studio/7.0/toolchain/arm/arm-gnu-toolchain/bin/../lib/gcc/arm-none-eabi/6.3.1/thumb/v7e-m/crti.o
 .bss           0x00000000        0x0 c:/program files (x86)/atmel/studio/7.0/toolchain/arm/arm-gnu-toolchain/bin/../lib/gcc/arm-none-eabi/6.3.1/thumb/v7e-m/crti.o
 .data          0x00000000        0x4 c:/program files (x86)/atmel/studio/7.0/toolchain/arm/arm-gnu-toolchain/bin/../lib/gcc/arm-none-eabi/6.3.1/thumb/v7e-m/crtbegin.o
 .text          0x00000000       0x74 c:/program files (x86)/atmel/studio/7.0/toolchain/arm/arm-gnu-toolchain/bin/../lib/gcc/arm-none-eabi/6.3.1/../../../../arm-none-eabi/lib/thumb/v7e-m/crt0.o
 .data          0x00000000        0x0 c:/program files (x86)/atmel/studio/7.0/toolchain/arm/arm-gnu-toolchain/bin/../lib/gcc/arm-none-eabi/6.3.1/../../../../arm-none-eabi/lib/thumb/v7e-m/crt0.o
 .bss           0x00000000        0x0 c:/program files (x86)/atmel/studio/7.0/toolchain/arm/arm-gnu-toolchain/bin/../lib/gcc/arm-none-eabi/6.3.1/../../../../arm-none-eabi/lib/thumb/v7e-m/crt0.o
 .ARM.extab     0x00000000        0x0 c:/program files (x86)/atmel/studio/7.0/toolchain/arm/arm-gnu-toolchain/bin/../lib/gcc/arm-none-eabi/6.3.1/../../../../arm-none-eabi/lib/thumb/v7e-m/crt0.o
 .ARM.exidx     0x00000000        0x8 c:/program files (x86)/atmel/studio/7.0/toolchain/arm/arm-gnu-toolchain/bin/../lib/gcc/arm-none-eabi/6.3.1/../../../../arm-none-eabi/lib/thumb/v7e-m/crt0.o
 .ARM.attributes
                0x00000000       0x1c c:/program files (x86)/atmel/studio/7.0/toolchain/arm/arm-gnu-toolchain/bin/../lib/gcc/arm-none-eabi/6.3.1/../../../../arm-none-eabi/lib/thumb/v7e-m/crt0.o
 .group         0x00000000        0x8 Device_Startup/startup_sam4e.o
 .group         0x00000000        0x8 Device_Startup/startup_sam4e.o
 .group         0x00000000        0x8 Device_Startup/startup_sam4e.o
 .group         0x00000000        0x8 Device_Startup/startup_sam4e.o
 .group         0x00000000        0x8 Device_Startup/startup_sam4e.o
 .group         0x00000000        0x8 Device_Startup/startup_sam4e.o
 .group         0x00000000        0x8 Device_Startup/startup_sam4e.o
 .group         0x00000000        0x8 Device_Startup/startup_sam4e.o
 .group         0x00000000        0x8 Device_Startup/startup_sam4e.o
 .group         0x00000000        0x8 Device_Startup/startup_sam4e.o
 .group         0x00000000        0x8 Device_Startup/startup_sam4e.o
 .group         0x00000000        0x8 Device_Startup/startup_sam4e.o
 .group         0x00000000        0x8 Device_Startup/startup_sam4e.o
 .group         0x00000000        0x8 Device_Startup/startup_sam4e.o
 .group         0x00000000        0x8 Device_Startup/startup_sam4e.o
 .group         0x00000000        0x8 Device_Startup/startup_sam4e.o
 .group         0x00000000        0x8 Device_Startup/startup_sam4e.o
 .group         0x00000000        0x8 Device_Startup/startup_sam4e.o
 .group         0x00000000        0x8 Device_Startup/startup_sam4e.o
 .group         0x00000000        0x8 Device_Startup/startup_sam4e.o
 .group         0x00000000        0x8 Device_Startup/startup_sam4e.o
 .group         0x00000000        0x8 Device_Startup/startup_sam4e.o
 .group         0x00000000        0x8 Device_Startup/startup_sam4e.o
 .group         0x00000000        0x8 Device_Startup/startup_sam4e.o
 .group         0x00000000        0x8 Device_Startup/startup_sam4e.o
 .group         0x00000000        0x8 Device_Startup/startup_sam4e.o
 .group         0x00000000        0x8 Device_Startup/startup_sam4e.o
 .group         0x00000000        0x8 Device_Startup/startup_sam4e.o
 .group         0x00000000        0x8 Device_Startup/startup_sam4e.o
 .group         0x00000000        0x8 Device_Startup/startup_sam4e.o
 .group         0x00000000        0x8 Device_Startup/startup_sam4e.o
 .group         0x00000000        0x8 Device_Startup/startup_sam4e.o
 .group         0x00000000        0x8 Device_Startup/startup_sam4e.o
 .group         0x00000000        0x8 Device_Startup/startup_sam4e.o
 .group         0x00000000        0x8 Device_Startup/startup_sam4e.o
 .group         0x00000000        0x8 Device_Startup/startup_sam4e.o
 .group         0x00000000        0x8 Device_Startup/startup_sam4e.o
 .group         0x00000000        0x8 Device_Startup/startup_sam4e.o
 .group         0x00000000        0x8 Device_Startup/startup_sam4e.o
 .group         0x00000000        0x8 Device_Startup/startup_sam4e.o
 .group         0x00000000        0x8 Device_Startup/startup_sam4e.o
 .group         0x00000000        0x8 Device_Startup/startup_sam4e.o
 .group         0x00000000        0x8 Device_Startup/startup_sam4e.o
 .group         0x00000000        0x8 Device_Startup/startup_sam4e.o
 .group         0x00000000        0x8 Device_Startup/startup_sam4e.o
 .group         0x00000000        0x8 Device_Startup/startup_sam4e.o
 .group         0x00000000        0x8 Device_Startup/startup_sam4e.o
 .group         0x00000000        0x8 Device_Startup/startup_sam4e.o
 .group         0x00000000        0x8 Device_Startup/startup_sam4e.o
 .group         0x00000000        0x8 Device_Startup/startup_sam4e.o
 .group         0x00000000        0x8 Device_Startup/startup_sam4e.o
 .group         0x00000000        0x8 Device_Startup/startup_sam4e.o
 .group         0x00000000        0x8 Device_Startup/startup_sam4e.o
 .group         0x00000000        0x8 Device_Startup/startup_sam4e.o
 .group         0x00000000        0x8 Device_Startup/startup_sam4e.o
 .group         0x00000000        0x8 Device_Startup/startup_sam4e.o
 .group         0x00000000        0x8 Device_Startup/startup_sam4e.o
 .group         0x00000000        0x8 Device_Startup/startup_sam4e.o
 .group         0x00000000        0x8 Device_Startup/startup_sam4e.o
 .group         0x00000000        0x8 Device_Startup/startup_sam4e.o
 .group         0x00000000        0x8 Device_Startup/startup_sam4e.o
 .group         0x00000000        0x8 Device_Startup/startup_sam4e.o
 .group         0x00000000        0x8 Device_Startup/startup_sam4e.o
 .group         0x00000000        0x8 Device_Startup/startup_sam4e.o
 .group         0x00000000        0x8 Device_Startup/startup_sam4e.o
 .group         0x00000000        0x8 Device_Startup/startup_sam4e.o
 .group         0x00000000        0x8 Device_Startup/startup_sam4e.o
 .group         0x00000000        0x8 Device_Startup/startup_sam4e.o
 .group         0x00000000        0x8 Device_Startup/startup_sam4e.o
 .group         0x00000000        0x8 Device_Startup/startup_sam4e.o
 .group         0x00000000        0x8 Device_Startup/startup_sam4e.o
 .group         0x00000000        0x8 Device_Startup/startup_sam4e.o
 .group         0x00000000        0x8 Device_Startup/startup_sam4e.o
 .group         0x00000000        0x8 Device_Startup/startup_sam4e.o
 .group         0x00000000        0x8 Device_Startup/startup_sam4e.o
 .group         0x00000000        0x8 Device_Startup/startup_sam4e.o
 .group         0x00000000        0x8 Device_Startup/startup_sam4e.o
 .group         0x00000000        0x8 Device_Startup/startup_sam4e.o
 .group         0x00000000        0x8 Device_Startup/startup_sam4e.o
 .group         0x00000000        0x8 Device_Startup/startup_sam4e.o
 .group         0x00000000        0x8 Device_Startup/startup_sam4e.o
 .group         0x00000000        0x8 Device_Startup/startup_sam4e.o
 .group         0x00000000        0x8 Device_Startup/startup_sam4e.o
 .group         0x00000000        0x8 Device_Startup/startup_sam4e.o
 .group         0x00000000        0x8 Device_Startup/startup_sam4e.o
 .text          0x00000000        0x0 Device_Startup/startup_sam4e.o
 .data          0x00000000        0x0 Device_Startup/startup_sam4e.o
 .bss           0x00000000        0x0 Device_Startup/startup_sam4e.o
 .group         0x00000000        0x8 Device_Startup/system_sam4e.o
 .group         0x00000000        0x8 Device_Startup/system_sam4e.o
 .group         0x00000000        0x8 Device_Startup/system_sam4e.o
 .group         0x00000000        0x8 Device_Startup/system_sam4e.o
 .group         0x00000000        0x8 Device_Startup/system_sam4e.o
 .group         0x00000000        0x8 Device_Startup/system_sam4e.o
 .group         0x00000000        0x8 Device_Startup/system_sam4e.o
 .group         0x00000000        0x8 Device_Startup/system_sam4e.o
 .group         0x00000000        0x8 Device_Startup/system_sam4e.o
 .group         0x00000000        0x8 Device_Startup/system_sam4e.o
 .group         0x00000000        0x8 Device_Startup/system_sam4e.o
 .group         0x00000000        0x8 Device_Startup/system_sam4e.o
 .group         0x00000000        0x8 Device_Startup/system_sam4e.o
 .group         0x00000000        0x8 Device_Startup/system_sam4e.o
 .group         0x00000000        0x8 Device_Startup/system_sam4e.o
 .group         0x00000000        0x8 Device_Startup/system_sam4e.o
 .group         0x00000000        0x8 Device_Startup/system_sam4e.o
 .group         0x00000000        0x8 Device_Startup/system_sam4e.o
 .group         0x00000000        0x8 Device_Startup/system_sam4e.o
 .group         0x00000000        0x8 Device_Startup/system_sam4e.o
 .group         0x00000000        0x8 Device_Startup/system_sam4e.o
 .group         0x00000000        0x8 Device_Startup/system_sam4e.o
 .group         0x00000000        0x8 Device_Startup/system_sam4e.o
 .group         0x00000000        0x8 Device_Startup/system_sam4e.o
 .group         0x00000000        0x8 Device_Startup/system_sam4e.o
 .group         0x00000000        0x8 Device_Startup/system_sam4e.o
 .group         0x00000000        0x8 Device_Startup/system_sam4e.o
 .group         0x00000000        0x8 Device_Startup/system_sam4e.o
 .group         0x00000000        0x8 Device_Startup/system_sam4e.o
 .group         0x00000000        0x8 Device_Startup/system_sam4e.o
 .group         0x00000000        0x8 Device_Startup/system_sam4e.o
 .group         0x00000000        0x8 Device_Startup/system_sam4e.o
 .group         0x00000000        0x8 Device_Startup/system_sam4e.o
 .group         0x00000000        0x8 Device_Startup/system_sam4e.o
 .group         0x00000000        0x8 Device_Startup/system_sam4e.o
 .group         0x00000000        0x8 Device_Startup/system_sam4e.o
 .group         0x00000000        0x8 Device_Startup/system_sam4e.o
 .group         0x00000000        0x8 Device_Startup/system_sam4e.o
 .group         0x00000000        0x8 Device_Startup/system_sam4e.o
 .group         0x00000000        0x8 Device_Startup/system_sam4e.o
 .group         0x00000000        0x8 Device_Startup/system_sam4e.o
 .group         0x00000000        0x8 Device_Startup/system_sam4e.o
 .group         0x00000000        0x8 Device_Startup/system_sam4e.o
 .group         0x00000000        0x8 Device_Startup/system_sam4e.o
 .group         0x00000000        0x8 Device_Startup/system_sam4e.o
 .group         0x00000000        0x8 Device_Startup/system_sam4e.o
 .group         0x00000000        0x8 Device_Startup/system_sam4e.o
 .group         0x00000000        0x8 Device_Startup/system_sam4e.o
 .group         0x00000000        0x8 Device_Startup/system_sam4e.o
 .group         0x00000000        0x8 Device_Startup/system_sam4e.o
 .group         0x00000000        0x8 Device_Startup/system_sam4e.o
 .group         0x00000000        0x8 Device_Startup/system_sam4e.o
 .group         0x00000000        0x8 Device_Startup/system_sam4e.o
 .group         0x00000000        0x8 Device_Startup/system_sam4e.o
 .group         0x00000000        0x8 Device_Startup/system_sam4e.o
 .group         0x00000000        0x8 Device_Startup/system_sam4e.o
 .group         0x00000000        0x8 Device_Startup/system_sam4e.o
 .group         0x00000000        0x8 Device_Startup/system_sam4e.o
 .group         0x00000000        0x8 Device_Startup/system_sam4e.o
 .group         0x00000000        0x8 Device_Startup/system_sam4e.o
 .group         0x00000000        0x8 Device_Startup/system_sam4e.o
 .group         0x00000000        0x8 Device_Startup/system_sam4e.o
 .group         0x00000000        0x8 Device_Startup/system_sam4e.o
 .group         0x00000000        0x8 Device_Startup/system_sam4e.o
 .group         0x00000000        0x8 Device_Startup/system_sam4e.o
 .group         0x00000000        0x8 Device_Startup/system_sam4e.o
 .group         0x00000000        0x8 Device_Startup/system_sam4e.o
 .group         0x00000000        0x8 Device_Startup/system_sam4e.o
 .group         0x00000000        0x8 Device_Startup/system_sam4e.o
 .group         0x00000000        0x8 Device_Startup/system_sam4e.o
 .group         0x00000000        0x8 Device_Startup/system_sam4e.o
 .group         0x00000000        0x8 Device_Startup/system_sam4e.o
 .group         0x00000000        0x8 Device_Startup/system_sam4e.o
 .group         0x00000000        0x8 Device_Startup/system_sam4e.o
 .group         0x00000000        0x8 Device_Startup/system_sam4e.o
 .group         0x00000000        0x8 Device_Startup/system_sam4e.o
 .group         0x00000000        0x8 Device_Startup/system_sam4e.o
 .group         0x00000000        0x8 Device_Startup/system_sam4e.o
 .group         0x00000000        0x8 Device_Startup/system_sam4e.o
 .group         0x00000000        0x8 Device_Startup/system_sam4e.o
 .group         0x00000000        0x8 Device_Startup/system_sam4e.o
 .group         0x00000000        0x8 Device_Startup/system_sam4e.o
 .group         0x00000000        0x8 Device_Startup/system_sam4e.o
 .group         0x00000000        0x8 Device_Startup/system_sam4e.o
 .group         0x00000000        0x8 Device_Startup/system_sam4e.o
 .text          0x00000000        0x0 Device_Startup/system_sam4e.o
 .bss           0x00000000        0x0 Device_Startup/system_sam4e.o
 .text.SystemCoreClockUpdate
                0x00000000      0x110 Device_Startup/system_sam4e.o
 .text.system_init_flash
                0x00000000       0x70 Device_Startup/system_sam4e.o
 .debug_macro   0x00000000      0x8b0 Device_Startup/system_sam4e.o
 .debug_macro   0x00000000       0x22 Device_Startup/system_sam4e.o
 .debug_macro   0x00000000       0x87 Device_Startup/system_sam4e.o
 .debug_macro   0x00000000       0x51 Device_Startup/system_sam4e.o
 .debug_macro   0x00000000       0xef Device_Startup/system_sam4e.o
 .debug_macro   0x00000000       0x6a Device_Startup/system_sam4e.o
 .debug_macro   0x00000000      0x1df Device_Startup/system_sam4e.o
 .debug_macro   0x00000000       0x27 Device_Startup/system_sam4e.o
 .debug_macro   0x00000000       0x1c Device_Startup/system_sam4e.o
 .debug_macro   0x00000000       0x22 Device_Startup/system_sam4e.o
 .debug_macro   0x00000000       0xdf Device_Startup/system_sam4e.o
 .debug_macro   0x00000000      0xf07 Device_Startup/system_sam4e.o
 .debug_macro   0x00000000      0x154 Device_Startup/system_sam4e.o
 .debug_macro   0x00000000      0x1f7 Device_Startup/system_sam4e.o
 .debug_macro   0x00000000      0xdb5 Device_Startup/system_sam4e.o
 .debug_macro   0x00000000      0x531 Device_Startup/system_sam4e.o
 .debug_macro   0x00000000      0x2bb Device_Startup/system_sam4e.o
 .debug_macro   0x00000000      0x11e Device_Startup/system_sam4e.o
 .debug_macro   0x00000000       0xac Device_Startup/system_sam4e.o
 .debug_macro   0x00000000      0x320 Device_Startup/system_sam4e.o
 .debug_macro   0x00000000      0x53c Device_Startup/system_sam4e.o
 .debug_macro   0x00000000      0x106 Device_Startup/system_sam4e.o
 .debug_macro   0x00000000      0xa97 Device_Startup/system_sam4e.o
 .debug_macro   0x00000000       0x1c Device_Startup/system_sam4e.o
 .debug_macro   0x00000000      0x755 Device_Startup/system_sam4e.o
 .debug_macro   0x00000000      0x23c Device_Startup/system_sam4e.o
 .debug_macro   0x00000000       0xbe Device_Startup/system_sam4e.o
 .debug_macro   0x00000000     0x28ac Device_Startup/system_sam4e.o
 .debug_macro   0x00000000      0x7af Device_Startup/system_sam4e.o
 .debug_macro   0x00000000      0xb74 Device_Startup/system_sam4e.o
 .debug_macro   0x00000000       0x7c Device_Startup/system_sam4e.o
 .debug_macro   0x00000000      0x3cb Device_Startup/system_sam4e.o
 .debug_macro   0x00000000       0x64 Device_Startup/system_sam4e.o
 .debug_macro   0x00000000      0x1a2 Device_Startup/system_sam4e.o
 .debug_macro   0x00000000      0x378 Device_Startup/system_sam4e.o
 .debug_macro   0x00000000      0x6f8 Device_Startup/system_sam4e.o
 .debug_macro   0x00000000      0x6da Device_Startup/system_sam4e.o
 .debug_macro   0x00000000      0x373 Device_Startup/system_sam4e.o
 .debug_macro   0x00000000      0x27e Device_Startup/system_sam4e.o
 .debug_macro   0x00000000      0x2c8 Device_Startup/system_sam4e.o
 .debug_macro   0x00000000      0x6ad Device_Startup/system_sam4e.o
 .debug_macro   0x00000000       0x76 Device_Startup/system_sam4e.o
 .debug_macro   0x00000000      0x336 Device_Startup/system_sam4e.o
 .debug_macro   0x00000000       0x46 Device_Startup/system_sam4e.o
 .debug_macro   0x00000000      0x216 Device_Startup/system_sam4e.o
 .debug_macro   0x00000000      0x216 Device_Startup/system_sam4e.o
 .debug_macro   0x00000000      0x286 Device_Startup/system_sam4e.o
 .debug_macro   0x00000000       0x64 Device_Startup/system_sam4e.o
 .debug_macro   0x00000000       0x88 Device_Startup/system_sam4e.o
 .debug_macro   0x00000000       0x7c Device_Startup/system_sam4e.o
 .debug_macro   0x00000000       0xb8 Device_Startup/system_sam4e.o
 .debug_macro   0x00000000       0x52 Device_Startup/system_sam4e.o
 .debug_macro   0x00000000       0x88 Device_Startup/system_sam4e.o
 .debug_macro   0x00000000      0x1b6 Device_Startup/system_sam4e.o
 .debug_macro   0x00000000      0x1b6 Device_Startup/system_sam4e.o
 .debug_macro   0x00000000      0x126 Device_Startup/system_sam4e.o
 .debug_macro   0x00000000       0xac Device_Startup/system_sam4e.o
 .debug_macro   0x00000000       0xac Device_Startup/system_sam4e.o
 .debug_macro   0x00000000       0x94 Device_Startup/system_sam4e.o
 .debug_macro   0x00000000       0x94 Device_Startup/system_sam4e.o
 .debug_macro   0x00000000       0xca Device_Startup/system_sam4e.o
 .debug_macro   0x00000000       0xca Device_Startup/system_sam4e.o
 .debug_macro   0x00000000       0x7c Device_Startup/system_sam4e.o
 .debug_macro   0x00000000       0x40 Device_Startup/system_sam4e.o
 .debug_macro   0x00000000       0xee Device_Startup/system_sam4e.o
 .debug_macro   0x00000000       0x46 Device_Startup/system_sam4e.o
 .debug_macro   0x00000000       0xee Device_Startup/system_sam4e.o
 .debug_macro   0x00000000       0xa0 Device_Startup/system_sam4e.o
 .debug_macro   0x00000000       0x7c Device_Startup/system_sam4e.o
 .debug_macro   0x00000000       0x16 Device_Startup/system_sam4e.o
 .debug_macro   0x00000000       0x22 Device_Startup/system_sam4e.o
 .debug_macro   0x00000000      0x18e Device_Startup/system_sam4e.o
 .debug_macro   0x00000000      0x15e Device_Startup/system_sam4e.o
 .debug_macro   0x00000000      0x15e Device_Startup/system_sam4e.o
 .debug_macro   0x00000000      0x15e Device_Startup/system_sam4e.o
 .debug_macro   0x00000000      0x15e Device_Startup/system_sam4e.o
 .debug_macro   0x00000000       0x1c Device_Startup/system_sam4e.o
 .debug_macro   0x00000000       0x2e Device_Startup/system_sam4e.o
 .debug_macro   0x00000000       0x22 Device_Startup/system_sam4e.o
 .debug_macro   0x00000000       0x1c Device_Startup/system_sam4e.o
 .debug_macro   0x00000000       0x52 Device_Startup/system_sam4e.o
 .debug_macro   0x00000000       0x10 Device_Startup/system_sam4e.o
 .debug_macro   0x00000000      0x2b2 Device_Startup/system_sam4e.o
 .debug_macro   0x00000000      0xc7e Device_Startup/system_sam4e.o
 .debug_macro   0x00000000       0xe4 Device_Startup/system_sam4e.o
 .group         0x00000000        0x8 main.o
 .group         0x00000000        0x8 main.o
 .group         0x00000000        0x8 main.o
 .group         0x00000000        0x8 main.o
 .group         0x00000000        0x8 main.o
 .group         0x00000000        0x8 main.o
 .group         0x00000000        0x8 main.o
 .group         0x00000000        0x8 main.o
 .group         0x00000000        0x8 main.o
 .group         0x00000000        0x8 main.o
 .group         0x00000000        0x8 main.o
 .group         0x00000000        0x8 main.o
 .group         0x00000000        0x8 main.o
 .group         0x00000000        0x8 main.o
 .group         0x00000000        0x8 main.o
 .group         0x00000000        0x8 main.o
 .group         0x00000000        0x8 main.o
 .group         0x00000000        0x8 main.o
 .group         0x00000000        0x8 main.o
 .group         0x00000000        0x8 main.o
 .group         0x00000000        0x8 main.o
 .group         0x00000000        0x8 main.o
 .group         0x00000000        0x8 main.o
 .group         0x00000000        0x8 main.o
 .group         0x00000000        0x8 main.o
 .group         0x00000000        0x8 main.o
 .group         0x00000000        0x8 main.o
 .group         0x00000000        0x8 main.o
 .group         0x00000000        0x8 main.o
 .group         0x00000000        0x8 main.o
 .group         0x00000000        0x8 main.o
 .group         0x00000000        0x8 main.o
 .group         0x00000000        0x8 main.o
 .group         0x00000000        0x8 main.o
 .group         0x00000000        0x8 main.o
 .group         0x00000000        0x8 main.o
 .group         0x00000000        0x8 main.o
 .group         0x00000000        0x8 main.o
 .group         0x00000000        0x8 main.o
 .group         0x00000000        0x8 main.o
 .group         0x00000000        0x8 main.o
 .group         0x00000000        0x8 main.o
 .group         0x00000000        0x8 main.o
 .group         0x00000000        0x8 main.o
 .group         0x00000000        0x8 main.o
 .group         0x00000000        0x8 main.o
 .group         0x00000000        0x8 main.o
 .group         0x00000000        0x8 main.o
 .group         0x00000000        0x8 main.o
 .group         0x00000000        0x8 main.o
 .group         0x00000000        0x8 main.o
 .group         0x00000000        0x8 main.o
 .group         0x00000000        0x8 main.o
 .group         0x00000000        0x8 main.o
 .group         0x00000000        0x8 main.o
 .group         0x00000000        0x8 main.o
 .group         0x00000000        0x8 main.o
 .group         0x00000000        0x8 main.o
 .group         0x00000000        0x8 main.o
 .group         0x00000000        0x8 main.o
 .group         0x00000000        0x8 main.o
 .group         0x00000000        0x8 main.o
 .group         0x00000000        0x8 main.o
 .group         0x00000000        0x8 main.o
 .group         0x00000000        0x8 main.o
 .group         0x00000000        0x8 main.o
 .group         0x00000000        0x8 main.o
 .group         0x00000000        0x8 main.o
 .group         0x00000000        0x8 main.o
 .group         0x00000000        0x8 main.o
 .group         0x00000000        0x8 main.o
 .group         0x00000000        0x8 main.o
 .group         0x00000000        0x8 main.o
 .group         0x00000000        0x8 main.o
 .group         0x00000000        0x8 main.o
 .group         0x00000000        0x8 main.o
 .group         0x00000000        0x8 main.o
 .group         0x00000000        0x8 main.o
 .group         0x00000000        0x8 main.o
 .group         0x00000000        0x8 main.o
 .group         0x00000000        0x8 main.o
 .group         0x00000000        0x8 main.o
 .group         0x00000000        0x8 main.o
 .group         0x00000000        0x8 main.o
 .group         0x00000000        0x8 main.o
 .group         0x00000000        0x8 main.o
 .group         0x00000000        0x8 main.o
 .group         0x00000000        0x8 main.o
 .group         0x00000000        0x8 main.o
 .group         0x00000000        0x8 main.o
 .group         0x00000000        0x8 main.o
 .group         0x00000000        0x8 main.o
 .group         0x00000000        0x8 main.o
 .group         0x00000000        0x8 main.o
 .group         0x00000000        0x8 main.o
 .group         0x00000000        0x8 main.o
 .group         0x00000000        0x8 main.o
 .group         0x00000000        0x8 main.o
 .group         0x00000000        0x8 main.o
 .group         0x00000000        0x8 main.o
 .group         0x00000000        0x8 main.o
 .group         0x00000000        0x8 main.o
 .group         0x00000000        0x8 main.o
 .group         0x00000000        0x8 main.o
 .group         0x00000000        0x8 main.o
 .group         0x00000000        0x8 main.o
 .group         0x00000000        0x8 main.o
 .group         0x00000000        0x8 main.o
 .text          0x00000000        0x0 main.o
 .data          0x00000000        0x0 main.o
 .bss           0x00000000        0x0 main.o
 .debug_macro   0x00000000      0x8b0 main.o
 .debug_macro   0x00000000       0x22 main.o
 .debug_macro   0x00000000       0x6a main.o
 .debug_macro   0x00000000       0xef main.o
 .debug_macro   0x00000000      0x1df main.o
 .debug_macro   0x00000000       0x27 main.o
 .debug_macro   0x00000000       0x1c main.o
 .debug_macro   0x00000000       0x22 main.o
 .debug_macro   0x00000000      0xf07 main.o
 .debug_macro   0x00000000      0x154 main.o
 .debug_macro   0x00000000      0x1f7 main.o
 .debug_macro   0x00000000      0xdb5 main.o
 .debug_macro   0x00000000      0x531 main.o
 .debug_macro   0x00000000      0x2bb main.o
 .debug_macro   0x00000000      0x11e main.o
 .debug_macro   0x00000000       0xac main.o
 .debug_macro   0x00000000      0x320 main.o
 .debug_macro   0x00000000      0x53c main.o
 .debug_macro   0x00000000      0x106 main.o
 .debug_macro   0x00000000      0xa97 main.o
 .debug_macro   0x00000000       0x1c main.o
 .debug_macro   0x00000000      0x755 main.o
 .debug_macro   0x00000000      0x23c main.o
 .debug_macro   0x00000000       0xbe main.o
 .debug_macro   0x00000000     0x28ac main.o
 .debug_macro   0x00000000      0x7af main.o
 .debug_macro   0x00000000      0xb74 main.o
 .debug_macro   0x00000000       0x7c main.o
 .debug_macro   0x00000000      0x3cb main.o
 .debug_macro   0x00000000       0x64 main.o
 .debug_macro   0x00000000      0x1a2 main.o
 .debug_macro   0x00000000      0x378 main.o
 .debug_macro   0x00000000      0x6f8 main.o
 .debug_macro   0x00000000      0x6da main.o
 .debug_macro   0x00000000      0x373 main.o
 .debug_macro   0x00000000      0x27e main.o
 .debug_macro   0x00000000      0x2c8 main.o
 .debug_macro   0x00000000      0x6ad main.o
 .debug_macro   0x00000000       0x76 main.o
 .debug_macro   0x00000000      0x336 main.o
 .debug_macro   0x00000000       0x46 main.o
 .debug_macro   0x00000000      0x216 main.o
 .debug_macro   0x00000000      0x216 main.o
 .debug_macro   0x00000000      0x286 main.o
 .debug_macro   0x00000000       0x64 main.o
 .debug_macro   0x00000000       0x88 main.o
 .debug_macro   0x00000000       0x7c main.o
 .debug_macro   0x00000000       0xb8 main.o
 .debug_macro   0x00000000       0x52 main.o
 .debug_macro   0x00000000       0x88 main.o
 .debug_macro   0x00000000      0x1b6 main.o
 .debug_macro   0x00000000      0x1b6 main.o
 .debug_macro   0x00000000      0x126 main.o
 .debug_macro   0x00000000       0xac main.o
 .debug_macro   0x00000000       0xac main.o
 .debug_macro   0x00000000       0x94 main.o
 .debug_macro   0x00000000       0x94 main.o
 .debug_macro   0x00000000       0xca main.o
 .debug_macro   0x00000000       0xca main.o
 .debug_macro   0x00000000       0x7c main.o
 .debug_macro   0x00000000       0x40 main.o
 .debug_macro   0x00000000       0xee main.o
 .debug_macro   0x00000000       0x46 main.o
 .debug_macro   0x00000000       0xee main.o
 .debug_macro   0x00000000       0xa0 main.o
 .debug_macro   0x00000000       0x7c main.o
 .debug_macro   0x00000000       0x16 main.o
 .debug_macro   0x00000000       0x22 main.o
 .debug_macro   0x00000000      0x18e main.o
 .debug_macro   0x00000000      0x15e main.o
 .debug_macro   0x00000000      0x15e main.o
 .debug_macro   0x00000000      0x15e main.o
 .debug_macro   0x00000000      0x15e main.o
 .debug_macro   0x00000000       0x1c main.o
 .debug_macro   0x00000000       0x2e main.o
 .debug_macro   0x00000000       0x22 main.o
 .debug_macro   0x00000000       0x1c main.o
 .debug_macro   0x00000000       0x52 main.o
 .debug_macro   0x00000000       0x10 main.o
 .debug_macro   0x00000000      0x2b2 main.o
 .debug_macro   0x00000000      0xc7e main.o
 .debug_macro   0x00000000       0xe4 main.o
 .text          0x00000000        0x0 c:/program files (x86)/atmel/studio/7.0/toolchain/arm/arm-gnu-toolchain/bin/../lib/gcc/arm-none-eabi/6.3.1/../../../../arm-none-eabi/lib/thumb/v7e-m\libc.a(lib_a-exit.o)
 .data          0x00000000        0x0 c:/program files (x86)/atmel/studio/7.0/toolchain/arm/arm-gnu-toolchain/bin/../lib/gcc/arm-none-eabi/6.3.1/../../../../arm-none-eabi/lib/thumb/v7e-m\libc.a(lib_a-exit.o)
 .bss           0x00000000        0x0 c:/program files (x86)/atmel/studio/7.0/toolchain/arm/arm-gnu-toolchain/bin/../lib/gcc/arm-none-eabi/6.3.1/../../../../arm-none-eabi/lib/thumb/v7e-m\libc.a(lib_a-exit.o)
 .text.exit     0x00000000       0x20 c:/program files (x86)/atmel/studio/7.0/toolchain/arm/arm-gnu-toolchain/bin/../lib/gcc/arm-none-eabi/6.3.1/../../../../arm-none-eabi/lib/thumb/v7e-m\libc.a(lib_a-exit.o)
 .debug_frame   0x00000000       0x28 c:/program files (x86)/atmel/studio/7.0/toolchain/arm/arm-gnu-toolchain/bin/../lib/gcc/arm-none-eabi/6.3.1/../../../../arm-none-eabi/lib/thumb/v7e-m\libc.a(lib_a-exit.o)
 .ARM.attributes
                0x00000000       0x2e c:/program files (x86)/atmel/studio/7.0/toolchain/arm/arm-gnu-toolchain/bin/../lib/gcc/arm-none-eabi/6.3.1/../../../../arm-none-eabi/lib/thumb/v7e-m\libc.a(lib_a-exit.o)
 .text          0x00000000        0x0 c:/program files (x86)/atmel/studio/7.0/toolchain/arm/arm-gnu-toolchain/bin/../lib/gcc/arm-none-eabi/6.3.1/../../../../arm-none-eabi/lib/thumb/v7e-m\libc.a(lib_a-impure.o)
 .data          0x00000000        0x0 c:/program files (x86)/atmel/studio/7.0/toolchain/arm/arm-gnu-toolchain/bin/../lib/gcc/arm-none-eabi/6.3.1/../../../../arm-none-eabi/lib/thumb/v7e-m\libc.a(lib_a-impure.o)
 .bss           0x00000000        0x0 c:/program files (x86)/atmel/studio/7.0/toolchain/arm/arm-gnu-toolchain/bin/../lib/gcc/arm-none-eabi/6.3.1/../../../../arm-none-eabi/lib/thumb/v7e-m\libc.a(lib_a-impure.o)
 .data._impure_ptr
                0x00000000        0x4 c:/program files (x86)/atmel/studio/7.0/toolchain/arm/arm-gnu-toolchain/bin/../lib/gcc/arm-none-eabi/6.3.1/../../../../arm-none-eabi/lib/thumb/v7e-m\libc.a(lib_a-impure.o)
 .text          0x00000000        0x0 c:/program files (x86)/atmel/studio/7.0/toolchain/arm/arm-gnu-toolchain/bin/../lib/gcc/arm-none-eabi/6.3.1/../../../../arm-none-eabi/lib/thumb/v7e-m\libc.a(lib_a-init.o)
 .data          0x00000000        0x0 c:/program files (x86)/atmel/studio/7.0/toolchain/arm/arm-gnu-toolchain/bin/../lib/gcc/arm-none-eabi/6.3.1/../../../../arm-none-eabi/lib/thumb/v7e-m\libc.a(lib_a-init.o)
 .bss           0x00000000        0x0 c:/program files (x86)/atmel/studio/7.0/toolchain/arm/arm-gnu-toolchain/bin/../lib/gcc/arm-none-eabi/6.3.1/../../../../arm-none-eabi/lib/thumb/v7e-m\libc.a(lib_a-init.o)
 .text          0x00000000        0x0 c:/program files (x86)/atmel/studio/7.0/toolchain/arm/arm-gnu-toolchain/bin/../lib/gcc/arm-none-eabi/6.3.1/../../../../arm-none-eabi/lib/thumb/v7e-m\libc.a(lib_a-memset.o)
 .data          0x00000000        0x0 c:/program files (x86)/atmel/studio/7.0/toolchain/arm/arm-gnu-toolchain/bin/../lib/gcc/arm-none-eabi/6.3.1/../../../../arm-none-eabi/lib/thumb/v7e-m\libc.a(lib_a-memset.o)
 .bss           0x00000000        0x0 c:/program files (x86)/atmel/studio/7.0/toolchain/arm/arm-gnu-toolchain/bin/../lib/gcc/arm-none-eabi/6.3.1/../../../../arm-none-eabi/lib/thumb/v7e-m\libc.a(lib_a-memset.o)
 .text.memset   0x00000000       0x9c c:/program files (x86)/atmel/studio/7.0/toolchain/arm/arm-gnu-toolchain/bin/../lib/gcc/arm-none-eabi/6.3.1/../../../../arm-none-eabi/lib/thumb/v7e-m\libc.a(lib_a-memset.o)
 .debug_frame   0x00000000       0x34 c:/program files (x86)/atmel/studio/7.0/toolchain/arm/arm-gnu-toolchain/bin/../lib/gcc/arm-none-eabi/6.3.1/../../../../arm-none-eabi/lib/thumb/v7e-m\libc.a(lib_a-memset.o)
 .ARM.attributes
                0x00000000       0x2e c:/program files (x86)/atmel/studio/7.0/toolchain/arm/arm-gnu-toolchain/bin/../lib/gcc/arm-none-eabi/6.3.1/../../../../arm-none-eabi/lib/thumb/v7e-m\libc.a(lib_a-memset.o)
 .text          0x00000000        0x0 c:/program files (x86)/atmel/studio/7.0/toolchain/arm/arm-gnu-toolchain/bin/../lib/gcc/arm-none-eabi/6.3.1/../../../../arm-none-eabi/lib/thumb/v7e-m\libc.a(lib_a-__call_atexit.o)
 .data          0x00000000        0x0 c:/program files (x86)/atmel/studio/7.0/toolchain/arm/arm-gnu-toolchain/bin/../lib/gcc/arm-none-eabi/6.3.1/../../../../arm-none-eabi/lib/thumb/v7e-m\libc.a(lib_a-__call_atexit.o)
 .bss           0x00000000        0x0 c:/program files (x86)/atmel/studio/7.0/toolchain/arm/arm-gnu-toolchain/bin/../lib/gcc/arm-none-eabi/6.3.1/../../../../arm-none-eabi/lib/thumb/v7e-m\libc.a(lib_a-__call_atexit.o)
 .text.__call_exitprocs
                0x00000000       0xe8 c:/program files (x86)/atmel/studio/7.0/toolchain/arm/arm-gnu-toolchain/bin/../lib/gcc/arm-none-eabi/6.3.1/../../../../arm-none-eabi/lib/thumb/v7e-m\libc.a(lib_a-__call_atexit.o)
 .text          0x00000000        0x0 c:/program files (x86)/atmel/studio/7.0/toolchain/arm/arm-gnu-toolchain/bin/../lib/gcc/arm-none-eabi/6.3.1/../../../../arm-none-eabi/lib/thumb/v7e-m\libc.a(lib_a-atexit.o)
 .data          0x00000000        0x0 c:/program files (x86)/atmel/studio/7.0/toolchain/arm/arm-gnu-toolchain/bin/../lib/gcc/arm-none-eabi/6.3.1/../../../../arm-none-eabi/lib/thumb/v7e-m\libc.a(lib_a-atexit.o)
 .bss           0x00000000        0x0 c:/program files (x86)/atmel/studio/7.0/toolchain/arm/arm-gnu-toolchain/bin/../lib/gcc/arm-none-eabi/6.3.1/../../../../arm-none-eabi/lib/thumb/v7e-m\libc.a(lib_a-atexit.o)
 .text          0x00000000        0x0 c:/program files (x86)/atmel/studio/7.0/toolchain/arm/arm-gnu-toolchain/bin/../lib/gcc/arm-none-eabi/6.3.1/../../../../arm-none-eabi/lib/thumb/v7e-m\libc.a(lib_a-fini.o)
 .data          0x00000000        0x0 c:/program files (x86)/atmel/studio/7.0/toolchain/arm/arm-gnu-toolchain/bin/../lib/gcc/arm-none-eabi/6.3.1/../../../../arm-none-eabi/lib/thumb/v7e-m\libc.a(lib_a-fini.o)
 .bss           0x00000000        0x0 c:/program files (x86)/atmel/studio/7.0/toolchain/arm/arm-gnu-toolchain/bin/../lib/gcc/arm-none-eabi/6.3.1/../../../../arm-none-eabi/lib/thumb/v7e-m\libc.a(lib_a-fini.o)
 .text          0x00000000        0x0 c:/program files (x86)/atmel/studio/7.0/toolchain/arm/arm-gnu-toolchain/bin/../lib/gcc/arm-none-eabi/6.3.1/../../../../arm-none-eabi/lib/thumb/v7e-m\libc.a(lib_a-lock.o)
 .data          0x00000000        0x0 c:/program files (x86)/atmel/studio/7.0/toolchain/arm/arm-gnu-toolchain/bin/../lib/gcc/arm-none-eabi/6.3.1/../../../../arm-none-eabi/lib/thumb/v7e-m\libc.a(lib_a-lock.o)
 .bss           0x00000000        0x0 c:/program files (x86)/atmel/studio/7.0/toolchain/arm/arm-gnu-toolchain/bin/../lib/gcc/arm-none-eabi/6.3.1/../../../../arm-none-eabi/lib/thumb/v7e-m\libc.a(lib_a-lock.o)
 .text.__retarget_lock_init
                0x00000000        0x4 c:/program files (x86)/atmel/studio/7.0/toolchain/arm/arm-gnu-toolchain/bin/../lib/gcc/arm-none-eabi/6.3.1/../../../../arm-none-eabi/lib/thumb/v7e-m\libc.a(lib_a-lock.o)
 .text.__retarget_lock_init_recursive
                0x00000000        0x4 c:/program files (x86)/atmel/studio/7.0/toolchain/arm/arm-gnu-toolchain/bin/../lib/gcc/arm-none-eabi/6.3.1/../../../../arm-none-eabi/lib/thumb/v7e-m\libc.a(lib_a-lock.o)
 .text.__retarget_lock_close
                0x00000000        0x4 c:/program files (x86)/atmel/studio/7.0/toolchain/arm/arm-gnu-toolchain/bin/../lib/gcc/arm-none-eabi/6.3.1/../../../../arm-none-eabi/lib/thumb/v7e-m\libc.a(lib_a-lock.o)
 .text.__retarget_lock_close_recursive
                0x00000000        0x4 c:/program files (x86)/atmel/studio/7.0/toolchain/arm/arm-gnu-toolchain/bin/../lib/gcc/arm-none-eabi/6.3.1/../../../../arm-none-eabi/lib/thumb/v7e-m\libc.a(lib_a-lock.o)
 .text.__retarget_lock_acquire
                0x00000000        0x4 c:/program files (x86)/atmel/studio/7.0/toolchain/arm/arm-gnu-toolchain/bin/../lib/gcc/arm-none-eabi/6.3.1/../../../../arm-none-eabi/lib/thumb/v7e-m\libc.a(lib_a-lock.o)
 .text.__retarget_lock_try_acquire
                0x00000000        0x4 c:/program files (x86)/atmel/studio/7.0/toolchain/arm/arm-gnu-toolchain/bin/../lib/gcc/arm-none-eabi/6.3.1/../../../../arm-none-eabi/lib/thumb/v7e-m\libc.a(lib_a-lock.o)
 .text.__retarget_lock_try_acquire_recursive
                0x00000000        0x4 c:/program files (x86)/atmel/studio/7.0/toolchain/arm/arm-gnu-toolchain/bin/../lib/gcc/arm-none-eabi/6.3.1/../../../../arm-none-eabi/lib/thumb/v7e-m\libc.a(lib_a-lock.o)
 .text.__retarget_lock_release
                0x00000000        0x4 c:/program files (x86)/atmel/studio/7.0/toolchain/arm/arm-gnu-toolchain/bin/../lib/gcc/arm-none-eabi/6.3.1/../../../../arm-none-eabi/lib/thumb/v7e-m\libc.a(lib_a-lock.o)
 .text          0x00000000        0x0 c:/program files (x86)/atmel/studio/7.0/toolchain/arm/arm-gnu-toolchain/bin/../lib/gcc/arm-none-eabi/6.3.1/../../../../arm-none-eabi/lib/thumb/v7e-m\libc.a(lib_a-__atexit.o)
 .data          0x00000000        0x0 c:/program files (x86)/atmel/studio/7.0/toolchain/arm/arm-gnu-toolchain/bin/../lib/gcc/arm-none-eabi/6.3.1/../../../../arm-none-eabi/lib/thumb/v7e-m\libc.a(lib_a-__atexit.o)
 .bss           0x00000000        0x0 c:/program files (x86)/atmel/studio/7.0/toolchain/arm/arm-gnu-toolchain/bin/../lib/gcc/arm-none-eabi/6.3.1/../../../../arm-none-eabi/lib/thumb/v7e-m\libc.a(lib_a-__atexit.o)
 .text          0x00000000        0x0 c:/program files (x86)/atmel/studio/7.0/toolchain/arm/arm-gnu-toolchain/bin/../lib/gcc/arm-none-eabi/6.3.1/thumb/v7e-m/crtend.o
 .data          0x00000000        0x0 c:/program files (x86)/atmel/studio/7.0/toolchain/arm/arm-gnu-toolchain/bin/../lib/gcc/arm-none-eabi/6.3.1/thumb/v7e-m/crtend.o
 .bss           0x00000000        0x0 c:/program files (x86)/atmel/studio/7.0/toolchain/arm/arm-gnu-toolchain/bin/../lib/gcc/arm-none-eabi/6.3.1/thumb/v7e-m/crtend.o
 .eh_frame      0x00000000        0x4 c:/program files (x86)/atmel/studio/7.0/toolchain/arm/arm-gnu-toolchain/bin/../lib/gcc/arm-none-eabi/6.3.1/thumb/v7e-m/crtend.o
 .jcr           0x00000000        0x4 c:/program files (x86)/atmel/studio/7.0/toolchain/arm/arm-gnu-toolchain/bin/../lib/gcc/arm-none-eabi/6.3.1/thumb/v7e-m/crtend.o
 .ARM.attributes
                0x00000000       0x2e c:/program files (x86)/atmel/studio/7.0/toolchain/arm/arm-gnu-toolchain/bin/../lib/gcc/arm-none-eabi/6.3.1/thumb/v7e-m/crtend.o
 .text          0x00000000        0x0 c:/program files (x86)/atmel/studio/7.0/toolchain/arm/arm-gnu-toolchain/bin/../lib/gcc/arm-none-eabi/6.3.1/thumb/v7e-m/crtn.o
 .data          0x00000000        0x0 c:/program files (x86)/atmel/studio/7.0/toolchain/arm/arm-gnu-toolchain/bin/../lib/gcc/arm-none-eabi/6.3.1/thumb/v7e-m/crtn.o
 .bss           0x00000000        0x0 c:/program files (x86)/atmel/studio/7.0/toolchain/arm/arm-gnu-toolchain/bin/../lib/gcc/arm-none-eabi/6.3.1/thumb/v7e-m/crtn.o

Memory Configuration

Name             Origin             Length             Attributes
rom              0x00400000         0x00100000         xr
ram              0x20000000         0x00020000         xrw
*default*        0x00000000         0xffffffff

Linker script and memory map

LOAD c:/program files (x86)/atmel/studio/7.0/toolchain/arm/arm-gnu-toolchain/bin/../lib/gcc/arm-none-eabi/6.3.1/thumb/v7e-m/crti.o
LOAD c:/program files (x86)/atmel/studio/7.0/toolchain/arm/arm-gnu-toolchain/bin/../lib/gcc/arm-none-eabi/6.3.1/thumb/v7e-m/crtbegin.o
LOAD c:/program files (x86)/atmel/studio/7.0/toolchain/arm/arm-gnu-toolchain/bin/../lib/gcc/arm-none-eabi/6.3.1/../../../../arm-none-eabi/lib/thumb/v7e-m/crt0.o
LOAD Device_Startup/startup_sam4e.o
LOAD Device_Startup/system_sam4e.o
LOAD main.o
START GROUP
LOAD c:/program files (x86)/atmel/studio/7.0/toolchain/arm/arm-gnu-toolchain/bin/../lib/gcc/arm-none-eabi/6.3.1/../../../../arm-none-eabi/lib/thumb/v7e-m\libm.a
END GROUP
START GROUP
LOAD c:/program files (x86)/atmel/studio/7.0/toolchain/arm/arm-gnu-toolchain/bin/../lib/gcc/arm-none-eabi/6.3.1/thumb/v7e-m\libgcc.a
LOAD c:/program files (x86)/atmel/studio/7.0/toolchain/arm/arm-gnu-toolchain/bin/../lib/gcc/arm-none-eabi/6.3.1/../../../../arm-none-eabi/lib/thumb/v7e-m\libc.a
END GROUP
LOAD c:/program files (x86)/atmel/studio/7.0/toolchain/arm/arm-gnu-toolchain/bin/../lib/gcc/arm-none-eabi/6.3.1/thumb/v7e-m/crtend.o
LOAD c:/program files (x86)/atmel/studio/7.0/toolchain/arm/arm-gnu-toolchain/bin/../lib/gcc/arm-none-eabi/6.3.1/thumb/v7e-m/crtn.o
                0x00003000                STACK_SIZE = DEFINED (STACK_SIZE)?STACK_SIZE:0x3000

.text           0x00400000      0x578
                0x00400000                . = ALIGN (0x4)
                0x00400000                _sfixed = .
 *(.vectors .vectors.*)
 .vectors       0x00400000       0xf8 Device_Startup/startup_sam4e.o
                0x00400000                exception_table
 *(.text .text.* .gnu.linkonce.t.*)
 .text          0x004000f8       0x6c c:/program files (x86)/atmel/studio/7.0/toolchain/arm/arm-gnu-toolchain/bin/../lib/gcc/arm-none-eabi/6.3.1/thumb/v7e-m/crtbegin.o
 .text.Dummy_Handler
                0x00400164        0x2 Device_Startup/startup_sam4e.o
                0x00400164                DACC_Handler
                0x00400164                DebugMon_Handler
                0x00400164                DMAC_Handler
                0x00400164                HardFault_Handler
                0x00400164                TC2_Handler
                0x00400164                SPI_Handler
                0x00400164                SysTick_Handler
                0x00400164                TWI1_Handler
                0x00400164                AFEC1_Handler
                0x00400164                PendSV_Handler
                0x00400164                NMI_Handler
                0x00400164                TC7_Handler
                0x00400164                USART0_Handler
                0x00400164                RTT_Handler
                0x00400164                PIOB_Handler
                0x00400164                RTC_Handler
                0x00400164                UsageFault_Handler
                0x00400164                TC6_Handler
                0x00400164                WDT_Handler
                0x00400164                CAN0_Handler
                0x00400164                TC4_Handler
                0x00400164                TC1_Handler
                0x00400164                HSMCI_Handler
                0x00400164                UART1_Handler
                0x00400164                TC3_Handler
                0x00400164                ARM_Handler
                0x00400164                Dummy_Handler
                0x00400164                TWI0_Handler
                0x00400164                USART1_Handler
                0x00400164                PIOA_Handler
                0x00400164                AFEC0_Handler
                0x00400164                ACC_Handler
                0x00400164                PMC_Handler
                0x00400164                PWM_Handler
                0x00400164                GMAC_Handler
                0x00400164                CAN1_Handler
                0x00400164                MemManage_Handler
                0x00400164                SUPC_Handler
                0x00400164                SVC_Handler
                0x00400164                TC8_Handler
                0x00400164                EFC_Handler
                0x00400164                PIOE_Handler
                0x00400164                PIOD_Handler
                0x00400164                UART0_Handler
                0x00400164                PIOC_Handler
                0x00400164                UDP_Handler
                0x00400164                BusFault_Handler
                0x00400164                RSTC_Handler
                0x00400164                TC0_Handler
                0x00400164                TC5_Handler
                0x00400164                AES_Handler
 *fill*         0x00400166        0x2 
 .text.Reset_Handler
                0x00400168       0x68 Device_Startup/startup_sam4e.o
                0x00400168                Reset_Handler
 .text.SystemInit
                0x004001d0       0xa0 Device_Startup/system_sam4e.o
                0x004001d0                SystemInit
 .text.delay    0x00400270       0x2c main.o
                0x00400270                delay
 .text.DefineUART0
                0x0040029c       0x5c main.o
                0x0040029c                DefineUART0
 .text.UART_send_char
                0x004002f8       0x14 main.o
                0x004002f8                UART_send_char
 .text.UART_send_string
                0x0040030c       0x18 main.o
                0x0040030c                UART_send_string
 .text.UART_send_number
                0x00400324       0x64 main.o
                0x00400324                UART_send_number
 .text.main     0x00400388       0x40 main.o
                0x00400388                main
 .text.__libc_init_array
                0x004003c8       0x50 c:/program files (x86)/atmel/studio/7.0/toolchain/arm/arm-gnu-toolchain/bin/../lib/gcc/arm-none-eabi/6.3.1/../../../../arm-none-eabi/lib/thumb/v7e-m\libc.a(lib_a-init.o)
                0x004003c8                __libc_init_array
 .text.startup.register_fini
                0x00400418       0x14 c:/program files (x86)/atmel/studio/7.0/toolchain/arm/arm-gnu-toolchain/bin/../lib/gcc/arm-none-eabi/6.3.1/../../../../arm-none-eabi/lib/thumb/v7e-m\libc.a(lib_a-__call_atexit.o)
 .text.atexit   0x0040042c        0xc c:/program files (x86)/atmel/studio/7.0/toolchain/arm/arm-gnu-toolchain/bin/../lib/gcc/arm-none-eabi/6.3.1/../../../../arm-none-eabi/lib/thumb/v7e-m\libc.a(lib_a-atexit.o)
                0x0040042c                atexit
 .text.__libc_fini_array
                0x00400438       0x34 c:/program files (x86)/atmel/studio/7.0/toolchain/arm/arm-gnu-toolchain/bin/../lib/gcc/arm-none-eabi/6.3.1/../../../../arm-none-eabi/lib/thumb/v7e-m\libc.a(lib_a-fini.o)
                0x00400438                __libc_fini_array
 .text.__retarget_lock_acquire_recursive
                0x0040046c        0x4 c:/program files (x86)/atmel/studio/7.0/toolchain/arm/arm-gnu-toolchain/bin/../lib/gcc/arm-none-eabi/6.3.1/../../../../arm-none-eabi/lib/thumb/v7e-m\libc.a(lib_a-lock.o)
                0x0040046c                __retarget_lock_acquire_recursive
 .text.__retarget_lock_release_recursive
                0x00400470        0x4 c:/program files (x86)/atmel/studio/7.0/toolchain/arm/arm-gnu-toolchain/bin/../lib/gcc/arm-none-eabi/6.3.1/../../../../arm-none-eabi/lib/thumb/v7e-m\libc.a(lib_a-lock.o)
                0x00400470                __retarget_lock_release_recursive
 .text.__register_exitproc
                0x00400474       0xc4 c:/program files (x86)/atmel/studio/7.0/toolchain/arm/arm-gnu-toolchain/bin/../lib/gcc/arm-none-eabi/6.3.1/../../../../arm-none-eabi/lib/thumb/v7e-m\libc.a(lib_a-__atexit.o)
                0x00400474                __register_exitproc
 *(.glue_7t)
 .glue_7t       0x00400538        0x0 linker stubs
 *(.glue_7)
 .glue_7        0x00400538        0x0 linker stubs
 *(.rodata .rodata* .gnu.linkonce.r.*)
 .rodata.str1.4
                0x00400538       0x18 main.o
                                 0x17 (size before relaxing)
 .rodata._global_impure_ptr
                0x00400550        0x4 c:/program files (x86)/atmel/studio/7.0/toolchain/arm/arm-gnu-toolchain/bin/../lib/gcc/arm-none-eabi/6.3.1/../../../../arm-none-eabi/lib/thumb/v7e-m\libc.a(lib_a-impure.o)
                0x00400550                _global_impure_ptr
 *(.ARM.extab* .gnu.linkonce.armextab.*)
                0x00400554                . = ALIGN (0x4)
 *(.init)
 .init          0x00400554        0x4 c:/program files (x86)/atmel/studio/7.0/toolchain/arm/arm-gnu-toolchain/bin/../lib/gcc/arm-none-eabi/6.3.1/thumb/v7e-m/crti.o
                0x00400554                _init
 .init          0x00400558        0x8 c:/program files (x86)/atmel/studio/7.0/toolchain/arm/arm-gnu-toolchain/bin/../lib/gcc/arm-none-eabi/6.3.1/thumb/v7e-m/crtn.o
                0x00400560                . = ALIGN (0x4)
                0x00400560                __preinit_array_start = .
 *(.preinit_array)
                0x00400560                __preinit_array_end = .
                0x00400560                . = ALIGN (0x4)
                0x00400560                __init_array_start = .
 *(SORT(.init_array.*))
 .init_array.00000
                0x00400560        0x4 c:/program files (x86)/atmel/studio/7.0/toolchain/arm/arm-gnu-toolchain/bin/../lib/gcc/arm-none-eabi/6.3.1/../../../../arm-none-eabi/lib/thumb/v7e-m\libc.a(lib_a-__call_atexit.o)
 *(.init_array)
 .init_array    0x00400564        0x4 c:/program files (x86)/atmel/studio/7.0/toolchain/arm/arm-gnu-toolchain/bin/../lib/gcc/arm-none-eabi/6.3.1/thumb/v7e-m/crtbegin.o
                0x00400568                __init_array_end = .
                0x00400568                . = ALIGN (0x4)
 *crtbegin.o(.ctors)
 *(EXCLUDE_FILE(*crtend.o) .ctors)
 *(SORT(.ctors.*))
 *crtend.o(.ctors)
                0x00400568                . = ALIGN (0x4)
 *(.fini)
 .fini          0x00400568        0x4 c:/program files (x86)/atmel/studio/7.0/toolchain/arm/arm-gnu-toolchain/bin/../lib/gcc/arm-none-eabi/6.3.1/thumb/v7e-m/crti.o
                0x00400568                _fini
 .fini          0x0040056c        0x8 c:/program files (x86)/atmel/studio/7.0/toolchain/arm/arm-gnu-toolchain/bin/../lib/gcc/arm-none-eabi/6.3.1/thumb/v7e-m/crtn.o
                0x00400574                . = ALIGN (0x4)
                0x00400574                __fini_array_start = .
 *(.fini_array)
 .fini_array    0x00400574        0x4 c:/program files (x86)/atmel/studio/7.0/toolchain/arm/arm-gnu-toolchain/bin/../lib/gcc/arm-none-eabi/6.3.1/thumb/v7e-m/crtbegin.o
 *(SORT(.fini_array.*))
                0x00400578                __fini_array_end = .
 *crtbegin.o(.dtors)
 *(EXCLUDE_FILE(*crtend.o) .dtors)
 *(SORT(.dtors.*))
 *crtend.o(.dtors)
                0x00400578                . = ALIGN (0x4)
                0x00400578                _efixed = .
                [!provide]                PROVIDE (__exidx_start, .)

.vfp11_veneer   0x00400578        0x0
 .vfp11_veneer  0x00400578        0x0 linker stubs

.v4_bx          0x00400578        0x0
 .v4_bx         0x00400578        0x0 linker stubs

.iplt           0x00400578        0x0
 .iplt          0x00400578        0x0 c:/program files (x86)/atmel/studio/7.0/toolchain/arm/arm-gnu-toolchain/bin/../lib/gcc/arm-none-eabi/6.3.1/thumb/v7e-m/crtbegin.o

.eh_frame       0x00400578        0x0
 .eh_frame      0x00400578        0x0 c:/program files (x86)/atmel/studio/7.0/toolchain/arm/arm-gnu-toolchain/bin/../lib/gcc/arm-none-eabi/6.3.1/thumb/v7e-m/crtbegin.o

.rel.dyn        0x00400578        0x0
 .rel.iplt      0x00400578        0x0 c:/program files (x86)/atmel/studio/7.0/toolchain/arm/arm-gnu-toolchain/bin/../lib/gcc/arm-none-eabi/6.3.1/thumb/v7e-m/crtbegin.o

.jcr            0x00400578        0x0
 .jcr           0x00400578        0x0 c:/program files (x86)/atmel/studio/7.0/toolchain/arm/arm-gnu-toolchain/bin/../lib/gcc/arm-none-eabi/6.3.1/thumb/v7e-m/crtbegin.o

.igot.plt       0x00400578        0x0
 .igot.plt      0x00400578        0x0 c:/program files (x86)/atmel/studio/7.0/toolchain/arm/arm-gnu-toolchain/bin/../lib/gcc/arm-none-eabi/6.3.1/thumb/v7e-m/crtbegin.o

.ARM.exidx
 *(.ARM.exidx* .gnu.linkonce.armexidx.*)
                [!provide]                PROVIDE (__exidx_end, .)
                0x00400578                . = ALIGN (0x4)
                0x00400578                _etext = .

.relocate       0x20000000      0x434 load address 0x00400578
                0x20000000                . = ALIGN (0x4)
                0x20000000                _srelocate = .
 *(.ramfunc .ramfunc.*)
 *(.data .data.*)
 .data          0x20000000        0x4 Device_Startup/system_sam4e.o
                0x20000000                SystemCoreClock
 *fill*         0x20000004        0x4 
 .data.impure_data
                0x20000008      0x428 c:/program files (x86)/atmel/studio/7.0/toolchain/arm/arm-gnu-toolchain/bin/../lib/gcc/arm-none-eabi/6.3.1/../../../../arm-none-eabi/lib/thumb/v7e-m\libc.a(lib_a-impure.o)
 .data.__atexit_recursive_mutex
                0x20000430        0x4 c:/program files (x86)/atmel/studio/7.0/toolchain/arm/arm-gnu-toolchain/bin/../lib/gcc/arm-none-eabi/6.3.1/../../../../arm-none-eabi/lib/thumb/v7e-m\libc.a(lib_a-__call_atexit.o)
                0x20000430                __atexit_recursive_mutex
                0x20000434                . = ALIGN (0x4)
                0x20000434                _erelocate = .

.bss            0x20000434       0x40 load address 0x004009ac
                0x20000434                . = ALIGN (0x4)
                0x20000434                _sbss = .
                0x20000434                _szero = .
 *(.bss .bss.*)
 .bss           0x20000434       0x1c c:/program files (x86)/atmel/studio/7.0/toolchain/arm/arm-gnu-toolchain/bin/../lib/gcc/arm-none-eabi/6.3.1/thumb/v7e-m/crtbegin.o
 *(COMMON)
 COMMON         0x20000450       0x21 c:/program files (x86)/atmel/studio/7.0/toolchain/arm/arm-gnu-toolchain/bin/../lib/gcc/arm-none-eabi/6.3.1/../../../../arm-none-eabi/lib/thumb/v7e-m\libc.a(lib_a-lock.o)
                0x20000450                __lock___atexit_recursive_mutex
                0x20000454                __lock___arc4random_mutex
                0x20000458                __lock___env_recursive_mutex
                0x2000045c                __lock___sinit_recursive_mutex
                0x20000460                __lock___malloc_recursive_mutex
                0x20000464                __lock___at_quick_exit_mutex
                0x20000468                __lock___dd_hash_mutex
                0x2000046c                __lock___tz_mutex
                0x20000470                __lock___sfp_recursive_mutex
                0x20000474                . = ALIGN (0x4)
 *fill*         0x20000471        0x3 
                0x20000474                _ebss = .
                0x20000474                _ezero = .

.stack          0x20000474     0x3004 load address 0x004009ec
                0x20000478                . = ALIGN (0x8)
 *fill*         0x20000474        0x4 
                0x20000478                _sstack = .
                0x20003478                . = (. + STACK_SIZE)
 *fill*         0x20000478     0x3000 
                0x20003478                . = ALIGN (0x8)
                0x20003478                _estack = .
                0x20003478                . = ALIGN (0x4)
                0x20003478                _end = .
OUTPUT(Vaja2_encoder.elf elf32-littlearm)

.ARM.attributes
                0x00000000       0x2a
 .ARM.attributes
                0x00000000       0x1e c:/program files (x86)/atmel/studio/7.0/toolchain/arm/arm-gnu-toolchain/bin/../lib/gcc/arm-none-eabi/6.3.1/thumb/v7e-m/crti.o
 .ARM.attributes
                0x0000001e       0x2e c:/program files (x86)/atmel/studio/7.0/toolchain/arm/arm-gnu-toolchain/bin/../lib/gcc/arm-none-eabi/6.3.1/thumb/v7e-m/crtbegin.o
 .ARM.attributes
                0x0000004c       0x33 Device_Startup/startup_sam4e.o
 .ARM.attributes
                0x0000007f       0x33 Device_Startup/system_sam4e.o
 .ARM.attributes
                0x000000b2       0x33 main.o
 .ARM.attributes
                0x000000e5       0x2e c:/program files (x86)/atmel/studio/7.0/toolchain/arm/arm-gnu-toolchain/bin/../lib/gcc/arm-none-eabi/6.3.1/../../../../arm-none-eabi/lib/thumb/v7e-m\libc.a(lib_a-impure.o)
 .ARM.attributes
                0x00000113       0x2e c:/program files (x86)/atmel/studio/7.0/toolchain/arm/arm-gnu-toolchain/bin/../lib/gcc/arm-none-eabi/6.3.1/../../../../arm-none-eabi/lib/thumb/v7e-m\libc.a(lib_a-init.o)
 .ARM.attributes
                0x00000141       0x2e c:/program files (x86)/atmel/studio/7.0/toolchain/arm/arm-gnu-toolchain/bin/../lib/gcc/arm-none-eabi/6.3.1/../../../../arm-none-eabi/lib/thumb/v7e-m\libc.a(lib_a-__call_atexit.o)
 .ARM.attributes
                0x0000016f       0x2e c:/program files (x86)/atmel/studio/7.0/toolchain/arm/arm-gnu-toolchain/bin/../lib/gcc/arm-none-eabi/6.3.1/../../../../arm-none-eabi/lib/thumb/v7e-m\libc.a(lib_a-atexit.o)
 .ARM.attributes
                0x0000019d       0x2e c:/program files (x86)/atmel/studio/7.0/toolchain/arm/arm-gnu-toolchain/bin/../lib/gcc/arm-none-eabi/6.3.1/../../../../arm-none-eabi/lib/thumb/v7e-m\libc.a(lib_a-fini.o)
 .ARM.attributes
                0x000001cb       0x2e c:/program files (x86)/atmel/studio/7.0/toolchain/arm/arm-gnu-toolchain/bin/../lib/gcc/arm-none-eabi/6.3.1/../../../../arm-none-eabi/lib/thumb/v7e-m\libc.a(lib_a-lock.o)
 .ARM.attributes
                0x000001f9       0x2e c:/program files (x86)/atmel/studio/7.0/toolchain/arm/arm-gnu-toolchain/bin/../lib/gcc/arm-none-eabi/6.3.1/../../../../arm-none-eabi/lib/thumb/v7e-m\libc.a(lib_a-__atexit.o)
 .ARM.attributes
                0x00000227       0x1e c:/program files (x86)/atmel/studio/7.0/toolchain/arm/arm-gnu-toolchain/bin/../lib/gcc/arm-none-eabi/6.3.1/thumb/v7e-m/crtn.o

.comment        0x00000000       0x59
 .comment       0x00000000       0x59 Device_Startup/startup_sam4e.o
                                 0x5a (size before relaxing)
 .comment       0x00000059       0x5a Device_Startup/system_sam4e.o
 .comment       0x00000059       0x5a main.o

.debug_info     0x00000000     0x2104
 .debug_info    0x00000000      0x75e Device_Startup/startup_sam4e.o
 .debug_info    0x0000075e      0x483 Device_Startup/system_sam4e.o
 .debug_info    0x00000be1     0x1523 main.o

.debug_abbrev   0x00000000      0x50c
 .debug_abbrev  0x00000000      0x153 Device_Startup/startup_sam4e.o
 .debug_abbrev  0x00000153      0x102 Device_Startup/system_sam4e.o
 .debug_abbrev  0x00000255      0x2b7 main.o

.debug_loc      0x00000000      0x21a
 .debug_loc     0x00000000       0x78 Device_Startup/startup_sam4e.o
 .debug_loc     0x00000078      0x1a2 main.o

.debug_aranges  0x00000000       0xa0
 .debug_aranges
                0x00000000       0x28 Device_Startup/startup_sam4e.o
 .debug_aranges
                0x00000028       0x30 Device_Startup/system_sam4e.o
 .debug_aranges
                0x00000058       0x48 main.o

.debug_ranges   0x00000000       0xa0
 .debug_ranges  0x00000000       0x18 Device_Startup/startup_sam4e.o
 .debug_ranges  0x00000018       0x20 Device_Startup/system_sam4e.o
 .debug_ranges  0x00000038       0x68 main.o

.debug_macro    0x00000000    0x1075b
 .debug_macro   0x00000000      0x389 Device_Startup/startup_sam4e.o
 .debug_macro   0x00000389      0x8b0 Device_Startup/startup_sam4e.o
 .debug_macro   0x00000c39       0x22 Device_Startup/startup_sam4e.o
 .debug_macro   0x00000c5b       0x87 Device_Startup/startup_sam4e.o
 .debug_macro   0x00000ce2       0x51 Device_Startup/startup_sam4e.o
 .debug_macro   0x00000d33       0xef Device_Startup/startup_sam4e.o
 .debug_macro   0x00000e22       0x6a Device_Startup/startup_sam4e.o
 .debug_macro   0x00000e8c      0x1df Device_Startup/startup_sam4e.o
 .debug_macro   0x0000106b       0x27 Device_Startup/startup_sam4e.o
 .debug_macro   0x00001092       0x1c Device_Startup/startup_sam4e.o
 .debug_macro   0x000010ae       0x22 Device_Startup/startup_sam4e.o
 .debug_macro   0x000010d0       0xdf Device_Startup/startup_sam4e.o
 .debug_macro   0x000011af      0xf07 Device_Startup/startup_sam4e.o
 .debug_macro   0x000020b6      0x154 Device_Startup/startup_sam4e.o
 .debug_macro   0x0000220a      0x1f7 Device_Startup/startup_sam4e.o
 .debug_macro   0x00002401      0xdb5 Device_Startup/startup_sam4e.o
 .debug_macro   0x000031b6      0x531 Device_Startup/startup_sam4e.o
 .debug_macro   0x000036e7      0x2bb Device_Startup/startup_sam4e.o
 .debug_macro   0x000039a2      0x11e Device_Startup/startup_sam4e.o
 .debug_macro   0x00003ac0       0xac Device_Startup/startup_sam4e.o
 .debug_macro   0x00003b6c      0x320 Device_Startup/startup_sam4e.o
 .debug_macro   0x00003e8c      0x53c Device_Startup/startup_sam4e.o
 .debug_macro   0x000043c8      0x106 Device_Startup/startup_sam4e.o
 .debug_macro   0x000044ce      0xa97 Device_Startup/startup_sam4e.o
 .debug_macro   0x00004f65       0x1c Device_Startup/startup_sam4e.o
 .debug_macro   0x00004f81      0x755 Device_Startup/startup_sam4e.o
 .debug_macro   0x000056d6      0x23c Device_Startup/startup_sam4e.o
 .debug_macro   0x00005912       0xbe Device_Startup/startup_sam4e.o
 .debug_macro   0x000059d0     0x28ac Device_Startup/startup_sam4e.o
 .debug_macro   0x0000827c      0x7af Device_Startup/startup_sam4e.o
 .debug_macro   0x00008a2b      0xb74 Device_Startup/startup_sam4e.o
 .debug_macro   0x0000959f       0x7c Device_Startup/startup_sam4e.o
 .debug_macro   0x0000961b      0x3cb Device_Startup/startup_sam4e.o
 .debug_macro   0x000099e6       0x64 Device_Startup/startup_sam4e.o
 .debug_macro   0x00009a4a      0x1a2 Device_Startup/startup_sam4e.o
 .debug_macro   0x00009bec      0x378 Device_Startup/startup_sam4e.o
 .debug_macro   0x00009f64      0x6f8 Device_Startup/startup_sam4e.o
 .debug_macro   0x0000a65c      0x6da Device_Startup/startup_sam4e.o
 .debug_macro   0x0000ad36      0x373 Device_Startup/startup_sam4e.o
 .debug_macro   0x0000b0a9      0x27e Device_Startup/startup_sam4e.o
 .debug_macro   0x0000b327      0x2c8 Device_Startup/startup_sam4e.o
 .debug_macro   0x0000b5ef      0x6ad Device_Startup/startup_sam4e.o
 .debug_macro   0x0000bc9c       0x76 Device_Startup/startup_sam4e.o
 .debug_macro   0x0000bd12      0x336 Device_Startup/startup_sam4e.o
 .debug_macro   0x0000c048       0x46 Device_Startup/startup_sam4e.o
 .debug_macro   0x0000c08e      0x216 Device_Startup/startup_sam4e.o
 .debug_macro   0x0000c2a4      0x216 Device_Startup/startup_sam4e.o
 .debug_macro   0x0000c4ba      0x286 Device_Startup/startup_sam4e.o
 .debug_macro   0x0000c740       0x64 Device_Startup/startup_sam4e.o
 .debug_macro   0x0000c7a4       0x88 Device_Startup/startup_sam4e.o
 .debug_macro   0x0000c82c       0x7c Device_Startup/startup_sam4e.o
 .debug_macro   0x0000c8a8       0xb8 Device_Startup/startup_sam4e.o
 .debug_macro   0x0000c960       0x52 Device_Startup/startup_sam4e.o
 .debug_macro   0x0000c9b2       0x88 Device_Startup/startup_sam4e.o
 .debug_macro   0x0000ca3a      0x1b6 Device_Startup/startup_sam4e.o
 .debug_macro   0x0000cbf0      0x1b6 Device_Startup/startup_sam4e.o
 .debug_macro   0x0000cda6      0x126 Device_Startup/startup_sam4e.o
 .debug_macro   0x0000cecc       0xac Device_Startup/startup_sam4e.o
 .debug_macro   0x0000cf78       0xac Device_Startup/startup_sam4e.o
 .debug_macro   0x0000d024       0x94 Device_Startup/startup_sam4e.o
 .debug_macro   0x0000d0b8       0x94 Device_Startup/startup_sam4e.o
 .debug_macro   0x0000d14c       0xca Device_Startup/startup_sam4e.o
 .debug_macro   0x0000d216       0xca Device_Startup/startup_sam4e.o
 .debug_macro   0x0000d2e0       0x7c Device_Startup/startup_sam4e.o
 .debug_macro   0x0000d35c       0x40 Device_Startup/startup_sam4e.o
 .debug_macro   0x0000d39c       0xee Device_Startup/startup_sam4e.o
 .debug_macro   0x0000d48a       0x46 Device_Startup/startup_sam4e.o
 .debug_macro   0x0000d4d0       0xee Device_Startup/startup_sam4e.o
 .debug_macro   0x0000d5be       0xa0 Device_Startup/startup_sam4e.o
 .debug_macro   0x0000d65e       0x7c Device_Startup/startup_sam4e.o
 .debug_macro   0x0000d6da       0x16 Device_Startup/startup_sam4e.o
 .debug_macro   0x0000d6f0       0x22 Device_Startup/startup_sam4e.o
 .debug_macro   0x0000d712      0x18e Device_Startup/startup_sam4e.o
 .debug_macro   0x0000d8a0      0x15e Device_Startup/startup_sam4e.o
 .debug_macro   0x0000d9fe      0x15e Device_Startup/startup_sam4e.o
 .debug_macro   0x0000db5c      0x15e Device_Startup/startup_sam4e.o
 .debug_macro   0x0000dcba      0x15e Device_Startup/startup_sam4e.o
 .debug_macro   0x0000de18       0x1c Device_Startup/startup_sam4e.o
 .debug_macro   0x0000de34       0x2e Device_Startup/startup_sam4e.o
 .debug_macro   0x0000de62       0x22 Device_Startup/startup_sam4e.o
 .debug_macro   0x0000de84       0x1c Device_Startup/startup_sam4e.o
 .debug_macro   0x0000dea0       0x52 Device_Startup/startup_sam4e.o
 .debug_macro   0x0000def2       0x10 Device_Startup/startup_sam4e.o
 .debug_macro   0x0000df02      0x2b2 Device_Startup/startup_sam4e.o
 .debug_macro   0x0000e1b4      0xc7e Device_Startup/startup_sam4e.o
 .debug_macro   0x0000ee32       0xe4 Device_Startup/startup_sam4e.o
 .debug_macro   0x0000ef16      0x3a1 Device_Startup/system_sam4e.o
 .debug_macro   0x0000f2b7      0x4f6 main.o
 .debug_macro   0x0000f7ad       0x52 main.o
 .debug_macro   0x0000f7ff       0x8d main.o
 .debug_macro   0x0000f88c       0x35 main.o
 .debug_macro   0x0000f8c1       0x9c main.o
 .debug_macro   0x0000f95d       0x16 main.o
 .debug_macro   0x0000f973       0x57 main.o
 .debug_macro   0x0000f9ca       0x97 main.o
 .debug_macro   0x0000fa61      0x353 main.o
 .debug_macro   0x0000fdb4       0xf6 main.o
 .debug_macro   0x0000feaa       0x10 main.o
 .debug_macro   0x0000feba       0x58 main.o
 .debug_macro   0x0000ff12       0x1f main.o
 .debug_macro   0x0000ff31       0x43 main.o
 .debug_macro   0x0000ff74       0x20 main.o
 .debug_macro   0x0000ff94      0x187 main.o
 .debug_macro   0x0001011b       0x10 main.o
 .debug_macro   0x0001012b       0x1c main.o
 .debug_macro   0x00010147       0x52 main.o
 .debug_macro   0x00010199       0x40 main.o
 .debug_macro   0x000101d9       0x10 main.o
 .debug_macro   0x000101e9       0x40 main.o
 .debug_macro   0x00010229       0xd7 main.o
 .debug_macro   0x00010300       0x16 main.o
 .debug_macro   0x00010316      0x18b main.o
 .debug_macro   0x000104a1       0xd9 main.o
 .debug_macro   0x0001057a      0x1e1 main.o

.debug_line     0x00000000     0x1803
 .debug_line    0x00000000      0x75e Device_Startup/startup_sam4e.o
 .debug_line    0x0000075e      0x7b9 Device_Startup/system_sam4e.o
 .debug_line    0x00000f17      0x8ec main.o

.debug_str      0x00000000    0x4d021
 .debug_str     0x00000000    0x4808f Device_Startup/startup_sam4e.o
                              0x4828a (size before relaxing)
 .debug_str     0x0004808f      0x301 Device_Startup/system_sam4e.o
                              0x4805b (size before relaxing)
 .debug_str     0x00048390     0x4c91 main.o
                              0x4cc45 (size before relaxing)

.debug_frame    0x00000000      0x2d0
 .debug_frame   0x00000000       0x38 Device_Startup/startup_sam4e.o
 .debug_frame   0x00000038       0x40 Device_Startup/system_sam4e.o
 .debug_frame   0x00000078       0x98 main.o
 .debug_frame   0x00000110       0x2c c:/program files (x86)/atmel/studio/7.0/toolchain/arm/arm-gnu-toolchain/bin/../lib/gcc/arm-none-eabi/6.3.1/../../../../arm-none-eabi/lib/thumb/v7e-m\libc.a(lib_a-init.o)
 .debug_frame   0x0000013c       0x5c c:/program files (x86)/atmel/studio/7.0/toolchain/arm/arm-gnu-toolchain/bin/../lib/gcc/arm-none-eabi/6.3.1/../../../../arm-none-eabi/lib/thumb/v7e-m\libc.a(lib_a-__call_atexit.o)
 .debug_frame   0x00000198       0x20 c:/program files (x86)/atmel/studio/7.0/toolchain/arm/arm-gnu-toolchain/bin/../lib/gcc/arm-none-eabi/6.3.1/../../../../arm-none-eabi/lib/thumb/v7e-m\libc.a(lib_a-atexit.o)
 .debug_frame   0x000001b8       0x34 c:/program files (x86)/atmel/studio/7.0/toolchain/arm/arm-gnu-toolchain/bin/../lib/gcc/arm-none-eabi/6.3.1/../../../../arm-none-eabi/lib/thumb/v7e-m\libc.a(lib_a-fini.o)
 .debug_frame   0x000001ec       0xb0 c:/program files (x86)/atmel/studio/7.0/toolchain/arm/arm-gnu-toolchain/bin/../lib/gcc/arm-none-eabi/6.3.1/../../../../arm-none-eabi/lib/thumb/v7e-m\libc.a(lib_a-lock.o)
 .debug_frame   0x0000029c       0x34 c:/program files (x86)/atmel/studio/7.0/toolchain/arm/arm-gnu-toolchain/bin/../lib/gcc/arm-none-eabi/6.3.1/../../../../arm-none-eabi/lib/thumb/v7e-m\libc.a(lib_a-__atexit.o)
