Archive member included to satisfy reference by file (symbol)

c:/program files (x86)/atmel/studio/7.0/toolchain/arm/arm-gnu-toolchain/bin/../lib/gcc/arm-none-eabi/6.3.1/thumb/v7e-m\libgcc.a(_arm_addsubdf3.o)
                              src/main.o (__aeabi_f2d)
c:/program files (x86)/atmel/studio/7.0/toolchain/arm/arm-gnu-toolchain/bin/../lib/gcc/arm-none-eabi/6.3.1/../../../../arm-none-eabi/lib/thumb/v7e-m\libc.a(lib_a-exit.o)
                              c:/program files (x86)/atmel/studio/7.0/toolchain/arm/arm-gnu-toolchain/bin/../lib/gcc/arm-none-eabi/6.3.1/../../../../arm-none-eabi/lib/thumb/v7e-m/crt0.o (exit)
c:/program files (x86)/atmel/studio/7.0/toolchain/arm/arm-gnu-toolchain/bin/../lib/gcc/arm-none-eabi/6.3.1/../../../../arm-none-eabi/lib/thumb/v7e-m\libc.a(lib_a-impure.o)
                              c:/program files (x86)/atmel/studio/7.0/toolchain/arm/arm-gnu-toolchain/bin/../lib/gcc/arm-none-eabi/6.3.1/../../../../arm-none-eabi/lib/thumb/v7e-m\libc.a(lib_a-exit.o) (_global_impure_ptr)
c:/program files (x86)/atmel/studio/7.0/toolchain/arm/arm-gnu-toolchain/bin/../lib/gcc/arm-none-eabi/6.3.1/../../../../arm-none-eabi/lib/thumb/v7e-m\libc.a(lib_a-init.o)
                              c:/program files (x86)/atmel/studio/7.0/toolchain/arm/arm-gnu-toolchain/bin/../lib/gcc/arm-none-eabi/6.3.1/../../../../arm-none-eabi/lib/thumb/v7e-m/crt0.o (__libc_init_array)
c:/program files (x86)/atmel/studio/7.0/toolchain/arm/arm-gnu-toolchain/bin/../lib/gcc/arm-none-eabi/6.3.1/../../../../arm-none-eabi/lib/thumb/v7e-m\libc.a(lib_a-memset.o)
                              c:/program files (x86)/atmel/studio/7.0/toolchain/arm/arm-gnu-toolchain/bin/../lib/gcc/arm-none-eabi/6.3.1/../../../../arm-none-eabi/lib/thumb/v7e-m/crt0.o (memset)
c:/program files (x86)/atmel/studio/7.0/toolchain/arm/arm-gnu-toolchain/bin/../lib/gcc/arm-none-eabi/6.3.1/../../../../arm-none-eabi/lib/thumb/v7e-m\libc.a(lib_a-sprintf.o)
                              src/main.o (sprintf)
c:/program files (x86)/atmel/studio/7.0/toolchain/arm/arm-gnu-toolchain/bin/../lib/gcc/arm-none-eabi/6.3.1/../../../../arm-none-eabi/lib/thumb/v7e-m\libc.a(lib_a-svfprintf.o)
                              c:/program files (x86)/atmel/studio/7.0/toolchain/arm/arm-gnu-toolchain/bin/../lib/gcc/arm-none-eabi/6.3.1/../../../../arm-none-eabi/lib/thumb/v7e-m\libc.a(lib_a-sprintf.o) (_svfprintf_r)
c:/program files (x86)/atmel/studio/7.0/toolchain/arm/arm-gnu-toolchain/bin/../lib/gcc/arm-none-eabi/6.3.1/../../../../arm-none-eabi/lib/thumb/v7e-m\libc.a(lib_a-__call_atexit.o)
                              c:/program files (x86)/atmel/studio/7.0/toolchain/arm/arm-gnu-toolchain/bin/../lib/gcc/arm-none-eabi/6.3.1/../../../../arm-none-eabi/lib/thumb/v7e-m\libc.a(lib_a-exit.o) (__call_exitprocs)
c:/program files (x86)/atmel/studio/7.0/toolchain/arm/arm-gnu-toolchain/bin/../lib/gcc/arm-none-eabi/6.3.1/../../../../arm-none-eabi/lib/thumb/v7e-m\libc.a(lib_a-atexit.o)
                              c:/program files (x86)/atmel/studio/7.0/toolchain/arm/arm-gnu-toolchain/bin/../lib/gcc/arm-none-eabi/6.3.1/../../../../arm-none-eabi/lib/thumb/v7e-m\libc.a(lib_a-__call_atexit.o) (atexit)
c:/program files (x86)/atmel/studio/7.0/toolchain/arm/arm-gnu-toolchain/bin/../lib/gcc/arm-none-eabi/6.3.1/../../../../arm-none-eabi/lib/thumb/v7e-m\libc.a(lib_a-dtoa.o)
                              c:/program files (x86)/atmel/studio/7.0/toolchain/arm/arm-gnu-toolchain/bin/../lib/gcc/arm-none-eabi/6.3.1/../../../../arm-none-eabi/lib/thumb/v7e-m\libc.a(lib_a-svfprintf.o) (_dtoa_r)
c:/program files (x86)/atmel/studio/7.0/toolchain/arm/arm-gnu-toolchain/bin/../lib/gcc/arm-none-eabi/6.3.1/../../../../arm-none-eabi/lib/thumb/v7e-m\libc.a(lib_a-fini.o)
                              c:/program files (x86)/atmel/studio/7.0/toolchain/arm/arm-gnu-toolchain/bin/../lib/gcc/arm-none-eabi/6.3.1/../../../../arm-none-eabi/lib/thumb/v7e-m\libc.a(lib_a-__call_atexit.o) (__libc_fini_array)
c:/program files (x86)/atmel/studio/7.0/toolchain/arm/arm-gnu-toolchain/bin/../lib/gcc/arm-none-eabi/6.3.1/../../../../arm-none-eabi/lib/thumb/v7e-m\libc.a(lib_a-localeconv.o)
                              c:/program files (x86)/atmel/studio/7.0/toolchain/arm/arm-gnu-toolchain/bin/../lib/gcc/arm-none-eabi/6.3.1/../../../../arm-none-eabi/lib/thumb/v7e-m\libc.a(lib_a-svfprintf.o) (_localeconv_r)
c:/program files (x86)/atmel/studio/7.0/toolchain/arm/arm-gnu-toolchain/bin/../lib/gcc/arm-none-eabi/6.3.1/../../../../arm-none-eabi/lib/thumb/v7e-m\libc.a(lib_a-lock.o)
                              c:/program files (x86)/atmel/studio/7.0/toolchain/arm/arm-gnu-toolchain/bin/../lib/gcc/arm-none-eabi/6.3.1/../../../../arm-none-eabi/lib/thumb/v7e-m\libc.a(lib_a-__call_atexit.o) (__retarget_lock_acquire_recursive)
c:/program files (x86)/atmel/studio/7.0/toolchain/arm/arm-gnu-toolchain/bin/../lib/gcc/arm-none-eabi/6.3.1/../../../../arm-none-eabi/lib/thumb/v7e-m\libc.a(lib_a-mallocr.o)
[...]
Memory Configuration

Name             Origin             Length             Attributes
rom              0x00400000         0x00100000         xr
ram              0x20000000         0x00020000         xrw
*default*        0x00000000         0xffffffff

Linker script and memory map

LOAD c:/program files (x86)/atmel/studio/7.0/toolchain/arm/arm-gnu-toolchain/bin/../lib/gcc/arm-none-eabi/6.3.1/thumb/v7e-m/crti.o
LOAD c:/program files (x86)/atmel/studio/7.0/toolchain/arm/arm-gnu-toolchain/bin/../lib/gcc/arm-none-eabi/6.3.1/thumb/v7e-m/crtbegin.o
LOAD c:/program files (x86)/atmel/studio/7.0/toolchain/arm/arm-gnu-toolchain/bin/../lib/gcc/arm-none-eabi/6.3.1/../../../../arm-none-eabi/lib/thumb/v7e-m/crt0.o
LOAD src/ASF/common/utils/stdio/read.o
LOAD src/ASF/sam/drivers/usart/usart.o
LOAD src/ASF/common/utils/stdio/write.o
LOAD src/ASF/common/services/serial/usart_serial.o
LOAD src/ASF/sam/drivers/pio/pio_handler.o
LOAD src/ASF/sam/drivers/spi/spi.o
LOAD src/ASF/common/services/delay/sam/cycle_counter.o
LOAD src/ASF/common/services/clock/sam4e/sysclk.o
LOAD src/ASF/sam/drivers/pio/pio.o
LOAD src/ASF/sam/drivers/pmc/pmc.o
LOAD src/ASF/sam/drivers/uart/uart.o
LOAD src/ASF/sam/drivers/pmc/sleep.o
LOAD src/ASF/common/boards/user_board/init.o
LOAD src/ASF/common/utils/interrupt/interrupt_sam_nvic.o
LOAD src/ASF/sam/utils/cmsis/sam4e/source/templates/exceptions.o
LOAD src/ASF/sam/utils/cmsis/sam4e/source/templates/gcc/startup_sam4e.o
LOAD src/ASF/sam/utils/cmsis/sam4e/source/templates/system_sam4e.o
LOAD src/ASF/sam/utils/syscalls/gcc/syscalls.o
LOAD src/main.o
START GROUP
LOAD ../src/ASF/thirdparty/CMSIS/Lib/GCC\libarm_cortexM4lf_math_softfp.a
LOAD c:/program files (x86)/atmel/studio/7.0/toolchain/arm/arm-gnu-toolchain/bin/../lib/gcc/arm-none-eabi/6.3.1/../../../../arm-none-eabi/lib/thumb/v7e-m\libm.a
END GROUP
START GROUP
LOAD c:/program files (x86)/atmel/studio/7.0/toolchain/arm/arm-gnu-toolchain/bin/../lib/gcc/arm-none-eabi/6.3.1/thumb/v7e-m\libgcc.a
LOAD c:/program files (x86)/atmel/studio/7.0/toolchain/arm/arm-gnu-toolchain/bin/../lib/gcc/arm-none-eabi/6.3.1/../../../../arm-none-eabi/lib/thumb/v7e-m\libc.a
END GROUP
LOAD c:/program files (x86)/atmel/studio/7.0/toolchain/arm/arm-gnu-toolchain/bin/../lib/gcc/arm-none-eabi/6.3.1/thumb/v7e-m/crtend.o
LOAD c:/program files (x86)/atmel/studio/7.0/toolchain/arm/arm-gnu-toolchain/bin/../lib/gcc/arm-none-eabi/6.3.1/thumb/v7e-m/crtn.o
                0x00003000                __stack_size__ = DEFINED (__stack_size__)?__stack_size__:0x3000
                0x2001fffc                __ram_end__ = ((ORIGIN (ram) + LENGTH (ram)) - 0x4)

.text           0x00400000     0x579c
                0x00400000                . = ALIGN (0x4)
                0x00400000                _sfixed = .
 *(.vectors .vectors.*)
 .vectors       0x00400000       0xf8 src/ASF/sam/utils/cmsis/sam4e/source/templates/gcc/startup_sam4e.o
                0x00400000                exception_table
 *(.text .text.* .gnu.linkonce.t.*)
 .text          0x004000f8       0x6c c:/program files (x86)/atmel/studio/7.0/toolchain/arm/arm-gnu-toolchain/bin/../lib/gcc/arm-none-eabi/6.3.1/thumb/v7e-m/crtbegin.o
 .text.pio_handler_process
                0x00400164       0x68 src/ASF/sam/drivers/pio/pio_handler.o
                0x00400164                pio_handler_process
 .text.PIOA_Handler
                0x004001cc       0x14 src/ASF/sam/drivers/pio/pio_handler.o
                0x004001cc                PIOA_Handler
 .text.PIOB_Handler
                0x004001e0       0x14 src/ASF/sam/drivers/pio/pio_handler.o
                0x004001e0                PIOB_Handler
 .text.PIOC_Handler
                0x004001f4       0x14 src/ASF/sam/drivers/pio/pio_handler.o
                0x004001f4                PIOC_Handler
 .text.PIOD_Handler
                0x00400208       0x14 src/ASF/sam/drivers/pio/pio_handler.o
                0x00400208                PIOD_Handler
 .text.PIOE_Handler
                0x0040021c       0x14 src/ASF/sam/drivers/pio/pio_handler.o
                0x0040021c                PIOE_Handler
 .text.spi_set_peripheral_chip_select_value
                0x00400230       0x16 src/ASF/sam/drivers/spi/spi.o
                0x00400230                spi_set_peripheral_chip_select_value
 .text.spi_read
                0x00400246       0x30 src/ASF/sam/drivers/spi/spi.o
                0x00400246                spi_read
 .text.spi_write
                0x00400276       0x34 src/ASF/sam/drivers/spi/spi.o
                0x00400276                spi_write
 .text.spi_set_clock_polarity
                0x004002aa       0x1e src/ASF/sam/drivers/spi/spi.o
                0x004002aa                spi_set_clock_polarity
 .text.spi_set_clock_phase
                0x004002c8       0x1e src/ASF/sam/drivers/spi/spi.o
                0x004002c8                spi_set_clock_phase
 .text.spi_set_bits_per_transfer
                0x004002e6       0x14 src/ASF/sam/drivers/spi/spi.o
                0x004002e6                spi_set_bits_per_transfer
 .text.spi_set_baudrate_div
                0x004002fa       0x28 src/ASF/sam/drivers/spi/spi.o
                0x004002fa                spi_set_baudrate_div
 *fill*         0x00400322        0x2 
 .text.sysclk_init
                0x00400324       0x68 src/ASF/common/services/clock/sam4e/sysclk.o
                0x00400324                sysclk_init
 .text.pio_set  0x0040038c        0x4 src/ASF/sam/drivers/pio/pio.o
                0x0040038c                pio_set
 .text.pio_clear
                0x00400390        0x4 src/ASF/sam/drivers/pio/pio.o
                0x00400390                pio_clear
 .text.pio_set_peripheral
                0x00400394       0x92 src/ASF/sam/drivers/pio/pio.o
                0x00400394                pio_set_peripheral
 .text.pio_set_input
                0x00400426       0x32 src/ASF/sam/drivers/pio/pio.o
                0x00400426                pio_set_input
 .text.pio_set_output
                0x00400458       0x28 src/ASF/sam/drivers/pio/pio.o
                0x00400458                pio_set_output
 .text.pio_configure
                0x00400480       0x8c src/ASF/sam/drivers/pio/pio.o
                0x00400480                pio_configure
 .text.pio_get_interrupt_status
                0x0040050c        0x4 src/ASF/sam/drivers/pio/pio.o
                0x0040050c                pio_get_interrupt_status
 .text.pio_get_interrupt_mask
                0x00400510        0x4 src/ASF/sam/drivers/pio/pio.o
                0x00400510                pio_get_interrupt_mask
 .text.pmc_switch_mck_to_pllack
                0x00400514       0x64 src/ASF/sam/drivers/pmc/pmc.o
                0x00400514                pmc_switch_mck_to_pllack
 .text.pmc_switch_mainck_to_xtal
                0x00400578       0x54 src/ASF/sam/drivers/pmc/pmc.o
                0x00400578                pmc_switch_mainck_to_xtal
 .text.pmc_osc_is_ready_mainck
                0x004005cc       0x10 src/ASF/sam/drivers/pmc/pmc.o
                0x004005cc                pmc_osc_is_ready_mainck
 .text.pmc_disable_pllack
                0x004005dc       0x10 src/ASF/sam/drivers/pmc/pmc.o
                0x004005dc                pmc_disable_pllack
 .text.pmc_is_locked_pllack
                0x004005ec       0x10 src/ASF/sam/drivers/pmc/pmc.o
                0x004005ec                pmc_is_locked_pllack
 .text.pmc_enable_periph_clk
                0x004005fc       0x54 src/ASF/sam/drivers/pmc/pmc.o
                0x004005fc                pmc_enable_periph_clk
 .text.board_init
                0x00400650        0x2 src/ASF/common/boards/user_board/init.o
                0x00400650                board_init
 .text.Dummy_Handler
                0x00400652        0x2 src/ASF/sam/utils/cmsis/sam4e/source/templates/exceptions.o
                0x00400652                DACC_Handler
                0x00400652                DebugMon_Handler
                0x00400652                DMAC_Handler
                0x00400652                HardFault_Handler
                0x00400652                TC2_Handler
                0x00400652                SPI_Handler
                0x00400652                SysTick_Handler
                0x00400652                TWI1_Handler
                0x00400652                AFEC1_Handler
                0x00400652                PendSV_Handler
                0x00400652                NMI_Handler
                0x00400652                TC7_Handler
                0x00400652                SMC_Handler
                0x00400652                USART0_Handler
                0x00400652                RTT_Handler
                0x00400652                RTC_Handler
                0x00400652                UsageFault_Handler
                0x00400652                TC6_Handler
                0x00400652                WDT_Handler
                0x00400652                CAN0_Handler
                0x00400652                TC4_Handler
                0x00400652                TC1_Handler
                0x00400652                HSMCI_Handler
                0x00400652                UART1_Handler
                0x00400652                TC3_Handler
                0x00400652                ARM_Handler
                0x00400652                Dummy_Handler
                0x00400652                TWI0_Handler
                0x00400652                USART1_Handler
                0x00400652                AFEC0_Handler
                0x00400652                ACC_Handler
                0x00400652                PMC_Handler
                0x00400652                PWM_Handler
                0x00400652                GMAC_Handler
                0x00400652                CAN1_Handler
                0x00400652                MemManage_Handler
                0x00400652                SUPC_Handler
                0x00400652                SVC_Handler
                0x00400652                TC8_Handler
                0x00400652                EFC_Handler
                0x00400652                UART0_Handler
                0x00400652                UDP_Handler
                0x00400652                BusFault_Handler
                0x00400652                RSTC_Handler
                0x00400652                TC0_Handler
                0x00400652                TC5_Handler
                0x00400652                AES_Handler
 .text.Reset_Handler
                0x00400654       0xc8 src/ASF/sam/utils/cmsis/sam4e/source/templates/gcc/startup_sam4e.o
                0x00400654                Reset_Handler
 .text.SystemCoreClockUpdate
                0x0040071c      0x10c src/ASF/sam/utils/cmsis/sam4e/source/templates/system_sam4e.o
                0x0040071c                SystemCoreClockUpdate
 .text.system_init_flash
                0x00400828       0x74 src/ASF/sam/utils/cmsis/sam4e/source/templates/system_sam4e.o
                0x00400828                system_init_flash
 .text._sbrk    0x0040089c       0x38 src/ASF/sam/utils/syscalls/gcc/syscalls.o
                0x0040089c                _sbrk
 .text.Define_UART0
                0x004008d4       0x5c src/main.o
                0x004008d4                Define_UART0
 .text.UART_send_char
                0x00400930       0x14 src/main.o
                0x00400930                UART_send_char
 .text.UART_send_string
                0x00400944       0x1c src/main.o
                0x00400944                UART_send_string
 .text.UART_send_number
                0x00400960       0x60 src/main.o
                0x00400960                UART_send_number
 .text.UART_send_float
                0x004009c0       0x34 src/main.o
                0x004009c0                UART_send_float
 .text.Define_SPI
                0x004009f4       0xc8 src/main.o
                0x004009f4                Define_SPI
 .text.SPI_transfer
                0x00400abc       0x34 src/main.o
                0x00400abc                SPI_transfer
 .text.AS5050_read_angle
                0x00400af0       0x38 src/main.o
                0x00400af0                AS5050_read_angle
 .text.main     0x00400b28       0x98 src/main.o
                0x00400b28                main
 .text          0x00400bc0      0x370 c:/program files (x86)/atmel/studio/7.0/toolchain/arm/arm-gnu-toolchain/bin/../lib/gcc/arm-none-eabi/6.3.1/thumb/v7e-m\libgcc.a(_arm_addsubdf3.o)
                0x00400bc0                __aeabi_drsub
                0x00400bc8                __aeabi_dsub
                0x00400bc8                __subdf3
                0x00400bcc                __aeabi_dadd
                0x00400bcc                __adddf3
                0x00400e44                __floatunsidf
                0x00400e44                __aeabi_ui2d
                0x00400e64                __floatsidf
                0x00400e64                __aeabi_i2d
                0x00400e88                __aeabi_f2d
                0x00400e88                __extendsfdf2
                0x00400ec4                __floatundidf
                0x00400ec4                __aeabi_ul2d
                0x00400ed4                __floatdidf
                0x00400ed4                __aeabi_l2d
 .text.__libc_init_array
                0x00400f30       0x50 c:/program files (x86)/atmel/studio/7.0/toolchain/arm/arm-gnu-toolchain/bin/../lib/gcc/arm-none-eabi/6.3.1/../../../../arm-none-eabi/lib/thumb/v7e-m\libc.a(lib_a-init.o)
                0x00400f30                __libc_init_array
 .text.memset   0x00400f80       0x9c c:/program files (x86)/atmel/studio/7.0/toolchain/arm/arm-gnu-toolchain/bin/../lib/gcc/arm-none-eabi/6.3.1/../../../../arm-none-eabi/lib/thumb/v7e-m\libc.a(lib_a-memset.o)
                0x00400f80                memset
 .text.sprintf  0x0040101c       0x4c c:/program files (x86)/atmel/studio/7.0/toolchain/arm/arm-gnu-toolchain/bin/../lib/gcc/arm-none-eabi/6.3.1/../../../../arm-none-eabi/lib/thumb/v7e-m\libc.a(lib_a-sprintf.o)
                0x0040101c                sprintf
 .text._svfprintf_r
                0x00401068     0x145c c:/program files (x86)/atmel/studio/7.0/toolchain/arm/arm-gnu-toolchain/bin/../lib/gcc/arm-none-eabi/6.3.1/../../../../arm-none-eabi/lib/thumb/v7e-m\libc.a(lib_a-svfprintf.o)
                0x00401068                _svfprintf_r
 .text.startup.register_fini
                0x004024c4       0x14 c:/program files (x86)/atmel/studio/7.0/toolchain/arm/arm-gnu-toolchain/bin/../lib/gcc/arm-none-eabi/6.3.1/../../../../arm-none-eabi/lib/thumb/v7e-m\libc.a(lib_a-__call_atexit.o)
 .text.atexit   0x004024d8        0xc c:/program files (x86)/atmel/studio/7.0/toolchain/arm/arm-gnu-toolchain/bin/../lib/gcc/arm-none-eabi/6.3.1/../../../../arm-none-eabi/lib/thumb/v7e-m\libc.a(lib_a-atexit.o)
                0x004024d8                atexit
 .text.quorem   0x004024e4      0x128 c:/program files (x86)/atmel/studio/7.0/toolchain/arm/arm-gnu-toolchain/bin/../lib/gcc/arm-none-eabi/6.3.1/../../../../arm-none-eabi/lib/thumb/v7e-m\libc.a(lib_a-dtoa.o)
 *fill*         0x0040260c        0x4 
 .text._dtoa_r  0x00402610      0xe54 c:/program files (x86)/atmel/studio/7.0/toolchain/arm/arm-gnu-toolchain/bin/../lib/gcc/arm-none-eabi/6.3.1/../../../../arm-none-eabi/lib/thumb/v7e-m\libc.a(lib_a-dtoa.o)
                0x00402610                _dtoa_r
 .text.__libc_fini_array
                0x00403464       0x34 c:/program files (x86)/atmel/studio/7.0/toolchain/arm/arm-gnu-toolchain/bin/../lib/gcc/arm-none-eabi/6.3.1/../../../../arm-none-eabi/lib/thumb/v7e-m\libc.a(lib_a-fini.o)
                0x00403464                __libc_fini_array
 .text._localeconv_r
                0x00403498       0x1c c:/program files (x86)/atmel/studio/7.0/toolchain/arm/arm-gnu-toolchain/bin/../lib/gcc/arm-none-eabi/6.3.1/../../../../arm-none-eabi/lib/thumb/v7e-m\libc.a(lib_a-localeconv.o)
                0x00403498                _localeconv_r
 .text.__retarget_lock_acquire_recursive
                0x004034b4        0x4 c:/program files (x86)/atmel/studio/7.0/toolchain/arm/arm-gnu-toolchain/bin/../lib/gcc/arm-none-eabi/6.3.1/../../../../arm-none-eabi/lib/thumb/v7e-m\libc.a(lib_a-lock.o)
                0x004034b4                __retarget_lock_acquire_recursive
 .text.__retarget_lock_release_recursive
                0x004034b8        0x4 c:/program files (x86)/atmel/studio/7.0/toolchain/arm/arm-gnu-toolchain/bin/../lib/gcc/arm-none-eabi/6.3.1/../../../../arm-none-eabi/lib/thumb/v7e-m\libc.a(lib_a-lock.o)
                0x004034b8                __retarget_lock_release_recursive
 .text._malloc_r
                0x004034bc      0x560 c:/program files (x86)/atmel/studio/7.0/toolchain/arm/arm-gnu-toolchain/bin/../lib/gcc/arm-none-eabi/6.3.1/../../../../arm-none-eabi/lib/thumb/v7e-m\libc.a(lib_a-mallocr.o)
                0x004034bc                _malloc_r
 *fill*         0x00403a1c        0x4 
 .text          0x00403a20       0xa0 c:/program files (x86)/atmel/studio/7.0/toolchain/arm/arm-gnu-toolchain/bin/../lib/gcc/arm-none-eabi/6.3.1/../../../../arm-none-eabi/lib/thumb/v7e-m\libc.a(lib_a-memchr.o)
                0x00403a20                memchr
 .text          0x00403ac0      0x134 c:/program files (x86)/atmel/studio/7.0/toolchain/arm/arm-gnu-toolchain/bin/../lib/gcc/arm-none-eabi/6.3.1/../../../../arm-none-eabi/lib/thumb/v7e-m\libc.a(lib_a-memcpy.o)
                0x00403ac0                memcpy
 .text.__malloc_lock
                0x00403bf4        0xc c:/program files (x86)/atmel/studio/7.0/toolchain/arm/arm-gnu-toolchain/bin/../lib/gcc/arm-none-eabi/6.3.1/../../../../arm-none-eabi/lib/thumb/v7e-m\libc.a(lib_a-mlock.o)
                0x00403bf4                __malloc_lock
 .text.__malloc_unlock
                0x00403c00        0xc c:/program files (x86)/atmel/studio/7.0/toolchain/arm/arm-gnu-toolchain/bin/../lib/gcc/arm-none-eabi/6.3.1/../../../../arm-none-eabi/lib/thumb/v7e-m\libc.a(lib_a-mlock.o)
                0x00403c00                __malloc_unlock
 .text._Balloc  0x00403c0c       0x4c c:/program files (x86)/atmel/studio/7.0/toolchain/arm/arm-gnu-toolchain/bin/../lib/gcc/arm-none-eabi/6.3.1/../../../../arm-none-eabi/lib/thumb/v7e-m\libc.a(lib_a-mprec.o)
                0x00403c0c                _Balloc
 .text._Bfree   0x00403c58       0x14 c:/program files (x86)/atmel/studio/7.0/toolchain/arm/arm-gnu-toolchain/bin/../lib/gcc/arm-none-eabi/6.3.1/../../../../arm-none-eabi/lib/thumb/v7e-m\libc.a(lib_a-mprec.o)
                0x00403c58                _Bfree
 .text.__multadd
                0x00403c6c       0x80 c:/program files (x86)/atmel/studio/7.0/toolchain/arm/arm-gnu-toolchain/bin/../lib/gcc/arm-none-eabi/6.3.1/../../../../arm-none-eabi/lib/thumb/v7e-m\libc.a(lib_a-mprec.o)
                0x00403c6c                __multadd
 .text.__hi0bits
                0x00403cec       0x40 c:/program files (x86)/atmel/studio/7.0/toolchain/arm/arm-gnu-toolchain/bin/../lib/gcc/arm-none-eabi/6.3.1/../../../../arm-none-eabi/lib/thumb/v7e-m\libc.a(lib_a-mprec.o)
                0x00403cec                __hi0bits
 .text.__lo0bits
                0x00403d2c       0x60 c:/program files (x86)/atmel/studio/7.0/toolchain/arm/arm-gnu-toolchain/bin/../lib/gcc/arm-none-eabi/6.3.1/../../../../arm-none-eabi/lib/thumb/v7e-m\libc.a(lib_a-mprec.o)
                0x00403d2c                __lo0bits
 .text.__i2b    0x00403d8c       0x14 c:/program files (x86)/atmel/studio/7.0/toolchain/arm/arm-gnu-toolchain/bin/../lib/gcc/arm-none-eabi/6.3.1/../../../../arm-none-eabi/lib/thumb/v7e-m\libc.a(lib_a-mprec.o)
                0x00403d8c                __i2b
 .text.__multiply
                0x00403da0      0x124 c:/program files (x86)/atmel/studio/7.0/toolchain/arm/arm-gnu-toolchain/bin/../lib/gcc/arm-none-eabi/6.3.1/../../../../arm-none-eabi/lib/thumb/v7e-m\libc.a(lib_a-mprec.o)
                0x00403da0                __multiply
 .text.__pow5mult
                0x00403ec4       0xa0 c:/program files (x86)/atmel/studio/7.0/toolchain/arm/arm-gnu-toolchain/bin/../lib/gcc/arm-none-eabi/6.3.1/../../../../arm-none-eabi/lib/thumb/v7e-m\libc.a(lib_a-mprec.o)
                0x00403ec4                __pow5mult
 .text.__lshift
                0x00403f64       0xa4 c:/program files (x86)/atmel/studio/7.0/toolchain/arm/arm-gnu-toolchain/bin/../lib/gcc/arm-none-eabi/6.3.1/../../../../arm-none-eabi/lib/thumb/v7e-m\libc.a(lib_a-mprec.o)
                0x00403f64                __lshift
 .text.__mcmp   0x00404008       0x38 c:/program files (x86)/atmel/studio/7.0/toolchain/arm/arm-gnu-toolchain/bin/../lib/gcc/arm-none-eabi/6.3.1/../../../../arm-none-eabi/lib/thumb/v7e-m\libc.a(lib_a-mprec.o)
                0x00404008                __mcmp
 .text.__mdiff  0x00404040      0x108 c:/program files (x86)/atmel/studio/7.0/toolchain/arm/arm-gnu-toolchain/bin/../lib/gcc/arm-none-eabi/6.3.1/../../../../arm-none-eabi/lib/thumb/v7e-m\libc.a(lib_a-mprec.o)
                0x00404040                __mdiff
 .text.__d2b    0x00404148       0xb8 c:/program files (x86)/atmel/studio/7.0/toolchain/arm/arm-gnu-toolchain/bin/../lib/gcc/arm-none-eabi/6.3.1/../../../../arm-none-eabi/lib/thumb/v7e-m\libc.a(lib_a-mprec.o)
                0x00404148                __d2b
 .text._sbrk_r  0x00404200       0x24 c:/program files (x86)/atmel/studio/7.0/toolchain/arm/arm-gnu-toolchain/bin/../lib/gcc/arm-none-eabi/6.3.1/../../../../arm-none-eabi/lib/thumb/v7e-m\libc.a(lib_a-sbrkr.o)
                0x00404200                _sbrk_r
 *fill*         0x00404224       0x1c 
 .text          0x00404240       0xdc c:/program files (x86)/atmel/studio/7.0/toolchain/arm/arm-gnu-toolchain/bin/../lib/gcc/arm-none-eabi/6.3.1/../../../../arm-none-eabi/lib/thumb/v7e-m\libc.a(lib_a-strlen.o)
                0x00404240                strlen
 .text.__ssprint_r
                0x0040431c       0xfc c:/program files (x86)/atmel/studio/7.0/toolchain/arm/arm-gnu-toolchain/bin/../lib/gcc/arm-none-eabi/6.3.1/../../../../arm-none-eabi/lib/thumb/v7e-m\libc.a(lib_a-svfiprintf.o)
                0x0040431c                __ssprint_r
 .text.__register_exitproc
                0x00404418       0xc4 c:/program files (x86)/atmel/studio/7.0/toolchain/arm/arm-gnu-toolchain/bin/../lib/gcc/arm-none-eabi/6.3.1/../../../../arm-none-eabi/lib/thumb/v7e-m\libc.a(lib_a-__atexit.o)
                0x00404418                __register_exitproc
 .text._calloc_r
                0x004044dc       0x60 c:/program files (x86)/atmel/studio/7.0/toolchain/arm/arm-gnu-toolchain/bin/../lib/gcc/arm-none-eabi/6.3.1/../../../../arm-none-eabi/lib/thumb/v7e-m\libc.a(lib_a-callocr.o)
                0x004044dc                _calloc_r
 .text._malloc_trim_r
                0x0040453c       0xa0 c:/program files (x86)/atmel/studio/7.0/toolchain/arm/arm-gnu-toolchain/bin/../lib/gcc/arm-none-eabi/6.3.1/../../../../arm-none-eabi/lib/thumb/v7e-m\libc.a(lib_a-freer.o)
                0x0040453c                _malloc_trim_r
 .text._free_r  0x004045dc      0x1cc c:/program files (x86)/atmel/studio/7.0/toolchain/arm/arm-gnu-toolchain/bin/../lib/gcc/arm-none-eabi/6.3.1/../../../../arm-none-eabi/lib/thumb/v7e-m\libc.a(lib_a-freer.o)
                0x004045dc                _free_r
 .text.__ascii_mbtowc
                0x004047a8       0x2c c:/program files (x86)/atmel/studio/7.0/toolchain/arm/arm-gnu-toolchain/bin/../lib/gcc/arm-none-eabi/6.3.1/../../../../arm-none-eabi/lib/thumb/v7e-m\libc.a(lib_a-mbtowc_r.o)
                0x004047a8                __ascii_mbtowc
 .text.memmove  0x004047d4       0xc8 c:/program files (x86)/atmel/studio/7.0/toolchain/arm/arm-gnu-toolchain/bin/../lib/gcc/arm-none-eabi/6.3.1/../../../../arm-none-eabi/lib/thumb/v7e-m\libc.a(lib_a-memmove.o)
                0x004047d4                memmove
 .text._realloc_r
                0x0040489c      0x34c c:/program files (x86)/atmel/studio/7.0/toolchain/arm/arm-gnu-toolchain/bin/../lib/gcc/arm-none-eabi/6.3.1/../../../../arm-none-eabi/lib/thumb/v7e-m\libc.a(lib_a-reallocr.o)
                0x0040489c                _realloc_r
 .text.__ascii_wctomb
                0x00404be8       0x1c c:/program files (x86)/atmel/studio/7.0/toolchain/arm/arm-gnu-toolchain/bin/../lib/gcc/arm-none-eabi/6.3.1/../../../../arm-none-eabi/lib/thumb/v7e-m\libc.a(lib_a-wctomb_r.o)
                0x00404be8                __ascii_wctomb
 .text          0x00404c04      0x424 c:/program files (x86)/atmel/studio/7.0/toolchain/arm/arm-gnu-toolchain/bin/../lib/gcc/arm-none-eabi/6.3.1/thumb/v7e-m\libgcc.a(_arm_muldivdf3.o)
                0x00404c04                __aeabi_dmul
                0x00404c04                __muldf3
                0x00404e58                __divdf3
                0x00404e58                __aeabi_ddiv
 .text          0x00405028      0x110 c:/program files (x86)/atmel/studio/7.0/toolchain/arm/arm-gnu-toolchain/bin/../lib/gcc/arm-none-eabi/6.3.1/thumb/v7e-m\libgcc.a(_arm_cmpdf2.o)
                0x00405028                __gtdf2
                0x00405028                __gedf2
                0x00405030                __ltdf2
                0x00405030                __ledf2
                0x00405038                __nedf2
                0x00405038                __eqdf2
                0x00405038                __cmpdf2
                0x004050b4                __aeabi_cdrcmple
                0x004050c4                __aeabi_cdcmpeq
                0x004050c4                __aeabi_cdcmple
                0x004050d4                __aeabi_dcmpeq
                0x004050e8                __aeabi_dcmplt
                0x004050fc                __aeabi_dcmple
                0x00405110                __aeabi_dcmpge
                0x00405124                __aeabi_dcmpgt
 .text          0x00405138       0x2c c:/program files (x86)/atmel/studio/7.0/toolchain/arm/arm-gnu-toolchain/bin/../lib/gcc/arm-none-eabi/6.3.1/thumb/v7e-m\libgcc.a(_arm_unorddf2.o)
                0x00405138                __unorddf2
                0x00405138                __aeabi_dcmpun
 .text          0x00405164       0x50 c:/program files (x86)/atmel/studio/7.0/toolchain/arm/arm-gnu-toolchain/bin/../lib/gcc/arm-none-eabi/6.3.1/thumb/v7e-m\libgcc.a(_arm_fixdfsi.o)
                0x00405164                __aeabi_d2iz
                0x00405164                __fixdfsi
 .text          0x004051b4       0x30 c:/program files (x86)/atmel/studio/7.0/toolchain/arm/arm-gnu-toolchain/bin/../lib/gcc/arm-none-eabi/6.3.1/thumb/v7e-m\libgcc.a(_aeabi_uldivmod.o)
                0x004051b4                __aeabi_uldivmod
 .text          0x004051e4      0x2dc c:/program files (x86)/atmel/studio/7.0/toolchain/arm/arm-gnu-toolchain/bin/../lib/gcc/arm-none-eabi/6.3.1/thumb/v7e-m\libgcc.a(_udivmoddi4.o)
                0x004051e4                __udivmoddi4
 .text          0x004054c0        0x4 c:/program files (x86)/atmel/studio/7.0/toolchain/arm/arm-gnu-toolchain/bin/../lib/gcc/arm-none-eabi/6.3.1/thumb/v7e-m\libgcc.a(_dvmd_tls.o)
                0x004054c0                __aeabi_idiv0
                0x004054c0                __aeabi_ldiv0
 *(.glue_7t)
 .glue_7t       0x004054c4        0x0 linker stubs
 *(.glue_7)
 .glue_7        0x004054c4        0x0 linker stubs
 *(.rodata .rodata* .gnu.linkonce.r.*)
 .rodata.UART_send_float.str1.4
                0x004054c4        0x5 src/main.o
 *fill*         0x004054c9        0x3 
 .rodata.main.str1.4
                0x004054cc       0x23 src/main.o
 *fill*         0x004054ef        0x1 
 .rodata._global_impure_ptr
                0x004054f0        0x4 c:/program files (x86)/atmel/studio/7.0/toolchain/arm/arm-gnu-toolchain/bin/../lib/gcc/arm-none-eabi/6.3.1/../../../../arm-none-eabi/lib/thumb/v7e-m\libc.a(lib_a-impure.o)
                0x004054f0                _global_impure_ptr
 .rodata._svfprintf_r.str1.4
                0x004054f4       0x42 c:/program files (x86)/atmel/studio/7.0/toolchain/arm/arm-gnu-toolchain/bin/../lib/gcc/arm-none-eabi/6.3.1/../../../../arm-none-eabi/lib/thumb/v7e-m\libc.a(lib_a-svfprintf.o)
 *fill*         0x00405536        0x2 
 .rodata.blanks.7223
                0x00405538       0x10 c:/program files (x86)/atmel/studio/7.0/toolchain/arm/arm-gnu-toolchain/bin/../lib/gcc/arm-none-eabi/6.3.1/../../../../arm-none-eabi/lib/thumb/v7e-m\libc.a(lib_a-svfprintf.o)
 .rodata.zeroes.7224
                0x00405548       0x10 c:/program files (x86)/atmel/studio/7.0/toolchain/arm/arm-gnu-toolchain/bin/../lib/gcc/arm-none-eabi/6.3.1/../../../../arm-none-eabi/lib/thumb/v7e-m\libc.a(lib_a-svfprintf.o)
 .rodata._dtoa_r.str1.4
                0x00405558       0x10 c:/program files (x86)/atmel/studio/7.0/toolchain/arm/arm-gnu-toolchain/bin/../lib/gcc/arm-none-eabi/6.3.1/../../../../arm-none-eabi/lib/thumb/v7e-m\libc.a(lib_a-dtoa.o)
                                 0x12 (size before relaxing)
 .rodata.__mprec_bigtens
                0x00405568       0x28 c:/program files (x86)/atmel/studio/7.0/toolchain/arm/arm-gnu-toolchain/bin/../lib/gcc/arm-none-eabi/6.3.1/../../../../arm-none-eabi/lib/thumb/v7e-m\libc.a(lib_a-mprec.o)
                0x00405568                __mprec_bigtens
 .rodata.__mprec_tens
                0x00405590       0xc8 c:/program files (x86)/atmel/studio/7.0/toolchain/arm/arm-gnu-toolchain/bin/../lib/gcc/arm-none-eabi/6.3.1/../../../../arm-none-eabi/lib/thumb/v7e-m\libc.a(lib_a-mprec.o)
                0x00405590                __mprec_tens
 .rodata.p05.6055
                0x00405658        0xc c:/program files (x86)/atmel/studio/7.0/toolchain/arm/arm-gnu-toolchain/bin/../lib/gcc/arm-none-eabi/6.3.1/../../../../arm-none-eabi/lib/thumb/v7e-m\libc.a(lib_a-mprec.o)
 .rodata._setlocale_r.str1.4
                0x00405664        0xa c:/program files (x86)/atmel/studio/7.0/toolchain/arm/arm-gnu-toolchain/bin/../lib/gcc/arm-none-eabi/6.3.1/../../../../arm-none-eabi/lib/thumb/v7e-m\libc.a(lib_a-locale.o)
                                  0xd (size before relaxing)
 *fill*         0x0040566e        0x2 
 .rodata.str1.4
                0x00405670        0x4 c:/program files (x86)/atmel/studio/7.0/toolchain/arm/arm-gnu-toolchain/bin/../lib/gcc/arm-none-eabi/6.3.1/../../../../arm-none-eabi/lib/thumb/v7e-m\libc.a(lib_a-locale.o)
                                  0x2 (size before relaxing)
 .rodata._ctype_
                0x00405674      0x101 c:/program files (x86)/atmel/studio/7.0/toolchain/arm/arm-gnu-toolchain/bin/../lib/gcc/arm-none-eabi/6.3.1/../../../../arm-none-eabi/lib/thumb/v7e-m\libc.a(lib_a-ctype_.o)
                0x00405674                _ctype_
 *(.ARM.extab* .gnu.linkonce.armextab.*)
                0x00405778                . = ALIGN (0x4)
 *fill*         0x00405775        0x3 
 *(.init)
 .init          0x00405778        0x4 c:/program files (x86)/atmel/studio/7.0/toolchain/arm/arm-gnu-toolchain/bin/../lib/gcc/arm-none-eabi/6.3.1/thumb/v7e-m/crti.o
                0x00405778                _init
 .init          0x0040577c        0x8 c:/program files (x86)/atmel/studio/7.0/toolchain/arm/arm-gnu-toolchain/bin/../lib/gcc/arm-none-eabi/6.3.1/thumb/v7e-m/crtn.o
                0x00405784                . = ALIGN (0x4)
                0x00405784                __preinit_array_start = .
 *(.preinit_array)
                0x00405784                __preinit_array_end = .
                0x00405784                . = ALIGN (0x4)
                0x00405784                __init_array_start = .
 *(SORT(.init_array.*))
 .init_array.00000
                0x00405784        0x4 c:/program files (x86)/atmel/studio/7.0/toolchain/arm/arm-gnu-toolchain/bin/../lib/gcc/arm-none-eabi/6.3.1/../../../../arm-none-eabi/lib/thumb/v7e-m\libc.a(lib_a-__call_atexit.o)
 *(.init_array)
 .init_array    0x00405788        0x4 c:/program files (x86)/atmel/studio/7.0/toolchain/arm/arm-gnu-toolchain/bin/../lib/gcc/arm-none-eabi/6.3.1/thumb/v7e-m/crtbegin.o
                0x0040578c                __init_array_end = .
                0x0040578c                . = ALIGN (0x4)
 *crtbegin.o(.ctors)
 *(EXCLUDE_FILE(*crtend.o) .ctors)
 *(SORT(.ctors.*))
 *crtend.o(.ctors)
                0x0040578c                . = ALIGN (0x4)
 *(.fini)
 .fini          0x0040578c        0x4 c:/program files (x86)/atmel/studio/7.0/toolchain/arm/arm-gnu-toolchain/bin/../lib/gcc/arm-none-eabi/6.3.1/thumb/v7e-m/crti.o
                0x0040578c                _fini
 .fini          0x00405790        0x8 c:/program files (x86)/atmel/studio/7.0/toolchain/arm/arm-gnu-toolchain/bin/../lib/gcc/arm-none-eabi/6.3.1/thumb/v7e-m/crtn.o
                0x00405798                . = ALIGN (0x4)
                0x00405798                __fini_array_start = .
 *(.fini_array)
 .fini_array    0x00405798        0x4 c:/program files (x86)/atmel/studio/7.0/toolchain/arm/arm-gnu-toolchain/bin/../lib/gcc/arm-none-eabi/6.3.1/thumb/v7e-m/crtbegin.o
 *(SORT(.fini_array.*))
                0x0040579c                __fini_array_end = .
 *crtbegin.o(.dtors)
 *(EXCLUDE_FILE(*crtend.o) .dtors)
 *(SORT(.dtors.*))
 *crtend.o(.dtors)
                0x0040579c                . = ALIGN (0x4)
                0x0040579c                _efixed = .
                [!provide]                PROVIDE (__exidx_start, .)

.vfp11_veneer   0x0040579c        0x0
 .vfp11_veneer  0x0040579c        0x0 linker stubs

.v4_bx          0x0040579c        0x0
 .v4_bx         0x0040579c        0x0 linker stubs

.iplt           0x0040579c        0x0
 .iplt          0x0040579c        0x0 c:/program files (x86)/atmel/studio/7.0/toolchain/arm/arm-gnu-toolchain/bin/../lib/gcc/arm-none-eabi/6.3.1/thumb/v7e-m/crtbegin.o

.ARM.exidx      0x0040579c        0x8
 *(.ARM.exidx* .gnu.linkonce.armexidx.*)
 .ARM.exidx     0x0040579c        0x8 c:/program files (x86)/atmel/studio/7.0/toolchain/arm/arm-gnu-toolchain/bin/../lib/gcc/arm-none-eabi/6.3.1/thumb/v7e-m\libgcc.a(_udivmoddi4.o)
                [!provide]                PROVIDE (__exidx_end, .)

.eh_frame       0x004057a4        0x0
 .eh_frame      0x004057a4        0x0 c:/program files (x86)/atmel/studio/7.0/toolchain/arm/arm-gnu-toolchain/bin/../lib/gcc/arm-none-eabi/6.3.1/thumb/v7e-m/crtbegin.o

.rel.dyn        0x004057a4        0x0
 .rel.iplt      0x004057a4        0x0 c:/program files (x86)/atmel/studio/7.0/toolchain/arm/arm-gnu-toolchain/bin/../lib/gcc/arm-none-eabi/6.3.1/thumb/v7e-m/crtbegin.o

.jcr            0x004057a4        0x0
 .jcr           0x004057a4        0x0 c:/program files (x86)/atmel/studio/7.0/toolchain/arm/arm-gnu-toolchain/bin/../lib/gcc/arm-none-eabi/6.3.1/thumb/v7e-m/crtbegin.o

.igot.plt       0x004057a4        0x0
 .igot.plt      0x004057a4        0x0 c:/program files (x86)/atmel/studio/7.0/toolchain/arm/arm-gnu-toolchain/bin/../lib/gcc/arm-none-eabi/6.3.1/thumb/v7e-m/crtbegin.o
                0x004057a4                . = ALIGN (0x4)
                0x004057a4                _etext = .

.relocate       0x20000000      0x9c0 load address 0x004057a4
                0x20000000                . = ALIGN (0x4)
                0x20000000                _srelocate = .
 *(.ramfunc .ramfunc.*)
 .ramfunc       0x20000000        0xa src/ASF/common/services/delay/sam/cycle_counter.o
                0x20000000                portable_delay_cycles
 *(.data .data.*)
 .data.g_interrupt_enabled
                0x2000000a        0x1 src/ASF/common/utils/interrupt/interrupt_sam_nvic.o
                0x2000000a                g_interrupt_enabled
 *fill*         0x2000000b        0x1 
 .data.SystemCoreClock
                0x2000000c        0x4 src/ASF/sam/utils/cmsis/sam4e/source/templates/system_sam4e.o
                0x2000000c                SystemCoreClock
 .data._impure_ptr
                0x20000010        0x4 c:/program files (x86)/atmel/studio/7.0/toolchain/arm/arm-gnu-toolchain/bin/../lib/gcc/arm-none-eabi/6.3.1/../../../../arm-none-eabi/lib/thumb/v7e-m\libc.a(lib_a-impure.o)
                0x20000010                _impure_ptr
 *fill*         0x20000014        0x4 
 .data.impure_data
                0x20000018      0x428 c:/program files (x86)/atmel/studio/7.0/toolchain/arm/arm-gnu-toolchain/bin/../lib/gcc/arm-none-eabi/6.3.1/../../../../arm-none-eabi/lib/thumb/v7e-m\libc.a(lib_a-impure.o)
 .data.__atexit_recursive_mutex
                0x20000440        0x4 c:/program files (x86)/atmel/studio/7.0/toolchain/arm/arm-gnu-toolchain/bin/../lib/gcc/arm-none-eabi/6.3.1/../../../../arm-none-eabi/lib/thumb/v7e-m\libc.a(lib_a-__call_atexit.o)
                0x20000440                __atexit_recursive_mutex
 .data.__malloc_av_
                0x20000444      0x408 c:/program files (x86)/atmel/studio/7.0/toolchain/arm/arm-gnu-toolchain/bin/../lib/gcc/arm-none-eabi/6.3.1/../../../../arm-none-eabi/lib/thumb/v7e-m\libc.a(lib_a-mallocr.o)
                0x20000444                __malloc_av_
 .data.__malloc_sbrk_base
                0x2000084c        0x4 c:/program files (x86)/atmel/studio/7.0/toolchain/arm/arm-gnu-toolchain/bin/../lib/gcc/arm-none-eabi/6.3.1/../../../../arm-none-eabi/lib/thumb/v7e-m\libc.a(lib_a-mallocr.o)
                0x2000084c                __malloc_sbrk_base
 .data.__malloc_trim_threshold
                0x20000850        0x4 c:/program files (x86)/atmel/studio/7.0/toolchain/arm/arm-gnu-toolchain/bin/../lib/gcc/arm-none-eabi/6.3.1/../../../../arm-none-eabi/lib/thumb/v7e-m\libc.a(lib_a-mallocr.o)
                0x20000850                __malloc_trim_threshold
 .data.__global_locale
                0x20000854      0x16c c:/program files (x86)/atmel/studio/7.0/toolchain/arm/arm-gnu-toolchain/bin/../lib/gcc/arm-none-eabi/6.3.1/../../../../arm-none-eabi/lib/thumb/v7e-m\libc.a(lib_a-locale.o)
                0x20000854                __global_locale
                0x200009c0                . = ALIGN (0x4)
                0x200009c0                _erelocate = .

.bss            0x200009c0       0xf4 load address 0x00406164
                0x200009c0                . = ALIGN (0x4)
                0x200009c0                _sbss = .
                0x200009c0                _szero = .
 *(.bss .bss.*)
 .bss           0x200009c0       0x1c c:/program files (x86)/atmel/studio/7.0/toolchain/arm/arm-gnu-toolchain/bin/../lib/gcc/arm-none-eabi/6.3.1/thumb/v7e-m/crtbegin.o
 .bss.gs_interrupt_sources
                0x200009dc       0x70 src/ASF/sam/drivers/pio/pio_handler.o
 .bss.pio_capture_handler
                0x20000a4c        0x4 src/ASF/sam/drivers/pio/pio_handler.o
 .bss.heap.6420
                0x20000a50        0x4 src/ASF/sam/utils/syscalls/gcc/syscalls.o
 .bss.__malloc_current_mallinfo
                0x20000a54       0x28 c:/program files (x86)/atmel/studio/7.0/toolchain/arm/arm-gnu-toolchain/bin/../lib/gcc/arm-none-eabi/6.3.1/../../../../arm-none-eabi/lib/thumb/v7e-m\libc.a(lib_a-mallocr.o)
                0x20000a54                __malloc_current_mallinfo
 .bss.__malloc_max_sbrked_mem
                0x20000a7c        0x4 c:/program files (x86)/atmel/studio/7.0/toolchain/arm/arm-gnu-toolchain/bin/../lib/gcc/arm-none-eabi/6.3.1/../../../../arm-none-eabi/lib/thumb/v7e-m\libc.a(lib_a-mallocr.o)
                0x20000a7c                __malloc_max_sbrked_mem
 .bss.__malloc_max_total_mem
                0x20000a80        0x4 c:/program files (x86)/atmel/studio/7.0/toolchain/arm/arm-gnu-toolchain/bin/../lib/gcc/arm-none-eabi/6.3.1/../../../../arm-none-eabi/lib/thumb/v7e-m\libc.a(lib_a-mallocr.o)
                0x20000a80                __malloc_max_total_mem
 .bss.__malloc_top_pad
                0x20000a84        0x4 c:/program files (x86)/atmel/studio/7.0/toolchain/arm/arm-gnu-toolchain/bin/../lib/gcc/arm-none-eabi/6.3.1/../../../../arm-none-eabi/lib/thumb/v7e-m\libc.a(lib_a-mallocr.o)
                0x20000a84                __malloc_top_pad
 *(COMMON)
 COMMON         0x20000a88        0x4 src/ASF/sam/drivers/pio/pio.o
                0x20000a88                pio_capture_enable_flag
 COMMON         0x20000a8c       0x21 c:/program files (x86)/atmel/studio/7.0/toolchain/arm/arm-gnu-toolchain/bin/../lib/gcc/arm-none-eabi/6.3.1/../../../../arm-none-eabi/lib/thumb/v7e-m\libc.a(lib_a-lock.o)
                0x20000a8c                __lock___atexit_recursive_mutex
                0x20000a90                __lock___arc4random_mutex
                0x20000a94                __lock___env_recursive_mutex
                0x20000a98                __lock___sinit_recursive_mutex
                0x20000a9c                __lock___malloc_recursive_mutex
                0x20000aa0                __lock___at_quick_exit_mutex
                0x20000aa4                __lock___dd_hash_mutex
                0x20000aa8                __lock___tz_mutex
                0x20000aac                __lock___sfp_recursive_mutex
 *fill*         0x20000aad        0x3 
 COMMON         0x20000ab0        0x4 c:/program files (x86)/atmel/studio/7.0/toolchain/arm/arm-gnu-toolchain/bin/../lib/gcc/arm-none-eabi/6.3.1/../../../../arm-none-eabi/lib/thumb/v7e-m\libc.a(lib_a-reent.o)
                0x20000ab0                errno
                0x20000ab4                . = ALIGN (0x4)
                0x20000ab4                _ebss = .
                0x20000ab4                _ezero = .

.stack          0x20000ab4     0x3004 load address 0x00406258
                0x20000ab8                . = ALIGN (0x8)
 *fill*         0x20000ab4        0x4 
                0x20000ab8                _sstack = .
                0x20003ab8                . = (. + __stack_size__)
 *fill*         0x20000ab8     0x3000 
                0x20003ab8                . = ALIGN (0x8)
                0x20003ab8                _estack = .
                0x20003ab8                . = ALIGN (0x4)
                0x20003ab8                _end = .
OUTPUT(Vaja2_enkoder_ASF.elf elf32-littlearm)

.ARM.attributes
                0x00000000       0x2e
 .ARM.attributes
                0x00000000       0x1e c:/program files (x86)/atmel/studio/7.0/toolchain/arm/arm-gnu-toolchain/bin/../lib/gcc/arm-none-eabi/6.3.1/thumb/v7e-m/crti.o
 .ARM.attributes
                0x0000001e       0x2e c:/program files (x86)/atmel/studio/7.0/toolchain/arm/arm-gnu-toolchain/bin/../lib/gcc/arm-none-eabi/6.3.1/thumb/v7e-m/crtbegin.o
 .ARM.attributes
                0x0000004c       0x37 src/ASF/sam/drivers/pio/pio_handler.o
 .ARM.attributes
                0x00000083       0x37 src/ASF/sam/drivers/spi/spi.o
 .ARM.attributes
                0x000000ba       0x37 src/ASF/common/services/delay/sam/cycle_counter.o
 .ARM.attributes
                0x000000f1       0x37 src/ASF/common/services/clock/sam4e/sysclk.o
 .ARM.attributes
                0x00000128       0x37 src/ASF/sam/drivers/pio/pio.o
 .ARM.attributes
                0x0000015f       0x37 src/ASF/sam/drivers/pmc/pmc.o
 .ARM.attributes
                0x00000196       0x37 src/ASF/common/boards/user_board/init.o
 .ARM.attributes
                0x000001cd       0x37 src/ASF/common/utils/interrupt/interrupt_sam_nvic.o
 .ARM.attributes
                0x00000204       0x37 src/ASF/sam/utils/cmsis/sam4e/source/templates/exceptions.o
 .ARM.attributes
                0x0000023b       0x37 src/ASF/sam/utils/cmsis/sam4e/source/templates/gcc/startup_sam4e.o
 .ARM.attributes
                0x00000272       0x37 src/ASF/sam/utils/cmsis/sam4e/source/templates/system_sam4e.o
 .ARM.attributes
                0x000002a9       0x37 src/ASF/sam/utils/syscalls/gcc/syscalls.o
 .ARM.attributes
                0x000002e0       0x37 src/main.o
 .ARM.attributes
                0x00000317       0x1e c:/program files (x86)/atmel/studio/7.0/toolchain/arm/arm-gnu-toolchain/bin/../lib/gcc/arm-none-eabi/6.3.1/thumb/v7e-m\libgcc.a(_arm_addsubdf3.o)
 .ARM.attributes
                0x00000335       0x2e c:/program files (x86)/atmel/studio/7.0/toolchain/arm/arm-gnu-toolchain/bin/../lib/gcc/arm-none-eabi/6.3.1/../../../../arm-none-eabi/lib/thumb/v7e-m\libc.a(lib_a-impure.o)
 .ARM.attributes
                0x00000363       0x2e c:/program files (x86)/atmel/studio/7.0/toolchain/arm/arm-gnu-toolchain/bin/../lib/gcc/arm-none-eabi/6.3.1/../../../../arm-none-eabi/lib/thumb/v7e-m\libc.a(lib_a-init.o)
 .ARM.attributes
                0x00000391       0x2e c:/program files (x86)/atmel/studio/7.0/toolchain/arm/arm-gnu-toolchain/bin/../lib/gcc/arm-none-eabi/6.3.1/../../../../arm-none-eabi/lib/thumb/v7e-m\libc.a(lib_a-memset.o)
 .ARM.attributes
                0x000003bf       0x2e c:/program files (x86)/atmel/studio/7.0/toolchain/arm/arm-gnu-toolchain/bin/../lib/gcc/arm-none-eabi/6.3.1/../../../../arm-none-eabi/lib/thumb/v7e-m\libc.a(lib_a-sprintf.o)
 .ARM.attributes
                0x000003ed       0x2e c:/program files (x86)/atmel/studio/7.0/toolchain/arm/arm-gnu-toolchain/bin/../lib/gcc/arm-none-eabi/6.3.1/../../../../arm-none-eabi/lib/thumb/v7e-m\libc.a(lib_a-svfprintf.o)
 .ARM.attributes
                0x0000041b       0x2e c:/program files (x86)/atmel/studio/7.0/toolchain/arm/arm-gnu-toolchain/bin/../lib/gcc/arm-none-eabi/6.3.1/../../../../arm-none-eabi/lib/thumb/v7e-m\libc.a(lib_a-__call_atexit.o)
 .ARM.attributes
                0x00000449       0x2e c:/program files (x86)/atmel/studio/7.0/toolchain/arm/arm-gnu-toolchain/bin/../lib/gcc/arm-none-eabi/6.3.1/../../../../arm-none-eabi/lib/thumb/v7e-m\libc.a(lib_a-atexit.o)
 .ARM.attributes
                0x00000477       0x2e c:/program files (x86)/atmel/studio/7.0/toolchain/arm/arm-gnu-toolchain/bin/../lib/gcc/arm-none-eabi/6.3.1/../../../../arm-none-eabi/lib/thumb/v7e-m\libc.a(lib_a-dtoa.o)
 .ARM.attributes
                0x000004a5       0x2e c:/program files (x86)/atmel/studio/7.0/toolchain/arm/arm-gnu-toolchain/bin/../lib/gcc/arm-none-eabi/6.3.1/../../../../arm-none-eabi/lib/thumb/v7e-m\libc.a(lib_a-fini.o)
 .ARM.attributes
                0x000004d3       0x2e c:/program files (x86)/atmel/studio/7.0/toolchain/arm/arm-gnu-toolchain/bin/../lib/gcc/arm-none-eabi/6.3.1/../../../../arm-none-eabi/lib/thumb/v7e-m\libc.a(lib_a-localeconv.o)
 .ARM.attributes
                0x00000501       0x2e c:/program files (x86)/atmel/studio/7.0/toolchain/arm/arm-gnu-toolchain/bin/../lib/gcc/arm-none-eabi/6.3.1/../../../../arm-none-eabi/lib/thumb/v7e-m\libc.a(lib_a-lock.o)
 .ARM.attributes
                0x0000052f       0x2e c:/program files (x86)/atmel/studio/7.0/toolchain/arm/arm-gnu-toolchain/bin/../lib/gcc/arm-none-eabi/6.3.1/../../../../arm-none-eabi/lib/thumb/v7e-m\libc.a(lib_a-mallocr.o)
 .ARM.attributes
                0x0000055d       0x1c c:/program files (x86)/atmel/studio/7.0/toolchain/arm/arm-gnu-toolchain/bin/../lib/gcc/arm-none-eabi/6.3.1/../../../../arm-none-eabi/lib/thumb/v7e-m\libc.a(lib_a-memchr.o)
 .ARM.attributes
                0x00000579       0x1c c:/program files (x86)/atmel/studio/7.0/toolchain/arm/arm-gnu-toolchain/bin/../lib/gcc/arm-none-eabi/6.3.1/../../../../arm-none-eabi/lib/thumb/v7e-m\libc.a(lib_a-memcpy.o)
 .ARM.attributes
                0x00000595       0x2e c:/program files (x86)/atmel/studio/7.0/toolchain/arm/arm-gnu-toolchain/bin/../lib/gcc/arm-none-eabi/6.3.1/../../../../arm-none-eabi/lib/thumb/v7e-m\libc.a(lib_a-mlock.o)
 .ARM.attributes
                0x000005c3       0x2e c:/program files (x86)/atmel/studio/7.0/toolchain/arm/arm-gnu-toolchain/bin/../lib/gcc/arm-none-eabi/6.3.1/../../../../arm-none-eabi/lib/thumb/v7e-m\libc.a(lib_a-mprec.o)
 .ARM.attributes
                0x000005f1       0x2e c:/program files (x86)/atmel/studio/7.0/toolchain/arm/arm-gnu-toolchain/bin/../lib/gcc/arm-none-eabi/6.3.1/../../../../arm-none-eabi/lib/thumb/v7e-m\libc.a(lib_a-sbrkr.o)
 .ARM.attributes
                0x0000061f       0x1c c:/program files (x86)/atmel/studio/7.0/toolchain/arm/arm-gnu-toolchain/bin/../lib/gcc/arm-none-eabi/6.3.1/../../../../arm-none-eabi/lib/thumb/v7e-m\libc.a(lib_a-strlen.o)
 .ARM.attributes
                0x0000063b       0x2e c:/program files (x86)/atmel/studio/7.0/toolchain/arm/arm-gnu-toolchain/bin/../lib/gcc/arm-none-eabi/6.3.1/../../../../arm-none-eabi/lib/thumb/v7e-m\libc.a(lib_a-svfiprintf.o)
 .ARM.attributes
                0x00000669       0x2e c:/program files (x86)/atmel/studio/7.0/toolchain/arm/arm-gnu-toolchain/bin/../lib/gcc/arm-none-eabi/6.3.1/../../../../arm-none-eabi/lib/thumb/v7e-m\libc.a(lib_a-__atexit.o)
 .ARM.attributes
                0x00000697       0x2e c:/program files (x86)/atmel/studio/7.0/toolchain/arm/arm-gnu-toolchain/bin/../lib/gcc/arm-none-eabi/6.3.1/../../../../arm-none-eabi/lib/thumb/v7e-m\libc.a(lib_a-callocr.o)
 .ARM.attributes
                0x000006c5       0x2e c:/program files (x86)/atmel/studio/7.0/toolchain/arm/arm-gnu-toolchain/bin/../lib/gcc/arm-none-eabi/6.3.1/../../../../arm-none-eabi/lib/thumb/v7e-m\libc.a(lib_a-freer.o)
 .ARM.attributes
                0x000006f3       0x2e c:/program files (x86)/atmel/studio/7.0/toolchain/arm/arm-gnu-toolchain/bin/../lib/gcc/arm-none-eabi/6.3.1/../../../../arm-none-eabi/lib/thumb/v7e-m\libc.a(lib_a-locale.o)
 .ARM.attributes
                0x00000721       0x2e c:/program files (x86)/atmel/studio/7.0/toolchain/arm/arm-gnu-toolchain/bin/../lib/gcc/arm-none-eabi/6.3.1/../../../../arm-none-eabi/lib/thumb/v7e-m\libc.a(lib_a-mbtowc_r.o)
 .ARM.attributes
                0x0000074f       0x2e c:/program files (x86)/atmel/studio/7.0/toolchain/arm/arm-gnu-toolchain/bin/../lib/gcc/arm-none-eabi/6.3.1/../../../../arm-none-eabi/lib/thumb/v7e-m\libc.a(lib_a-memmove.o)
 .ARM.attributes
                0x0000077d       0x2e c:/program files (x86)/atmel/studio/7.0/toolchain/arm/arm-gnu-toolchain/bin/../lib/gcc/arm-none-eabi/6.3.1/../../../../arm-none-eabi/lib/thumb/v7e-m\libc.a(lib_a-reallocr.o)
 .ARM.attributes
                0x000007ab       0x2e c:/program files (x86)/atmel/studio/7.0/toolchain/arm/arm-gnu-toolchain/bin/../lib/gcc/arm-none-eabi/6.3.1/../../../../arm-none-eabi/lib/thumb/v7e-m\libc.a(lib_a-reent.o)
 .ARM.attributes
                0x000007d9       0x2e c:/program files (x86)/atmel/studio/7.0/toolchain/arm/arm-gnu-toolchain/bin/../lib/gcc/arm-none-eabi/6.3.1/../../../../arm-none-eabi/lib/thumb/v7e-m\libc.a(lib_a-wctomb_r.o)
 .ARM.attributes
                0x00000807       0x2e c:/program files (x86)/atmel/studio/7.0/toolchain/arm/arm-gnu-toolchain/bin/../lib/gcc/arm-none-eabi/6.3.1/../../../../arm-none-eabi/lib/thumb/v7e-m\libc.a(lib_a-ctype_.o)
 .ARM.attributes
                0x00000835       0x1e c:/program files (x86)/atmel/studio/7.0/toolchain/arm/arm-gnu-toolchain/bin/../lib/gcc/arm-none-eabi/6.3.1/thumb/v7e-m\libgcc.a(_arm_muldivdf3.o)
 .ARM.attributes
                0x00000853       0x1e c:/program files (x86)/atmel/studio/7.0/toolchain/arm/arm-gnu-toolchain/bin/../lib/gcc/arm-none-eabi/6.3.1/thumb/v7e-m\libgcc.a(_arm_cmpdf2.o)
 .ARM.attributes
                0x00000871       0x1e c:/program files (x86)/atmel/studio/7.0/toolchain/arm/arm-gnu-toolchain/bin/../lib/gcc/arm-none-eabi/6.3.1/thumb/v7e-m\libgcc.a(_arm_unorddf2.o)
 .ARM.attributes
                0x0000088f       0x1e c:/program files (x86)/atmel/studio/7.0/toolchain/arm/arm-gnu-toolchain/bin/../lib/gcc/arm-none-eabi/6.3.1/thumb/v7e-m\libgcc.a(_arm_fixdfsi.o)
 .ARM.attributes
                0x000008ad       0x1e c:/program files (x86)/atmel/studio/7.0/toolchain/arm/arm-gnu-toolchain/bin/../lib/gcc/arm-none-eabi/6.3.1/thumb/v7e-m\libgcc.a(_aeabi_uldivmod.o)
 .ARM.attributes
                0x000008cb       0x2e c:/program files (x86)/atmel/studio/7.0/toolchain/arm/arm-gnu-toolchain/bin/../lib/gcc/arm-none-eabi/6.3.1/thumb/v7e-m\libgcc.a(_udivmoddi4.o)
 .ARM.attributes
                0x000008f9       0x1e c:/program files (x86)/atmel/studio/7.0/toolchain/arm/arm-gnu-toolchain/bin/../lib/gcc/arm-none-eabi/6.3.1/thumb/v7e-m\libgcc.a(_dvmd_tls.o)
 .ARM.attributes
                0x00000917       0x1e c:/program files (x86)/atmel/studio/7.0/toolchain/arm/arm-gnu-toolchain/bin/../lib/gcc/arm-none-eabi/6.3.1/thumb/v7e-m/crtn.o

.comment        0x00000000       0x59
 .comment       0x00000000       0x59 src/ASF/sam/drivers/pio/pio_handler.o
                                 0x5a (size before relaxing)
 .comment       0x00000059       0x5a src/ASF/sam/drivers/spi/spi.o
 .comment       0x00000059       0x5a src/ASF/common/services/delay/sam/cycle_counter.o
 .comment       0x00000059       0x5a src/ASF/common/services/clock/sam4e/sysclk.o
 .comment       0x00000059       0x5a src/ASF/sam/drivers/pio/pio.o
 .comment       0x00000059       0x5a src/ASF/sam/drivers/pmc/pmc.o
 .comment       0x00000059       0x5a src/ASF/common/boards/user_board/init.o
 .comment       0x00000059       0x5a src/ASF/common/utils/interrupt/interrupt_sam_nvic.o
 .comment       0x00000059       0x5a src/ASF/sam/utils/cmsis/sam4e/source/templates/exceptions.o
 .comment       0x00000059       0x5a src/ASF/sam/utils/cmsis/sam4e/source/templates/gcc/startup_sam4e.o
 .comment       0x00000059       0x5a src/ASF/sam/utils/cmsis/sam4e/source/templates/system_sam4e.o
 .comment       0x00000059       0x5a src/ASF/sam/utils/syscalls/gcc/syscalls.o
 .comment       0x00000059       0x5a src/main.o

.debug_info     0x00000000     0xdcc8
 .debug_info    0x00000000     0x19ee src/ASF/sam/drivers/pio/pio_handler.o
 .debug_info    0x000019ee     0x11c9 src/ASF/sam/drivers/spi/spi.o
 .debug_info    0x00002bb7      0xa45 src/ASF/common/services/delay/sam/cycle_counter.o
 .debug_info    0x000035fc     0x12b0 src/ASF/common/services/clock/sam4e/sysclk.o
 .debug_info    0x000048ac     0x2255 src/ASF/sam/drivers/pio/pio.o
 .debug_info    0x00006b01     0x18b1 src/ASF/sam/drivers/pmc/pmc.o
 .debug_info    0x000083b2      0xa9e src/ASF/common/boards/user_board/init.o
 .debug_info    0x00008e50      0xaff src/ASF/common/utils/interrupt/interrupt_sam_nvic.o
 .debug_info    0x0000994f       0xdc src/ASF/sam/utils/cmsis/sam4e/source/templates/exceptions.o
 .debug_info    0x00009a2b     0x1240 src/ASF/sam/utils/cmsis/sam4e/source/templates/gcc/startup_sam4e.o
 .debug_info    0x0000ac6b      0x495 src/ASF/sam/utils/cmsis/sam4e/source/templates/system_sam4e.o
 .debug_info    0x0000b100      0xdb0 src/ASF/sam/utils/syscalls/gcc/syscalls.o
 .debug_info    0x0000beb0     0x1e18 src/main.o

.debug_abbrev   0x00000000     0x20fc
 .debug_abbrev  0x00000000      0x37f src/ASF/sam/drivers/pio/pio_handler.o
 .debug_abbrev  0x0000037f      0x398 src/ASF/sam/drivers/spi/spi.o
 .debug_abbrev  0x00000717      0x1b3 src/ASF/common/services/delay/sam/cycle_counter.o
 .debug_abbrev  0x000008ca      0x32c src/ASF/common/services/clock/sam4e/sysclk.o
 .debug_abbrev  0x00000bf6      0x3ff src/ASF/sam/drivers/pio/pio.o
 .debug_abbrev  0x00000ff5      0x315 src/ASF/sam/drivers/pmc/pmc.o
 .debug_abbrev  0x0000130a      0x1a9 src/ASF/common/boards/user_board/init.o
 .debug_abbrev  0x000014b3      0x221 src/ASF/common/utils/interrupt/interrupt_sam_nvic.o
 .debug_abbrev  0x000016d4       0x7d src/ASF/sam/utils/cmsis/sam4e/source/templates/exceptions.o
 .debug_abbrev  0x00001751      0x2bd src/ASF/sam/utils/cmsis/sam4e/source/templates/gcc/startup_sam4e.o
 .debug_abbrev  0x00001a0e      0x102 src/ASF/sam/utils/cmsis/sam4e/source/templates/system_sam4e.o
 .debug_abbrev  0x00001b10      0x264 src/ASF/sam/utils/syscalls/gcc/syscalls.o
 .debug_abbrev  0x00001d74      0x388 src/main.o

.debug_loc      0x00000000     0x296c
 .debug_loc     0x00000000      0x591 src/ASF/sam/drivers/pio/pio_handler.o
 .debug_loc     0x00000591      0x5ac src/ASF/sam/drivers/spi/spi.o
 .debug_loc     0x00000b3d      0x1c0 src/ASF/common/services/clock/sam4e/sysclk.o
 .debug_loc     0x00000cfd      0xdef src/ASF/sam/drivers/pio/pio.o
 .debug_loc     0x00001aec      0x9c6 src/ASF/sam/drivers/pmc/pmc.o
 .debug_loc     0x000024b2       0x77 src/ASF/sam/utils/cmsis/sam4e/source/templates/gcc/startup_sam4e.o
 .debug_loc     0x00002529       0xfd src/ASF/sam/utils/syscalls/gcc/syscalls.o
 .debug_loc     0x00002626      0x346 src/main.o

.debug_aranges  0x00000000      0x650
 .debug_aranges
                0x00000000       0x68 src/ASF/sam/drivers/pio/pio_handler.o
 .debug_aranges
                0x00000068       0x90 src/ASF/sam/drivers/spi/spi.o
 .debug_aranges
                0x000000f8       0x20 src/ASF/common/services/delay/sam/cycle_counter.o
 .debug_aranges
                0x00000118       0x40 src/ASF/common/services/clock/sam4e/sysclk.o
 .debug_aranges
                0x00000158      0x1a8 src/ASF/sam/drivers/pio/pio.o
 .debug_aranges
                0x00000300      0x1d8 src/ASF/sam/drivers/pmc/pmc.o
 .debug_aranges
                0x000004d8       0x20 src/ASF/common/boards/user_board/init.o
 .debug_aranges
                0x000004f8       0x28 src/ASF/common/utils/interrupt/interrupt_sam_nvic.o
 .debug_aranges
                0x00000520       0x20 src/ASF/sam/utils/cmsis/sam4e/source/templates/exceptions.o
 .debug_aranges
                0x00000540       0x20 src/ASF/sam/utils/cmsis/sam4e/source/templates/gcc/startup_sam4e.o
 .debug_aranges
                0x00000560       0x30 src/ASF/sam/utils/cmsis/sam4e/source/templates/system_sam4e.o
 .debug_aranges
                0x00000590       0x60 src/ASF/sam/utils/syscalls/gcc/syscalls.o
 .debug_aranges
                0x000005f0       0x60 src/main.o

.debug_ranges   0x00000000      0x5b0
 .debug_ranges  0x00000000       0x70 src/ASF/sam/drivers/pio/pio_handler.o
 .debug_ranges  0x00000070       0x80 src/ASF/sam/drivers/spi/spi.o
 .debug_ranges  0x000000f0       0x10 src/ASF/common/services/delay/sam/cycle_counter.o
 .debug_ranges  0x00000100       0x30 src/ASF/common/services/clock/sam4e/sysclk.o
 .debug_ranges  0x00000130      0x1b0 src/ASF/sam/drivers/pio/pio.o
 .debug_ranges  0x000002e0      0x1c8 src/ASF/sam/drivers/pmc/pmc.o
 .debug_ranges  0x000004a8       0x10 src/ASF/common/boards/user_board/init.o
 .debug_ranges  0x000004b8       0x18 src/ASF/common/utils/interrupt/interrupt_sam_nvic.o
 .debug_ranges  0x000004d0       0x10 src/ASF/sam/utils/cmsis/sam4e/source/templates/exceptions.o
 .debug_ranges  0x000004e0       0x10 src/ASF/sam/utils/cmsis/sam4e/source/templates/gcc/startup_sam4e.o
 .debug_ranges  0x000004f0       0x20 src/ASF/sam/utils/cmsis/sam4e/source/templates/system_sam4e.o
 .debug_ranges  0x00000510       0x50 src/ASF/sam/utils/syscalls/gcc/syscalls.o
 .debug_ranges  0x00000560       0x50 src/main.o

.debug_macro    0x00000000     0x5497
 .debug_macro   0x00000000      0x5bc src/ASF/sam/drivers/pio/pio_handler.o
 .debug_macro   0x000005bc       0x8e src/ASF/sam/drivers/pio/pio_handler.o
 .debug_macro   0x0000064a      0x629 src/ASF/sam/drivers/spi/spi.o
 .debug_macro   0x00000c73       0x10 src/ASF/sam/drivers/spi/spi.o
 .debug_macro   0x00000c83      0x5ac src/ASF/common/services/delay/sam/cycle_counter.o
 .debug_macro   0x0000122f       0x22 src/ASF/common/services/delay/sam/cycle_counter.o
 .debug_macro   0x00001251      0x61f src/ASF/common/services/clock/sam4e/sysclk.o
 .debug_macro   0x00001870      0x2d9 src/ASF/common/services/clock/sam4e/sysclk.o
 .debug_macro   0x00001b49      0x5b2 src/ASF/sam/drivers/pio/pio.o
 .debug_macro   0x000020fb      0x5b2 src/ASF/sam/drivers/pmc/pmc.o
 .debug_macro   0x000026ad       0x52 src/ASF/sam/drivers/pmc/pmc.o
 .debug_macro   0x000026ff      0x6e1 src/ASF/common/boards/user_board/init.o
 .debug_macro   0x00002de0       0x28 src/ASF/common/boards/user_board/init.o
 .debug_macro   0x00002e08       0x22 src/ASF/common/boards/user_board/init.o
 .debug_macro   0x00002e2a       0x94 src/ASF/common/boards/user_board/init.o
 .debug_macro   0x00002ebe       0x40 src/ASF/common/boards/user_board/init.o
 .debug_macro   0x00002efe       0x16 src/ASF/common/boards/user_board/init.o
 .debug_macro   0x00002f14       0x16 src/ASF/common/boards/user_board/init.o
 .debug_macro   0x00002f2a      0x59d src/ASF/common/utils/interrupt/interrupt_sam_nvic.o
 .debug_macro   0x000034c7      0x3a4 src/ASF/sam/utils/cmsis/sam4e/source/templates/exceptions.o
 .debug_macro   0x0000386b      0x5b6 src/ASF/sam/utils/cmsis/sam4e/source/templates/gcc/startup_sam4e.o
 .debug_macro   0x00003e21       0x10 src/ASF/sam/utils/cmsis/sam4e/source/templates/gcc/startup_sam4e.o
 .debug_macro   0x00003e31      0x3b2 src/ASF/sam/utils/cmsis/sam4e/source/templates/system_sam4e.o
 .debug_macro   0x000041e3      0x1d6 src/ASF/sam/utils/syscalls/gcc/syscalls.o
 .debug_macro   0x000043b9       0x52 src/ASF/sam/utils/syscalls/gcc/syscalls.o
 .debug_macro   0x0000440b       0x8d src/ASF/sam/utils/syscalls/gcc/syscalls.o
 .debug_macro   0x00004498       0x57 src/ASF/sam/utils/syscalls/gcc/syscalls.o
 .debug_macro   0x000044ef       0x97 src/ASF/sam/utils/syscalls/gcc/syscalls.o
 .debug_macro   0x00004586      0x353 src/ASF/sam/utils/syscalls/gcc/syscalls.o
 .debug_macro   0x000048d9       0xf6 src/ASF/sam/utils/syscalls/gcc/syscalls.o
 .debug_macro   0x000049cf       0x4c src/ASF/sam/utils/syscalls/gcc/syscalls.o
 .debug_macro   0x00004a1b       0x16 src/ASF/sam/utils/syscalls/gcc/syscalls.o
 .debug_macro   0x00004a31       0x10 src/ASF/sam/utils/syscalls/gcc/syscalls.o
 .debug_macro   0x00004a41       0x10 src/ASF/sam/utils/syscalls/gcc/syscalls.o
 .debug_macro   0x00004a51       0x35 src/ASF/sam/utils/syscalls/gcc/syscalls.o
 .debug_macro   0x00004a86      0x122 src/ASF/sam/utils/syscalls/gcc/syscalls.o
 .debug_macro   0x00004ba8      0x70e src/main.o
 .debug_macro   0x000052b6      0x1e1 src/main.o

.debug_line     0x00000000     0x8419
 .debug_line    0x00000000      0xa13 src/ASF/sam/drivers/pio/pio_handler.o
 .debug_line    0x00000a13      0xb6c src/ASF/sam/drivers/spi/spi.o
 .debug_line    0x0000157f      0x921 src/ASF/common/services/delay/sam/cycle_counter.o
 .debug_line    0x00001ea0      0xaa6 src/ASF/common/services/clock/sam4e/sysclk.o
 .debug_line    0x00002946      0xdca src/ASF/sam/drivers/pio/pio.o
 .debug_line    0x00003710      0xe29 src/ASF/sam/drivers/pmc/pmc.o
 .debug_line    0x00004539      0xc95 src/ASF/common/boards/user_board/init.o
 .debug_line    0x000051ce      0x930 src/ASF/common/utils/interrupt/interrupt_sam_nvic.o
 .debug_line    0x00005afe      0x697 src/ASF/sam/utils/cmsis/sam4e/source/templates/exceptions.o
 .debug_line    0x00006195      0x99e src/ASF/sam/utils/cmsis/sam4e/source/templates/gcc/startup_sam4e.o
 .debug_line    0x00006b33      0x71a src/ASF/sam/utils/cmsis/sam4e/source/templates/system_sam4e.o
 .debug_line    0x0000724d      0x40b src/ASF/sam/utils/syscalls/gcc/syscalls.o
 .debug_line    0x00007658      0xdc1 src/main.o

.debug_str      0x00000000    0x60808
 .debug_str     0x00000000    0x5c097 src/ASF/sam/drivers/pio/pio_handler.o
                              0x5c655 (size before relaxing)
 .debug_str     0x0005c097     0x1704 src/ASF/sam/drivers/spi/spi.o
                              0x5d1ab (size before relaxing)
 .debug_str     0x0005d79b      0x1a9 src/ASF/common/services/delay/sam/cycle_counter.o
                              0x5bbee (size before relaxing)
 .debug_str     0x0005d944      0x3dd src/ASF/common/services/clock/sam4e/sysclk.o
                              0x5d12e (size before relaxing)
 .debug_str     0x0005dd21      0x552 src/ASF/sam/drivers/pio/pio.o
                              0x5c6a4 (size before relaxing)
 .debug_str     0x0005e273      0x534 src/ASF/sam/drivers/pmc/pmc.o
                              0x5c452 (size before relaxing)
 .debug_str     0x0005e7a7      0x6ec src/ASF/common/boards/user_board/init.o
                              0x5d88b (size before relaxing)
 .debug_str     0x0005ee93       0x94 src/ASF/common/utils/interrupt/interrupt_sam_nvic.o
                              0x5baca (size before relaxing)
 .debug_str     0x0005ef27       0x4d src/ASF/sam/utils/cmsis/sam4e/source/templates/exceptions.o
                              0x4b240 (size before relaxing)
 .debug_str     0x0005ef74      0x510 src/ASF/sam/utils/cmsis/sam4e/source/templates/gcc/startup_sam4e.o
                              0x5c081 (size before relaxing)
 .debug_str     0x0005f484      0x17b src/ASF/sam/utils/cmsis/sam4e/source/templates/system_sam4e.o
                              0x4b50a (size before relaxing)
 .debug_str     0x0005f5ff      0x78c src/ASF/sam/utils/syscalls/gcc/syscalls.o
                               0x744e (size before relaxing)
 .debug_str     0x0005fd8b      0xa7d src/main.o
                              0x5ea3c (size before relaxing)

.debug_frame    0x00000000     0x18a8
 .debug_frame   0x00000000      0x124 src/ASF/sam/drivers/pio/pio_handler.o
 .debug_frame   0x00000124      0x140 src/ASF/sam/drivers/spi/spi.o
 .debug_frame   0x00000264       0x20 src/ASF/common/services/delay/sam/cycle_counter.o
 .debug_frame   0x00000284       0x88 src/ASF/common/services/clock/sam4e/sysclk.o
 .debug_frame   0x0000030c      0x384 src/ASF/sam/drivers/pio/pio.o
 .debug_frame   0x00000690      0x39c src/ASF/sam/drivers/pmc/pmc.o
 .debug_frame   0x00000a2c       0x20 src/ASF/common/boards/user_board/init.o
 .debug_frame   0x00000a4c       0x30 src/ASF/common/utils/interrupt/interrupt_sam_nvic.o
 .debug_frame   0x00000a7c       0x20 src/ASF/sam/utils/cmsis/sam4e/source/templates/exceptions.o
 .debug_frame   0x00000a9c       0x28 src/ASF/sam/utils/cmsis/sam4e/source/templates/gcc/startup_sam4e.o
 .debug_frame   0x00000ac4       0x40 src/ASF/sam/utils/cmsis/sam4e/source/templates/system_sam4e.o
 .debug_frame   0x00000b04       0xa0 src/ASF/sam/utils/syscalls/gcc/syscalls.o
 .debug_frame   0x00000ba4      0x118 src/main.o
 .debug_frame   0x00000cbc       0xac c:/program files (x86)/atmel/studio/7.0/toolchain/arm/arm-gnu-toolchain/bin/../lib/gcc/arm-none-eabi/6.3.1/thumb/v7e-m\libgcc.a(_arm_addsubdf3.o)
 .debug_frame   0x00000d68       0x2c c:/program files (x86)/atmel/studio/7.0/toolchain/arm/arm-gnu-toolchain/bin/../lib/gcc/arm-none-eabi/6.3.1/../../../../arm-none-eabi/lib/thumb/v7e-m\libc.a(lib_a-init.o)
 .debug_frame   0x00000d94       0x34 c:/program files (x86)/atmel/studio/7.0/toolchain/arm/arm-gnu-toolchain/bin/../lib/gcc/arm-none-eabi/6.3.1/../../../../arm-none-eabi/lib/thumb/v7e-m\libc.a(lib_a-memset.o)
 .debug_frame   0x00000dc8       0x84 c:/program files (x86)/atmel/studio/7.0/toolchain/arm/arm-gnu-toolchain/bin/../lib/gcc/arm-none-eabi/6.3.1/../../../../arm-none-eabi/lib/thumb/v7e-m\libc.a(lib_a-sprintf.o)
 .debug_frame   0x00000e4c       0x40 c:/program files (x86)/atmel/studio/7.0/toolchain/arm/arm-gnu-toolchain/bin/../lib/gcc/arm-none-eabi/6.3.1/../../../../arm-none-eabi/lib/thumb/v7e-m\libc.a(lib_a-svfprintf.o)
 .debug_frame   0x00000e8c       0x5c c:/program files (x86)/atmel/studio/7.0/toolchain/arm/arm-gnu-toolchain/bin/../lib/gcc/arm-none-eabi/6.3.1/../../../../arm-none-eabi/lib/thumb/v7e-m\libc.a(lib_a-__call_atexit.o)
 .debug_frame   0x00000ee8       0x20 c:/program files (x86)/atmel/studio/7.0/toolchain/arm/arm-gnu-toolchain/bin/../lib/gcc/arm-none-eabi/6.3.1/../../../../arm-none-eabi/lib/thumb/v7e-m\libc.a(lib_a-atexit.o)
 .debug_frame   0x00000f08       0x88 c:/program files (x86)/atmel/studio/7.0/toolchain/arm/arm-gnu-toolchain/bin/../lib/gcc/arm-none-eabi/6.3.1/../../../../arm-none-eabi/lib/thumb/v7e-m\libc.a(lib_a-dtoa.o)
 .debug_frame   0x00000f90       0x34 c:/program files (x86)/atmel/studio/7.0/toolchain/arm/arm-gnu-toolchain/bin/../lib/gcc/arm-none-eabi/6.3.1/../../../../arm-none-eabi/lib/thumb/v7e-m\libc.a(lib_a-fini.o)
 .debug_frame   0x00000fc4       0x40 c:/program files (x86)/atmel/studio/7.0/toolchain/arm/arm-gnu-toolchain/bin/../lib/gcc/arm-none-eabi/6.3.1/../../../../arm-none-eabi/lib/thumb/v7e-m\libc.a(lib_a-localeconv.o)
 .debug_frame   0x00001004       0xb0 c:/program files (x86)/atmel/studio/7.0/toolchain/arm/arm-gnu-toolchain/bin/../lib/gcc/arm-none-eabi/6.3.1/../../../../arm-none-eabi/lib/thumb/v7e-m\libc.a(lib_a-lock.o)
 .debug_frame   0x000010b4       0x58 c:/program files (x86)/atmel/studio/7.0/toolchain/arm/arm-gnu-toolchain/bin/../lib/gcc/arm-none-eabi/6.3.1/../../../../arm-none-eabi/lib/thumb/v7e-m\libc.a(lib_a-mallocr.o)
 .debug_frame   0x0000110c       0x30 c:/program files (x86)/atmel/studio/7.0/toolchain/arm/arm-gnu-toolchain/bin/../lib/gcc/arm-none-eabi/6.3.1/../../../../arm-none-eabi/lib/thumb/v7e-m\libc.a(lib_a-mlock.o)
 .debug_frame   0x0000113c      0x25c c:/program files (x86)/atmel/studio/7.0/toolchain/arm/arm-gnu-toolchain/bin/../lib/gcc/arm-none-eabi/6.3.1/../../../../arm-none-eabi/lib/thumb/v7e-m\libc.a(lib_a-mprec.o)
 .debug_frame   0x00001398       0x2c c:/program files (x86)/atmel/studio/7.0/toolchain/arm/arm-gnu-toolchain/bin/../lib/gcc/arm-none-eabi/6.3.1/../../../../arm-none-eabi/lib/thumb/v7e-m\libc.a(lib_a-sbrkr.o)
 .debug_frame   0x000013c4       0x78 c:/program files (x86)/atmel/studio/7.0/toolchain/arm/arm-gnu-toolchain/bin/../lib/gcc/arm-none-eabi/6.3.1/../../../../arm-none-eabi/lib/thumb/v7e-m\libc.a(lib_a-svfiprintf.o)
 .debug_frame   0x0000143c       0x34 c:/program files (x86)/atmel/studio/7.0/toolchain/arm/arm-gnu-toolchain/bin/../lib/gcc/arm-none-eabi/6.3.1/../../../../arm-none-eabi/lib/thumb/v7e-m\libc.a(lib_a-__atexit.o)
 .debug_frame   0x00001470       0x28 c:/program files (x86)/atmel/studio/7.0/toolchain/arm/arm-gnu-toolchain/bin/../lib/gcc/arm-none-eabi/6.3.1/../../../../arm-none-eabi/lib/thumb/v7e-m\libc.a(lib_a-callocr.o)
 .debug_frame   0x00001498       0x74 c:/program files (x86)/atmel/studio/7.0/toolchain/arm/arm-gnu-toolchain/bin/../lib/gcc/arm-none-eabi/6.3.1/../../../../arm-none-eabi/lib/thumb/v7e-m\libc.a(lib_a-freer.o)
 .debug_frame   0x0000150c       0x6c c:/program files (x86)/atmel/studio/7.0/toolchain/arm/arm-gnu-toolchain/bin/../lib/gcc/arm-none-eabi/6.3.1/../../../../arm-none-eabi/lib/thumb/v7e-m\libc.a(lib_a-locale.o)
 .debug_frame   0x00001578       0x4c c:/program files (x86)/atmel/studio/7.0/toolchain/arm/arm-gnu-toolchain/bin/../lib/gcc/arm-none-eabi/6.3.1/../../../../arm-none-eabi/lib/thumb/v7e-m\libc.a(lib_a-mbtowc_r.o)
 .debug_frame   0x000015c4       0x30 c:/program files (x86)/atmel/studio/7.0/toolchain/arm/arm-gnu-toolchain/bin/../lib/gcc/arm-none-eabi/6.3.1/../../../../arm-none-eabi/lib/thumb/v7e-m\libc.a(lib_a-memmove.o)
 .debug_frame   0x000015f4       0x68 c:/program files (x86)/atmel/studio/7.0/toolchain/arm/arm-gnu-toolchain/bin/../lib/gcc/arm-none-eabi/6.3.1/../../../../arm-none-eabi/lib/thumb/v7e-m\libc.a(lib_a-reallocr.o)
 .debug_frame   0x0000165c       0x58 c:/program files (x86)/atmel/studio/7.0/toolchain/arm/arm-gnu-toolchain/bin/../lib/gcc/arm-none-eabi/6.3.1/../../../../arm-none-eabi/lib/thumb/v7e-m\libc.a(lib_a-reent.o)
 .debug_frame   0x000016b4       0x3c c:/program files (x86)/atmel/studio/7.0/toolchain/arm/arm-gnu-toolchain/bin/../lib/gcc/arm-none-eabi/6.3.1/../../../../arm-none-eabi/lib/thumb/v7e-m\libc.a(lib_a-wctomb_r.o)
 .debug_frame   0x000016f0       0x50 c:/program files (x86)/atmel/studio/7.0/toolchain/arm/arm-gnu-toolchain/bin/../lib/gcc/arm-none-eabi/6.3.1/thumb/v7e-m\libgcc.a(_arm_muldivdf3.o)
 .debug_frame   0x00001740       0xc4 c:/program files (x86)/atmel/studio/7.0/toolchain/arm/arm-gnu-toolchain/bin/../lib/gcc/arm-none-eabi/6.3.1/thumb/v7e-m\libgcc.a(_arm_cmpdf2.o)
 .debug_frame   0x00001804       0x20 c:/program files (x86)/atmel/studio/7.0/toolchain/arm/arm-gnu-toolchain/bin/../lib/gcc/arm-none-eabi/6.3.1/thumb/v7e-m\libgcc.a(_arm_unorddf2.o)
 .debug_frame   0x00001824       0x24 c:/program files (x86)/atmel/studio/7.0/toolchain/arm/arm-gnu-toolchain/bin/../lib/gcc/arm-none-eabi/6.3.1/thumb/v7e-m\libgcc.a(_arm_fixdfsi.o)
 .debug_frame   0x00001848       0x2c c:/program files (x86)/atmel/studio/7.0/toolchain/arm/arm-gnu-toolchain/bin/../lib/gcc/arm-none-eabi/6.3.1/thumb/v7e-m\libgcc.a(_aeabi_uldivmod.o)
 .debug_frame   0x00001874       0x34 c:/program files (x86)/atmel/studio/7.0/toolchain/arm/arm-gnu-toolchain/bin/../lib/gcc/arm-none-eabi/6.3.1/thumb/v7e-m\libgcc.a(_udivmoddi4.o)

Cross Reference Table

Symbol                                            File
ACC_Handler                                       src/ASF/sam/utils/cmsis/sam4e/source/templates/exceptions.o
                                                  src/ASF/sam/utils/cmsis/sam4e/source/templates/gcc/startup_sam4e.o
AES_Handler                                       src/ASF/sam/utils/cmsis/sam4e/source/templates/exceptions.o
                                                  src/ASF/sam/utils/cmsis/sam4e/source/templates/gcc/startup_sam4e.o
AFEC0_Handler                                     src/ASF/sam/utils/cmsis/sam4e/source/templates/exceptions.o
                                                  src/ASF/sam/utils/cmsis/sam4e/source/templates/gcc/startup_sam4e.o
AFEC1_Handler                                     src/ASF/sam/utils/cmsis/sam4e/source/templates/exceptions.o
                                                  src/ASF/sam/utils/cmsis/sam4e/source/templates/gcc/startup_sam4e.o
ARM_Handler                                       src/ASF/sam/utils/cmsis/sam4e/source/templates/exceptions.o
                                                  src/ASF/sam/utils/cmsis/sam4e/source/templates/gcc/startup_sam4e.o
AS5050_read_angle                                 src/main.o
BusFault_Handler                                  src/ASF/sam/utils/cmsis/sam4e/source/templates/exceptions.o
                                                  src/ASF/sam/utils/cmsis/sam4e/source/templates/gcc/startup_sam4e.o
CAN0_Handler                                      src/ASF/sam/utils/cmsis/sam4e/source/templates/exceptions.o
                                                  src/ASF/sam/utils/cmsis/sam4e/source/templates/gcc/startup_sam4e.o
CAN1_Handler                                      src/ASF/sam/utils/cmsis/sam4e/source/templates/exceptions.o
                                                  src/ASF/sam/utils/cmsis/sam4e/source/templates/gcc/startup_sam4e.o
DACC_Handler                                      src/ASF/sam/utils/cmsis/sam4e/source/templates/exceptions.o
                                                  src/ASF/sam/utils/cmsis/sam4e/source/templates/gcc/startup_sam4e.o
DMAC_Handler                                      src/ASF/sam/utils/cmsis/sam4e/source/templates/exceptions.o
                                                  src/ASF/sam/utils/cmsis/sam4e/source/templates/gcc/startup_sam4e.o
DebugMon_Handler                                  src/ASF/sam/utils/cmsis/sam4e/source/templates/exceptions.o
                                                  src/ASF/sam/utils/cmsis/sam4e/source/templates/gcc/startup_sam4e.o
Define_SPI                                        src/main.o
Define_UART0                                      src/main.o
Dummy_Handler                                     src/ASF/sam/utils/cmsis/sam4e/source/templates/exceptions.o
                                                  src/ASF/sam/utils/cmsis/sam4e/source/templates/gcc/startup_sam4e.o
EFC_Handler                                       src/ASF/sam/utils/cmsis/sam4e/source/templates/exceptions.o
                                                  src/ASF/sam/utils/cmsis/sam4e/source/templates/gcc/startup_sam4e.o
GMAC_Handler                                      src/ASF/sam/utils/cmsis/sam4e/source/templates/exceptions.o
                                                  src/ASF/sam/utils/cmsis/sam4e/source/templates/gcc/startup_sam4e.o
HSMCI_Handler                                     src/ASF/sam/utils/cmsis/sam4e/source/templates/exceptions.o
                                                  src/ASF/sam/utils/cmsis/sam4e/source/templates/gcc/startup_sam4e.o
HardFault_Handler                                 src/ASF/sam/utils/cmsis/sam4e/source/templates/exceptions.o
                                                  src/ASF/sam/utils/cmsis/sam4e/source/templates/gcc/startup_sam4e.o
MemManage_Handler                                 src/ASF/sam/utils/cmsis/sam4e/source/templates/exceptions.o
                                                  src/ASF/sam/utils/cmsis/sam4e/source/templates/gcc/startup_sam4e.o
NMI_Handler                                       src/ASF/sam/utils/cmsis/sam4e/source/templates/exceptions.o
                                                  src/ASF/sam/utils/cmsis/sam4e/source/templates/gcc/startup_sam4e.o
PIOA_Handler                                      src/ASF/sam/drivers/pio/pio_handler.o
                                                  src/ASF/sam/utils/cmsis/sam4e/source/templates/gcc/startup_sam4e.o
PIOB_Handler                                      src/ASF/sam/drivers/pio/pio_handler.o
                                                  src/ASF/sam/utils/cmsis/sam4e/source/templates/gcc/startup_sam4e.o
PIOC_Handler                                      src/ASF/sam/drivers/pio/pio_handler.o
                                                  src/ASF/sam/utils/cmsis/sam4e/source/templates/gcc/startup_sam4e.o
PIOD_Handler                                      src/ASF/sam/drivers/pio/pio_handler.o
                                                  src/ASF/sam/utils/cmsis/sam4e/source/templates/gcc/startup_sam4e.o
PIOE_Handler                                      src/ASF/sam/drivers/pio/pio_handler.o
                                                  src/ASF/sam/utils/cmsis/sam4e/source/templates/gcc/startup_sam4e.o
PMC_Handler                                       src/ASF/sam/utils/cmsis/sam4e/source/templates/exceptions.o
                                                  src/ASF/sam/utils/cmsis/sam4e/source/templates/gcc/startup_sam4e.o
PWM_Handler                                       src/ASF/sam/utils/cmsis/sam4e/source/templates/exceptions.o
                                                  src/ASF/sam/utils/cmsis/sam4e/source/templates/gcc/startup_sam4e.o
PendSV_Handler                                    src/ASF/sam/utils/cmsis/sam4e/source/templates/exceptions.o
                                                  src/ASF/sam/utils/cmsis/sam4e/source/templates/gcc/startup_sam4e.o
RSTC_Handler                                      src/ASF/sam/utils/cmsis/sam4e/source/templates/exceptions.o
                                                  src/ASF/sam/utils/cmsis/sam4e/source/templates/gcc/startup_sam4e.o
RTC_Handler                                       src/ASF/sam/utils/cmsis/sam4e/source/templates/exceptions.o
                                                  src/ASF/sam/utils/cmsis/sam4e/source/templates/gcc/startup_sam4e.o
RTT_Handler                                       src/ASF/sam/utils/cmsis/sam4e/source/templates/exceptions.o
                                                  src/ASF/sam/utils/cmsis/sam4e/source/templates/gcc/startup_sam4e.o
Reset_Handler                                     src/ASF/sam/utils/cmsis/sam4e/source/templates/gcc/startup_sam4e.o
                                                  src/ASF/sam/utils/cmsis/sam4e/source/templates/exceptions.o
SMC_Handler                                       src/ASF/sam/utils/cmsis/sam4e/source/templates/exceptions.o
SPI_Handler                                       src/ASF/sam/utils/cmsis/sam4e/source/templates/exceptions.o
                                                  src/ASF/sam/utils/cmsis/sam4e/source/templates/gcc/startup_sam4e.o
SPI_transfer                                      src/main.o
SUPC_Handler                                      src/ASF/sam/utils/cmsis/sam4e/source/templates/exceptions.o
                                                  src/ASF/sam/utils/cmsis/sam4e/source/templates/gcc/startup_sam4e.o
SVC_Handler                                       src/ASF/sam/utils/cmsis/sam4e/source/templates/exceptions.o
                                                  src/ASF/sam/utils/cmsis/sam4e/source/templates/gcc/startup_sam4e.o
SysTick_Handler                                   src/ASF/sam/utils/cmsis/sam4e/source/templates/exceptions.o
                                                  src/ASF/sam/utils/cmsis/sam4e/source/templates/gcc/startup_sam4e.o
SystemCoreClock                                   src/ASF/sam/utils/cmsis/sam4e/source/templates/system_sam4e.o
                                                  src/main.o
SystemCoreClockUpdate                             src/ASF/sam/utils/cmsis/sam4e/source/templates/system_sam4e.o
                                                  src/ASF/common/services/clock/sam4e/sysclk.o
SystemInit                                        src/ASF/sam/utils/cmsis/sam4e/source/templates/system_sam4e.o
TC0_Handler                                       src/ASF/sam/utils/cmsis/sam4e/source/templates/exceptions.o
                                                  src/ASF/sam/utils/cmsis/sam4e/source/templates/gcc/startup_sam4e.o
TC1_Handler                                       src/ASF/sam/utils/cmsis/sam4e/source/templates/exceptions.o
                                                  src/ASF/sam/utils/cmsis/sam4e/source/templates/gcc/startup_sam4e.o
TC2_Handler                                       src/ASF/sam/utils/cmsis/sam4e/source/templates/exceptions.o
                                                  src/ASF/sam/utils/cmsis/sam4e/source/templates/gcc/startup_sam4e.o
TC3_Handler                                       src/ASF/sam/utils/cmsis/sam4e/source/templates/exceptions.o
                                                  src/ASF/sam/utils/cmsis/sam4e/source/templates/gcc/startup_sam4e.o
TC4_Handler                                       src/ASF/sam/utils/cmsis/sam4e/source/templates/exceptions.o
                                                  src/ASF/sam/utils/cmsis/sam4e/source/templates/gcc/startup_sam4e.o
TC5_Handler                                       src/ASF/sam/utils/cmsis/sam4e/source/templates/exceptions.o
                                                  src/ASF/sam/utils/cmsis/sam4e/source/templates/gcc/startup_sam4e.o
TC6_Handler                                       src/ASF/sam/utils/cmsis/sam4e/source/templates/exceptions.o
                                                  src/ASF/sam/utils/cmsis/sam4e/source/templates/gcc/startup_sam4e.o
TC7_Handler                                       src/ASF/sam/utils/cmsis/sam4e/source/templates/exceptions.o
                                                  src/ASF/sam/utils/cmsis/sam4e/source/templates/gcc/startup_sam4e.o
TC8_Handler                                       src/ASF/sam/utils/cmsis/sam4e/source/templates/exceptions.o
                                                  src/ASF/sam/utils/cmsis/sam4e/source/templates/gcc/startup_sam4e.o
TWI0_Handler                                      src/ASF/sam/utils/cmsis/sam4e/source/templates/exceptions.o
                                                  src/ASF/sam/utils/cmsis/sam4e/source/templates/gcc/startup_sam4e.o
TWI1_Handler                                      src/ASF/sam/utils/cmsis/sam4e/source/templates/exceptions.o
                                                  src/ASF/sam/utils/cmsis/sam4e/source/templates/gcc/startup_sam4e.o
UART0_Handler                                     src/ASF/sam/utils/cmsis/sam4e/source/templates/exceptions.o
                                                  src/ASF/sam/utils/cmsis/sam4e/source/templates/gcc/startup_sam4e.o
UART1_Handler                                     src/ASF/sam/utils/cmsis/sam4e/source/templates/exceptions.o
                                                  src/ASF/sam/utils/cmsis/sam4e/source/templates/gcc/startup_sam4e.o
UART_send_char                                    src/main.o
UART_send_float                                   src/main.o
UART_send_number                                  src/main.o
UART_send_string                                  src/main.o
UDP_Handler                                       src/ASF/sam/utils/cmsis/sam4e/source/templates/exceptions.o
                                                  src/ASF/sam/utils/cmsis/sam4e/source/templates/gcc/startup_sam4e.o
USART0_Handler                                    src/ASF/sam/utils/cmsis/sam4e/source/templates/exceptions.o
                                                  src/ASF/sam/utils/cmsis/sam4e/source/templates/gcc/startup_sam4e.o
USART1_Handler                                    src/ASF/sam/utils/cmsis/sam4e/source/templates/exceptions.o
                                                  src/ASF/sam/utils/cmsis/sam4e/source/templates/gcc/startup_sam4e.o
UsageFault_Handler                                src/ASF/sam/utils/cmsis/sam4e/source/templates/exceptions.o
                                                  src/ASF/sam/utils/cmsis/sam4e/source/templates/gcc/startup_sam4e.o
WDT_Handler                                       src/ASF/sam/utils/cmsis/sam4e/source/templates/exceptions.o
                                                  src/ASF/sam/utils/cmsis/sam4e/source/templates/gcc/startup_sam4e.o
_Balloc                                           c:/program files (x86)/atmel/studio/7.0/toolchain/arm/arm-gnu-toolchain/bin/../lib/gcc/arm-none-eabi/6.3.1/../../../../arm-none-eabi/lib/thumb/v7e-m\libc.a(lib_a-mprec.o)
                                                  c:/program files (x86)/atmel/studio/7.0/toolchain/arm/arm-gnu-toolchain/bin/../lib/gcc/arm-none-eabi/6.3.1/../../../../arm-none-eabi/lib/thumb/v7e-m\libc.a(lib_a-dtoa.o)
_Bfree                                            c:/program files (x86)/atmel/studio/7.0/toolchain/arm/arm-gnu-toolchain/bin/../lib/gcc/arm-none-eabi/6.3.1/../../../../arm-none-eabi/lib/thumb/v7e-m\libc.a(lib_a-mprec.o)
                                                  c:/program files (x86)/atmel/studio/7.0/toolchain/arm/arm-gnu-toolchain/bin/../lib/gcc/arm-none-eabi/6.3.1/../../../../arm-none-eabi/lib/thumb/v7e-m\libc.a(lib_a-dtoa.o)
_Jv_RegisterClasses                               c:/program files (x86)/atmel/studio/7.0/toolchain/arm/arm-gnu-toolchain/bin/../lib/gcc/arm-none-eabi/6.3.1/thumb/v7e-m/crtbegin.o
_PathLocale                                       c:/program files (x86)/atmel/studio/7.0/toolchain/arm/arm-gnu-toolchain/bin/../lib/gcc/arm-none-eabi/6.3.1/../../../../arm-none-eabi/lib/thumb/v7e-m\libc.a(lib_a-locale.o)
__adddf3                                          c:/program files (x86)/atmel/studio/7.0/toolchain/arm/arm-gnu-toolchain/bin/../lib/gcc/arm-none-eabi/6.3.1/thumb/v7e-m\libgcc.a(_arm_addsubdf3.o)
__aeabi_cdcmpeq                                   c:/program files (x86)/atmel/studio/7.0/toolchain/arm/arm-gnu-toolchain/bin/../lib/gcc/arm-none-eabi/6.3.1/thumb/v7e-m\libgcc.a(_arm_cmpdf2.o)
__aeabi_cdcmple                                   c:/program files (x86)/atmel/studio/7.0/toolchain/arm/arm-gnu-toolchain/bin/../lib/gcc/arm-none-eabi/6.3.1/thumb/v7e-m\libgcc.a(_arm_cmpdf2.o)
__aeabi_cdrcmple                                  c:/program files (x86)/atmel/studio/7.0/toolchain/arm/arm-gnu-toolchain/bin/../lib/gcc/arm-none-eabi/6.3.1/thumb/v7e-m\libgcc.a(_arm_cmpdf2.o)
__aeabi_d2iz                                      c:/program files (x86)/atmel/studio/7.0/toolchain/arm/arm-gnu-toolchain/bin/../lib/gcc/arm-none-eabi/6.3.1/thumb/v7e-m\libgcc.a(_arm_fixdfsi.o)
                                                  c:/program files (x86)/atmel/studio/7.0/toolchain/arm/arm-gnu-toolchain/bin/../lib/gcc/arm-none-eabi/6.3.1/../../../../arm-none-eabi/lib/thumb/v7e-m\libc.a(lib_a-dtoa.o)
__aeabi_dadd                                      c:/program files (x86)/atmel/studio/7.0/toolchain/arm/arm-gnu-toolchain/bin/../lib/gcc/arm-none-eabi/6.3.1/thumb/v7e-m\libgcc.a(_arm_addsubdf3.o)
                                                  c:/program files (x86)/atmel/studio/7.0/toolchain/arm/arm-gnu-toolchain/bin/../lib/gcc/arm-none-eabi/6.3.1/../../../../arm-none-eabi/lib/thumb/v7e-m\libc.a(lib_a-dtoa.o)
__aeabi_dcmpeq                                    c:/program files (x86)/atmel/studio/7.0/toolchain/arm/arm-gnu-toolchain/bin/../lib/gcc/arm-none-eabi/6.3.1/thumb/v7e-m\libgcc.a(_arm_cmpdf2.o)
                                                  c:/program files (x86)/atmel/studio/7.0/toolchain/arm/arm-gnu-toolchain/bin/../lib/gcc/arm-none-eabi/6.3.1/../../../../arm-none-eabi/lib/thumb/v7e-m\libc.a(lib_a-dtoa.o)
                                                  c:/program files (x86)/atmel/studio/7.0/toolchain/arm/arm-gnu-toolchain/bin/../lib/gcc/arm-none-eabi/6.3.1/../../../../arm-none-eabi/lib/thumb/v7e-m\libc.a(lib_a-svfprintf.o)
__aeabi_dcmpge                                    c:/program files (x86)/atmel/studio/7.0/toolchain/arm/arm-gnu-toolchain/bin/../lib/gcc/arm-none-eabi/6.3.1/thumb/v7e-m\libgcc.a(_arm_cmpdf2.o)
                                                  c:/program files (x86)/atmel/studio/7.0/toolchain/arm/arm-gnu-toolchain/bin/../lib/gcc/arm-none-eabi/6.3.1/../../../../arm-none-eabi/lib/thumb/v7e-m\libc.a(lib_a-dtoa.o)
__aeabi_dcmpgt                                    c:/program files (x86)/atmel/studio/7.0/toolchain/arm/arm-gnu-toolchain/bin/../lib/gcc/arm-none-eabi/6.3.1/thumb/v7e-m\libgcc.a(_arm_cmpdf2.o)
                                                  c:/program files (x86)/atmel/studio/7.0/toolchain/arm/arm-gnu-toolchain/bin/../lib/gcc/arm-none-eabi/6.3.1/../../../../arm-none-eabi/lib/thumb/v7e-m\libc.a(lib_a-dtoa.o)
__aeabi_dcmple                                    c:/program files (x86)/atmel/studio/7.0/toolchain/arm/arm-gnu-toolchain/bin/../lib/gcc/arm-none-eabi/6.3.1/thumb/v7e-m\libgcc.a(_arm_cmpdf2.o)
                                                  c:/program files (x86)/atmel/studio/7.0/toolchain/arm/arm-gnu-toolchain/bin/../lib/gcc/arm-none-eabi/6.3.1/../../../../arm-none-eabi/lib/thumb/v7e-m\libc.a(lib_a-svfprintf.o)
__aeabi_dcmplt                                    c:/program files (x86)/atmel/studio/7.0/toolchain/arm/arm-gnu-toolchain/bin/../lib/gcc/arm-none-eabi/6.3.1/thumb/v7e-m\libgcc.a(_arm_cmpdf2.o)
                                                  c:/program files (x86)/atmel/studio/7.0/toolchain/arm/arm-gnu-toolchain/bin/../lib/gcc/arm-none-eabi/6.3.1/../../../../arm-none-eabi/lib/thumb/v7e-m\libc.a(lib_a-dtoa.o)
                                                  c:/program files (x86)/atmel/studio/7.0/toolchain/arm/arm-gnu-toolchain/bin/../lib/gcc/arm-none-eabi/6.3.1/../../../../arm-none-eabi/lib/thumb/v7e-m\libc.a(lib_a-svfprintf.o)
__aeabi_dcmpun                                    c:/program files (x86)/atmel/studio/7.0/toolchain/arm/arm-gnu-toolchain/bin/../lib/gcc/arm-none-eabi/6.3.1/thumb/v7e-m\libgcc.a(_arm_unorddf2.o)
                                                  c:/program files (x86)/atmel/studio/7.0/toolchain/arm/arm-gnu-toolchain/bin/../lib/gcc/arm-none-eabi/6.3.1/../../../../arm-none-eabi/lib/thumb/v7e-m\libc.a(lib_a-svfprintf.o)
__aeabi_ddiv                                      c:/program files (x86)/atmel/studio/7.0/toolchain/arm/arm-gnu-toolchain/bin/../lib/gcc/arm-none-eabi/6.3.1/thumb/v7e-m\libgcc.a(_arm_muldivdf3.o)
                                                  c:/program files (x86)/atmel/studio/7.0/toolchain/arm/arm-gnu-toolchain/bin/../lib/gcc/arm-none-eabi/6.3.1/../../../../arm-none-eabi/lib/thumb/v7e-m\libc.a(lib_a-mprec.o)
                                                  c:/program files (x86)/atmel/studio/7.0/toolchain/arm/arm-gnu-toolchain/bin/../lib/gcc/arm-none-eabi/6.3.1/../../../../arm-none-eabi/lib/thumb/v7e-m\libc.a(lib_a-dtoa.o)
__aeabi_dmul                                      c:/program files (x86)/atmel/studio/7.0/toolchain/arm/arm-gnu-toolchain/bin/../lib/gcc/arm-none-eabi/6.3.1/thumb/v7e-m\libgcc.a(_arm_muldivdf3.o)
                                                  c:/program files (x86)/atmel/studio/7.0/toolchain/arm/arm-gnu-toolchain/bin/../lib/gcc/arm-none-eabi/6.3.1/../../../../arm-none-eabi/lib/thumb/v7e-m\libc.a(lib_a-mprec.o)
                                                  c:/program files (x86)/atmel/studio/7.0/toolchain/arm/arm-gnu-toolchain/bin/../lib/gcc/arm-none-eabi/6.3.1/../../../../arm-none-eabi/lib/thumb/v7e-m\libc.a(lib_a-dtoa.o)
__aeabi_drsub                                     c:/program files (x86)/atmel/studio/7.0/toolchain/arm/arm-gnu-toolchain/bin/../lib/gcc/arm-none-eabi/6.3.1/thumb/v7e-m\libgcc.a(_arm_addsubdf3.o)
__aeabi_dsub                                      c:/program files (x86)/atmel/studio/7.0/toolchain/arm/arm-gnu-toolchain/bin/../lib/gcc/arm-none-eabi/6.3.1/thumb/v7e-m\libgcc.a(_arm_addsubdf3.o)
                                                  c:/program files (x86)/atmel/studio/7.0/toolchain/arm/arm-gnu-toolchain/bin/../lib/gcc/arm-none-eabi/6.3.1/../../../../arm-none-eabi/lib/thumb/v7e-m\libc.a(lib_a-dtoa.o)
__aeabi_f2d                                       c:/program files (x86)/atmel/studio/7.0/toolchain/arm/arm-gnu-toolchain/bin/../lib/gcc/arm-none-eabi/6.3.1/thumb/v7e-m\libgcc.a(_arm_addsubdf3.o)
                                                  src/main.o
__aeabi_i2d                                       c:/program files (x86)/atmel/studio/7.0/toolchain/arm/arm-gnu-toolchain/bin/../lib/gcc/arm-none-eabi/6.3.1/thumb/v7e-m\libgcc.a(_arm_addsubdf3.o)
                                                  c:/program files (x86)/atmel/studio/7.0/toolchain/arm/arm-gnu-toolchain/bin/../lib/gcc/arm-none-eabi/6.3.1/../../../../arm-none-eabi/lib/thumb/v7e-m\libc.a(lib_a-dtoa.o)
__aeabi_idiv0                                     c:/program files (x86)/atmel/studio/7.0/toolchain/arm/arm-gnu-toolchain/bin/../lib/gcc/arm-none-eabi/6.3.1/thumb/v7e-m\libgcc.a(_dvmd_tls.o)
__aeabi_l2d                                       c:/program files (x86)/atmel/studio/7.0/toolchain/arm/arm-gnu-toolchain/bin/../lib/gcc/arm-none-eabi/6.3.1/thumb/v7e-m\libgcc.a(_arm_addsubdf3.o)
__aeabi_ldiv0                                     c:/program files (x86)/atmel/studio/7.0/toolchain/arm/arm-gnu-toolchain/bin/../lib/gcc/arm-none-eabi/6.3.1/thumb/v7e-m\libgcc.a(_dvmd_tls.o)
                                                  c:/program files (x86)/atmel/studio/7.0/toolchain/arm/arm-gnu-toolchain/bin/../lib/gcc/arm-none-eabi/6.3.1/thumb/v7e-m\libgcc.a(_aeabi_uldivmod.o)
__aeabi_ui2d                                      c:/program files (x86)/atmel/studio/7.0/toolchain/arm/arm-gnu-toolchain/bin/../lib/gcc/arm-none-eabi/6.3.1/thumb/v7e-m\libgcc.a(_arm_addsubdf3.o)